02-23 11:35:51.188  2660  2660 D Launcher: setHotWordDetection : call requestHotwordDetection true
02-23 11:35:51.188  2660  3451 D Qmage   : requestedInfo k32_SkColorType
02-23 11:35:51.188  2660  3451 D Qmage   : conversion_possible s
02-23 11:35:51.188  2660  3451 D Qmage   : Qmage colorType: 4
02-23 11:35:51.188  2660  3451 D Qmage   : Qmage width height: 72, 72
02-23 11:35:51.188  2660  3451 D Qmage   : Qmage bpp: 4
02-23 11:35:51.188  2660  3451 D Qmage   : storage.reset: 20736
02-23 11:35:51.188  2660  3451 D Qmage   : SampleConf.Crop : 1
02-23 11:35:51.188  2660  3451 D Qmage   : SampleConf.Scale : 0
02-23 11:35:51.188  2660  3451 D Qmage   : QuramQmageDecodeFrame.start
02-23 11:35:51.188  2660  2660 D Launcher.HomeController: onResume HomeContainer current alpha = 1.0
02-23 11:35:51.188  2660  2660 D AppsCustomAdapter: notifyupdate : com.android.launcher3.Launcher@32a117d
02-23 11:35:51.188  2660  2660 D AppsDragController: needDeferToBind : true , false
02-23 11:35:51.189  2660  2660 V InputMethodManager: Starting input: tba=android.view.inputmethod.EditorInfo@bf8ec3d nm : com.sec.android.app.launcher ic=null
02-23 11:35:51.189  2660  3451 D Qmage   : QuramQmageDecodeFrame.end
02-23 11:35:51.189  2660  2660 I InputMethodManager: startInputInner - mService.startInputOrWindowGainedFocus
02-23 11:35:51.190   733  2628 W InputMethodManagerService: Starting input on non-focused client com.android.internal.view.IInputMethodClient$Stub$Proxy@114600f (uid=10043 pid=2660)
02-23 11:35:51.191  2660  3451 D Qmage   : destroyReadStruct
02-23 11:35:51.192  2570  2570 I GsaVoiceInteractionSrv: Handling ACTION_START_HOTWORD
02-23 11:35:51.194  2570  3031 I GsaVoiceInteractionSrv: disregardVoiceMatch: false
02-23 11:35:51.194  2570  3031 I GsaVoiceInteractionSrv: Cannot start hotword, hotword has been explicitly disabled.
02-23 11:35:51.200  2660  2660 D InputMethodManager: HSIFW - flag : 0 Pid : 2660
02-23 11:35:51.200   733  1928 W InputMethodManagerService: hideSoftInput : Ignoring, uid 10043: com.android.internal.view.IInputMethodClient$Stub$Proxy@421d94
02-23 11:35:51.204  2660  3451 I ApplicationPackageManager: load= live icon for com.samsung.android.calendar, from overlay = false
02-23 11:35:51.205   733  6025 D ActivityManager: post active user change for 0 fullscreen true isHomeActivity() true
02-23 11:35:51.206   733   733 D KnoxKeyguardDelegate: clear Flag
02-23 11:35:51.206  2660  3451 I LiveIconFactory: onFutureDone: done: com.samsung.android.calendar,UserHandle{0}
02-23 11:35:51.206  2660  3451 D LiveIconManager: onResponseLiveIcon:
02-23 11:35:51.207  2660  2660 I Launcher: onWindowVisibilityChanged : true
02-23 11:35:51.213   286   286 I SurfaceFlinger: id=1099 createSurf (768x1024),1 flag=4, com.sec.android.app.launcher/com.sec.android.app.launcher.activities.LauncherActivity
02-23 11:35:51.219   733  1712 D InputDispatcher: Focus entered window: 2660
02-23 11:35:51.223  2660  2660 D ViewRootImpl@c29b6ce[LauncherActivity]: Relayout returned: oldFrame=[0,0][768,1024] newFrame=[0,0][768,1024] result=0x7 surface={isValid=true 2059528192} surfaceGenerationChanged=true
02-23 11:35:51.223  2660  2660 D ViewRootImpl@c29b6ce[LauncherActivity]: mHardwareRenderer.initialize() mSurface={isValid=true 2059528192} hwInitialized=true
02-23 11:35:51.230  2660  2660 D AppsAdapter: notifyupdate start : com.android.launcher3.Launcher@32a117d
02-23 11:35:51.230  2660  2660 D AppsCustomAdapter: no change items
02-23 11:35:51.230  2660  2660 D AppsAdapter: notifyupdate end : com.android.launcher3.Launcher@32a117d
02-23 11:35:51.230  2660  2660 D ViewRootImpl@c29b6ce[LauncherActivity]: MSG_WINDOW_FOCUS_CHANGED 1
02-23 11:35:51.231  2660  2660 D ViewRootImpl@c29b6ce[LauncherActivity]: mHardwareRenderer.initializeIfNeeded()#2 mSurface={isValid=true 2059528192}
02-23 11:35:51.239  2660  2660 V InputMethodManager: Starting input: tba=android.view.inputmethod.EditorInfo@3abad83 nm : com.sec.android.app.launcher ic=null
02-23 11:35:51.239  2660  2660 I InputMethodManager: startInputInner - mService.startInputOrWindowGainedFocus
02-23 11:35:51.239   733  6024 D InputMethodManagerService: windowGainedFocus : mCurrentFocusedUserId - 0 and mSecureKeypadEnabled-false
02-23 11:35:51.239   733  6024 V InputMethodManagerService: windowGainedFocus : reason=WINDOW_FOCUS_GAIN client=android.os.BinderProxy@b8cf121 inputContext=null missingMethods= attribute=android.view.inputmethod.EditorInfo@5a1e03d nm = com.sec.android.app.launcher controlFlags=#104 softInputMode=#30 windowFlags=#81910d00
02-23 11:35:51.239   733  6024 V InputMethodManagerService: Unspecified window will hide input
02-23 11:35:51.239   733  6024 V InputMethodManagerService: hideCurrentInputLocked : shouldHideSoftInput is false
02-23 11:35:51.240   733  6024 D InputMethodManagerService: isImeSwitcherDisabledPackage : false
02-23 11:35:51.240   733  6024 D InputMethodManagerService: setCurrentInputInfo - inputContext : null eidtorInfo : android.view.inputmethod.EditorInfo@5a1e03d missingMethods : 0
02-23 11:35:51.240   733  6024 D InputTransport: Input channel constructed: fd=411
02-23 11:35:51.240 16955 16955 D InputTransport: Input channel destroyed: fd=66
02-23 11:35:51.240   733  6024 D InputTransport: Input channel destroyed: fd=411
02-23 11:35:51.241  2274  2274 I SKBD    : SamsungKeypad [IMI] onStartInput - caller pid : 2660, caller uid : 10043
02-23 11:35:51.241  2660  2660 D InputTransport: Input channel constructed: fd=65
02-23 11:35:51.298 16955 16955 D ViewRootImpl@15b4fd[GalaxyFinderActivity]: mHardwareRenderer.destroy()#1
02-23 11:35:51.307 16955 16955 D ViewRootImpl@15b4fd[GalaxyFinderActivity]: Relayout returned: oldFrame=[0,0][768,1024] newFrame=[0,0][768,1024] result=0x5 surface={isValid=false 0} surfaceGenerationChanged=true
02-23 11:35:51.342   286   286 D SurfaceFlinger:   Display[0] configurations (* current):
02-23 11:35:51.342   286   286 D SurfaceFlinger:     * 0: 768x1024, xdpi=159.895004, ydpi=159.567993, refresh=16666667
02-23 11:35:51.342   286   286 D SurfaceFlinger:   numHwLayers=6, flags=00000000
02-23 11:35:51.342   286   286 D SurfaceFlinger:     type   |  handle  | hint | flag | tr | blnd |   format    |     source crop (l,t,r,b)      |          frame         | name
02-23 11:35:51.342   286   286 D SurfaceFlinger: -----------+----------+------+------+----+------+-------------+--------------------------------+------------------------+------
02-23 11:35:51.342   286   286 D SurfaceFlinger:        HWC | aecc4300 | 0002 | 0000 | 00 | 0100 | RGB_888     |    0.0,    0.0,  768.0, 1024.0 |    0,    0,  768, 1024 | com.android.systemui.ImageWallpaper
02-23 11:35:51.342   286   286 D SurfaceFlinger:        HWC | aecc5200 | 0002 | 0000 | 00 | 0105 | RGBA_8888   |    0.0,    0.0,  768.0, 1024.0 |    0,    0,  768, 1024 | com.sec.android.app.launcher/com.sec.android.app.launcher.activities.LauncherActivity
02-23 11:35:51.342   286   286 D SurfaceFlinger:       GLES | 00000000 | 0000 | 0001 | 00 | 0105 | ? ffffffff  |    0.0,    0.0,   -1.0,   -1.0 |    0,    0,  768, 1024 | DimLayerController/Stack=0
02-23 11:35:51.342   286   286 D SurfaceFlinger:       GLES | aecc4900 | 0000 | 0000 | 00 | 0105 | RGBA_8888   |    0.0,    0.0,  768.0, 1024.0 |    0,    0,
02-23 11:35:51.342   286   286 D SurfaceFlinger:  768, 1024 | com.samsung.android.app.galaxyfinder/com.samsung.android.app.galaxyfinder.GalaxyFinderActivity
02-23 11:35:51.342   286   286 D SurfaceFlinger:       GLES | aecc4180 | 0000 | 0000 | 00 | 0105 | RGBA_8888   |    0.0,    0.0,  768.0,   27.0 |    0,    0,  768,   27 | StatusBar
02-23 11:35:51.342   286   286 D SurfaceFlinger:  FB TARGET | b2822620 | 0000 | 0000 | 00 | 0105 | RGBA_8888   |    0.0,    0.0,  768.0, 1024.0 |    0,    0,  768, 1024 | HWC_FRAMEBUFFER_TARGET
02-23 11:35:51.393   286   286 D SurfaceFlinger:   Display[0] configurations (* current):
02-23 11:35:51.393   286   286 D SurfaceFlinger:     * 0: 768x1024, xdpi=159.895004, ydpi=159.567993, refresh=16666667
02-23 11:35:51.393   286   286 D SurfaceFlinger:   numHwLayers=5, flags=00000000
02-23 11:35:51.393   286   286 D SurfaceFlinger:     type   |  handle  | hint | flag | tr | blnd |   format    |     source crop (l,t,r,b)      |          frame         | name
02-23 11:35:51.393   286   286 D SurfaceFlinger: -----------+----------+------+------+----+------+-------------+--------------------------------+------------------------+------
02-23 11:35:51.393   286   286 D SurfaceFlinger:        HWC | aecc4300 | 0002 | 0000 | 00 | 0100 | RGB_888     |    0.0,    0.0,  768.0, 1024.0 |    0,    0,  768, 1024 | com.android.systemui.ImageWallpaper
02-23 11:35:51.393   286   286 D SurfaceFlinger:        HWC | aecc5200 | 0002 | 0000 | 00 | 0105 | RGBA_8888   |    0.0,    0.0,  768.0, 1024.0 |    0,    0,  768, 1024 | com.sec.android.app.launcher/com.sec.android.app.launcher.activities.LauncherActivity
02-23 11:35:51.393   286   286 D SurfaceFlinger:        HWC | aecc4900 | 0002 | 0000 | 00 | 0105 | RGBA_8888   |    0.0,    0.0,  768.0, 1024.0 |    0,    0,  768, 1024 | com.samsung.android.app.galaxyfinder/com.samsung.android.app.galaxyfinder.GalaxyFinderActivity
02-23 11:35:51.393   286   286 D SurfaceFlinger:        HWC | aecc4180 | 0002 | 0000 | 00
02-23 11:35:51.393   286   286 D SurfaceFlinger: | 0105 | RGBA_8888   |    0.0,    0.0,  768.0,   27.0 |    0,    0,  768,   27 | StatusBar
02-23 11:35:51.393   286   286 D SurfaceFlinger:  FB TARGET | b28226e0 | 0000 | 0000 | 00 | 0105 | RGBA_8888   |    0.0,    0.0,  768.0, 1024.0 |    0,    0,  768, 1024 | HWC_FRAMEBUFFER_TARGET
02-23 11:35:51.577   286   286 D SurfaceFlinger:   Display[0] configurations (* current):
02-23 11:35:51.577   286   286 D SurfaceFlinger:     * 0: 768x1024, xdpi=159.895004, ydpi=159.567993, refresh=16666667
02-23 11:35:51.577   286   286 D SurfaceFlinger:   numHwLayers=4, flags=00000000
02-23 11:35:51.577   286   286 D SurfaceFlinger:     type   |  handle  | hint | flag | tr | blnd |   format    |     source crop (l,t,r,b)      |          frame         | name
02-23 11:35:51.577   286   286 D SurfaceFlinger: -----------+----------+------+------+----+------+-------------+--------------------------------+------------------------+------
02-23 11:35:51.577   286   286 D SurfaceFlinger:        HWC | aecc4300 | 0002 | 0000 | 00 | 0100 | RGB_888     |    0.0,    0.0,  768.0, 1024.0 |    0,    0,  768, 1024 | com.android.systemui.ImageWallpaper
02-23 11:35:51.577   286   286 D SurfaceFlinger:        HWC | aecc5200 | 0002 | 0000 | 00 | 0105 | RGBA_8888   |    0.0,    0.0,  768.0, 1024.0 |    0,    0,  768, 1024 | com.sec.android.app.launcher/com.sec.android.app.launcher.activities.LauncherActivity
02-23 11:35:51.577   286   286 D SurfaceFlinger:        HWC | aecc4180 | 0002 | 0000 | 00 | 0105 | RGBA_8888   |    0.0,    0.0,  768.0,   27.0 |    0,    0,  768,   27 | StatusBar
02-23 11:35:51.577   286   286 D SurfaceFlinger:  FB TARGET | b28226e0 | 0000 | 0000 | 00 | 0105 | RGBA_8888   |    0.0,    0.0,  768.0, 1024.0 |    0,    0,  768, 1024 | HWC_
02-23 11:35:51.577   286   286 D SurfaceFlinger: FRAMEBUFFER_TARGET
02-23 11:35:51.600 16955 16955 D TextView: SYANI: Clipboard API is calling: clearFilter()
02-23 11:35:51.601 16955 16955 D TextView: SYANI: Clipboard API is calling: unregisterClipboardEventListener()
02-23 11:35:51.643 16955 16955 D ViewRootImpl@15b4fd[GalaxyFinderActivity]: mHardwareRenderer.destroy()#4
02-23 11:35:51.643 16955 16955 D ViewRootImpl@15b4fd[GalaxyFinderActivity]: dispatchDetachedFromWindow
02-23 11:35:51.644   286   535 I SurfaceFlinger: id=1098 Removed com.samsung.android.app.galaxyfinder/com.samsung.android.app.galaxyfinder.GalaxyFinderActivity (3/6)
02-23 11:35:51.645   286  2318 I SurfaceFlinger: id=1098 Removed com.samsung.android.app.galaxyfinder/com.samsung.android.app.galaxyfinder.GalaxyFinderActivity (-2/6)
02-23 11:35:51.649   733  2456 D InputTransport: Input channel destroyed: fd=501
02-23 11:35:51.650 16955 16955 D InputTransport: Input channel destroyed: fd=61
02-23 11:35:51.659   286   286 W SurfaceFlinger: couldn't log to binary event log: overflow.
02-23 11:35:51.772   733  2460 D InputDispatcher: Inject key (16888): action=0, eventTime=115077229000000
02-23 11:35:51.778   733  1450 I InputDispatcher: Delivering key to (2660): action: 0x0 (0)
02-23 11:35:51.784  2274  2274 D InputMethodService: onKeyDown B key
02-23 11:35:51.784  2274  2274 D InputMethodService: handleBack doIt  : false mShowInputRequested : false mWindowVisible : false
02-23 11:35:51.784  2274  2274 D InputMethodService: handleBack return false
02-23 11:35:51.784  2274  2274 D InputMethodService: onKeyDown handleback false
02-23 11:35:51.792  2660  3066 W OpenGLRenderer: Incorrectly called buildLayer on View: WorkspaceCellLayoutChildren, destroying layer...
02-23 11:35:51.792  2660  3066 W OpenGLRenderer: Incorrectly called buildLayer on View: WorkspaceCellLayoutChildren, destroying layer...
02-23 11:35:51.796  2660  2660 D ViewRootImpl@c29b6ce[LauncherActivity]: ViewPostImeInputStage processKey 0
02-23 11:35:51.797   733  2630 D InputDispatcher: Inject key (16888): action=1, eventTime=115077229000000
02-23 11:35:51.802   733  1450 I InputDispatcher: Delivering key to (2660): action: 0x1 (0)
02-23 11:35:51.802  2274  2274 D InputMethodService: onKeyUp B key
02-23 11:35:51.802  2274  2274 D InputMethodService: onKeyUp not B key
02-23 11:35:51.803  2660  2660 D ViewRootImpl@c29b6ce[LauncherActivity]: ViewPostImeInputStage processKey 1
02-23 11:35:51.890 23870 23890 E ContactsProvider_EventLog: Flush buffer to file cnt : 1 size : 0Kb duration : 2ms lastUpdatedAfter : 4020 ms mFlush_time_threasold : 2000 mCurrentSize : 201
02-23 11:35:52.805 16901 16923 W InteractionController: runAndwaitForEvents timed out waiting for events
02-23 11:35:52.806   733  6025 D InputDispatcher: Inject key (16888): action=0, eventTime=115078266000000
02-23 11:35:52.806   733  6025 D InputManager-JNI: !@interceptKeyBeforeQueueing(0), action=0, interactive=true
02-23 11:35:52.808   733  6025 D InputManager-JNI: !@handleInterceptActions(0), action=0, wmActions=1
02-23 11:35:52.820   733  1519 D InputDispatcher: Inject key (16888): action=1, eventTime=115078266000000
02-23 11:35:52.820   733  1519 D InputManager-JNI: !@interceptKeyBeforeQueueing(0), action=1, interactive=true
02-23 11:35:52.822   733  1519 D InputManager-JNI: !@handleInterceptActions(0), action=1, wmActions=1
02-23 11:35:52.835   733   733 D InputMethodManagerService: isImeSwitcherDisabledPackage : false
02-23 11:35:52.836  1636  1757 D vol.VolumeDialogControl: onReceive ACTION_CLOSE_SYSTEM_DIALOGS
02-23 11:35:52.837  1636  1897 D LocationControllerImpl: onReceive   android.intent.action.CLOSE_SYSTEM_DIALOGS
02-23 11:35:52.838  1636  1636 D vol.SecVolumeDialog: dismissH reason: 2
02-23 11:35:52.838  1636  1636 D vol.SecVolumeDialog: dismissH : false
02-23 11:35:52.839  1636  1636 D PopupUI : PopupUIReceiver.onReceive() action : android.intent.action.CLOSE_SYSTEM_DIALOGS
02-23 11:35:52.839  1636  1636 D PopupUI.PopupUINotifications: dismissAlertDialogs()
02-23 11:35:52.839  1636  1636 D ToggleSlider: onReceive : android.intent.action.CLOSE_SYSTEM_DIALOGS
02-23 11:35:52.839  1636  1636 D Tile.MobileDataTile: action:android.intent.action.CLOSE_SYSTEM_DIALOGS
02-23 11:35:52.839  1636  1636 I StatusBarWindowManager: isExpanded:true, false, false, false, false, false
02-23 11:35:52.839  1636  1636 I StatusBarWindowManager: applyHeight:27
02-23 11:35:52.840  1636  1636 I StatusBarWindowManager: isExpanded:true, false, false, false, false, false
02-23 11:35:52.840   733  1450 D PackageManager: resolving Home intent, isUnlockingOrUnlocked : true
02-23 11:35:52.855   733  1450 D PackageManager: resolving Home intent, isUnlockingOrUnlocked : true
02-23 11:35:52.859  2660  2660 V Launcher: Launcher.onPause()
02-23 11:35:52.859  2660  2660 D Launcher: setHotWordDetection : call requestHotwordDetection false
02-23 11:35:52.882  2660  2660 D Launcher: onNewIntent
02-23 11:35:52.882  2660  2660 D InputMethodManager: HSIFW - flag : 0 Pid : 2660
02-23 11:35:52.882   733  6024 V InputMethodManagerService: Client requesting input be hidden, flags : 0
02-23 11:35:52.882   733  6024 V InputMethodManagerService: hideCurrentInputLocked : shouldHideSoftInput is false
02-23 11:35:52.882  2570  2570 I GsaVoiceInteractionSrv: Handling ACTION_STOP_HOTWORD
02-23 11:35:52.883  2660  2660 V Launcher: Launcher.onResume()
02-23 11:35:52.883  2570  3031 E HwDetectorWithState: a: 3
02-23 11:35:52.901  1636  1636 D ToggleSlider: onReceive : android.intent.action.CLOSE_SYSTEM_DIALOGS
02-23 11:35:52.902  1636  1636 D BrightnessMirror: hideMirror cancelled since it's not visible
02-23 11:35:52.902  1636  1636 D ToggleSlider: onReceive : android.intent.action.CLOSE_SYSTEM_DIALOGS
02-23 11:35:52.903  2660  2660 D ExternalRequestQueue: Getting and clearing EXTERNAL_REQUEST_LIST: []
02-23 11:35:52.903  2660  2660 D ExternalMethodQueue: Getting and clearing EXTERNAL_METHOD_LIST: null
02-23 11:35:52.903  2660  2660 D Launcher: setHotWordDetection : call requestHotwordDetection true
02-23 11:35:52.903  2660  2660 D Launcher.HomeController: onResume HomeContainer current alpha = 1.0
02-23 11:35:52.903  2660  2660 D AppsCustomAdapter: notifyupdate : com.android.launcher3.Launcher@32a117d
02-23 11:35:52.904  2660  2660 D AppsDragController: needDeferToBind : true , false
02-23 11:35:52.905  2660  2660 D InputMethodManager: HSIFW - flag : 0 Pid : 2660
02-23 11:35:52.905   733  2698 V InputMethodManagerService: Client requesting input be hidden, flags : 0
02-23 11:35:52.905   733  2698 V InputMethodManagerService: hideCurrentInputLocked : shouldHideSoftInput is false
02-23 11:35:52.906  2570  2570 I GsaVoiceInteractionSrv: Handling ACTION_START_HOTWORD
02-23 11:35:52.907  2570  3031 I GsaVoiceInteractionSrv: disregardVoiceMatch: false
02-23 11:35:52.907  2570  3031 I GsaVoiceInteractionSrv: Cannot start hotword, hotword has been explicitly disabled.
02-23 11:35:52.910  2660  2660 D AppsAdapter: notifyupdate start : com.android.launcher3.Launcher@32a117d
02-23 11:35:52.910  2660  2660 D AppsCustomAdapter: no change items
02-23 11:35:52.910  2660  2660 D AppsAdapter: notifyupdate end : com.android.launcher3.Launcher@32a117d
02-23 11:35:53.004  8993  8993 D BoundBrokerSvc: onUnbind: Intent { act=com.google.android.gms.findmydevice.spot.service.locationreport.START dat=chimera-action:com.google.android.gms.findmydevice.spot.service.locationreport.START cmp=com.google.android.gms/.chimera.GmsApiService launchParam=MultiScreenLaunchParams { mDisplayId=0 mBaseDisplayId=0 mFlags=0 } }
02-23 11:35:53.681  2660  2660 D Launcher: setHotWordDetection : call requestHotwordDetection true
02-23 11:35:55.065 16901 16923 I QueryController: Matched selector: UiSelector[TEXT=Apps] <<==>> [android.view.accessibility.AccessibilityNodeInfo@800dbb4c; boundsInParent: Rect(0, 0 - 32, 22); boundsInScreen: Rect(668, 951 - 700, 973); packageName: com.sec.android.app.launcher; className: android.widget.TextView; text: Apps; error: null; maxTextLength: -1; contentDescription: null; viewIdResName: com.sec.android.app.launcher:id/iconview_titleView; checkable: false; checked: false; focusable: false; focused: false; selected: false; clickable: false; longClickable: false; contextClickable: false; enabled: true; password: false; scrollable: false; actions: [AccessibilityAction: ACTION_SELECT - null, AccessibilityAction: ACTION_CLEAR_SELECTION - null, AccessibilityAction: ACTION_ACCESSIBILITY_FOCUS - null, AccessibilityAction: ACTION_NEXT_AT_MOVEMENT_GRANULARITY - null, AccessibilityAction: ACTION_PREVIOUS_AT_MOVEMENT_GRANULARITY - null, AccessibilityAction: ACTION_SET_SELECTION - null, AccessibilityAction: ACTION_SHOW_ON_SCREEN - null]]
02-23 11:35:55.071 16901 16923 D InteractionController: clickAndSync(684, 962)
02-23 11:35:55.072   733  6025 D InputDispatcher: Inject motion (16888): action=0x0, eventTime=115080532000000, displayId=0
02-23 11:35:55.073   733  1450 I InputDispatcher: Delivering touch to (1636): action: 0x4, toolType: 1
02-23 11:35:55.073   733  1450 I InputDispatcher: Delivering touch to (2660): action: 0x0, toolType: 1
02-23 11:35:55.073   733  1450 I InputDispatcher: Delivering touch to (1636): action: 0x0, toolType: 1
02-23 11:35:55.073  2660  2660 D ViewRootImpl@c29b6ce[LauncherActivity]: ViewPostImeInputStage processPointer 0
02-23 11:35:55.079  2660  2660 I System.out: Rect(0, 0 - 768, 63)
02-23 11:35:55.183   733  6024 D InputDispatcher: Inject motion (16888): action=0x1, eventTime=115080643000000, displayId=0
02-23 11:35:55.183   733  1450 I InputDispatcher: Delivering touch to (2660): action: 0x1, toolType: 1
02-23 11:35:55.183   733  1450 I InputDispatcher: Delivering touch to (1636): action: 0x1, toolType: 1
02-23 11:35:55.184  2660  2660 D ViewRootImpl@c29b6ce[LauncherActivity]: ViewPostImeInputStage processPointer 1
02-23 11:35:55.186  2660  2660 D Launcher: showAppsView:true resetToTop:false
02-23 11:35:55.187  2660  2660 I StageManager: startStage : 1 -> 2
02-23 11:35:55.193  2660  2660 D Launcher: setHotWordDetection : call requestHotwordDetection false
02-23 11:35:55.194  2660  2660 D BixbyApi_0.2.7: isBixbySupported:false
02-23 11:35:55.194  2660  2660 D StageManager: start stageTransitionAnim : from com.android.launcher3.home.HomeController@43dae59 to com.android.launcher3.allapps.controller.AppsController@bdfcf68
02-23 11:35:55.195  2660  2660 I BlurUtils: blurByWindowManager with show = true, dest = com.android.internal.policy.PhoneWindow@e5a2c67, amount = 0.3, duration = 444, sBlur=false
02-23 11:35:55.195  2660  2660 D StageManager: dump stage
02-23 11:35:55.195  2660  2660 D StageManager: com.android.launcher3.home.HomeController@43dae59
02-23 11:35:55.195  2660  2660 D StageManager: com.android.launcher3.allapps.controller.AppsController@bdfcf68
02-23 11:35:55.196  2570  2570 I GsaVoiceInteractionSrv: Handling ACTION_STOP_HOTWORD
02-23 11:35:55.197  2570  3031 E HwDetectorWithState: a: 3
02-23 11:35:55.200  2660  2838 D SamsungAnalytics:1.8.33: [QueueManager] queue size over. remove oldest log
02-23 11:35:55.200  2660  2838 D SamsungAnalytics:1.8.33: [DLCBinder] already send register request
02-23 11:35:55.217  2660  2660 D StageManager: stageTransitionAnim start runnable time gap : 22
02-23 11:35:55.228  2660  2660 D HomeContainer: setAlpha : 1.0
02-23 11:35:55.229  2660  2660 D HomeContainer: setAlpha : 1.0
02-23 11:35:55.230  2660  2660 D HomeContainer: setAlpha : 1.0
02-23 11:35:55.251  2660  2660 D HomeContainer: setAlpha : 0.70965147
02-23 11:35:55.254  2660  2660 D AppsDragController: needDeferToBind : true , false
02-23 11:35:55.274  2660  2660 D HomeContainer: setAlpha : 0.39738333
02-23 11:35:55.283  2660  2660 D HomeContainer: setAlpha : 0.14687955
02-23 11:35:55.307  2660  2660 D HomeContainer: setAlpha : 0.0
02-23 11:35:55.323  2660  2660 D HomeContainer: setAlpha : 0.0
02-23 11:35:55.353  2660  2660 D HomeContainer: setAlpha : 0.0
02-23 11:35:55.372  2660  2660 D HomeContainer: setAlpha : 0.0
02-23 11:35:55.381  2660  2660 D HomeContainer: setAlpha : 0.0
02-23 11:35:55.394  2660  2660 D HomeContainer: setAlpha : 0.0
02-23 11:35:55.414  2660  2660 D HomeContainer: setAlpha : 0.0
02-23 11:35:55.432  2660  2660 D HomeContainer: setAlpha : 0.0
02-23 11:35:55.444  2660  2660 D HomeContainer: setAlpha : 0.0
02-23 11:35:55.460  2660  2660 D HomeContainer: setAlpha : 0.0
02-23 11:35:55.484  2660  2660 D HomeContainer: setAlpha : 0.0
02-23 11:35:55.494  2660  2660 D HomeContainer: setAlpha : 0.0
02-23 11:35:55.510  2660  2660 D HomeContainer: setAlpha : 0.0
02-23 11:35:55.530  2660  2660 D HomeContainer: setAlpha : 0.0
02-23 11:35:55.545  2660  2660 D HomeContainer: setAlpha : 0.0
02-23 11:35:55.560  2660  2660 D HomeContainer: setAlpha : 0.0
02-23 11:35:55.580  2660  2660 D HomeContainer: setAlpha : 0.0
02-23 11:35:55.594  2660  2660 D HomeContainer: setAlpha : 0.0
02-23 11:35:55.611  2660  2660 D HomeContainer: setAlpha : 0.0
02-23 11:35:55.628  2660  2660 D HomeContainer: setAlpha : 0.0
02-23 11:35:55.644  2660  2660 D HomeContainer: setAlpha : 0.0
02-23 11:35:55.664  2660  2660 D HomeContainer: setVisibility : 8
02-23 11:35:55.665  2660  2660 D HomeContainer: setAlpha : 0.0
02-23 11:35:55.678  2660  2660 D HomeContainer: setAlpha : 0.0
02-23 11:35:55.679  2660  2660 D StageManager: stageTransitionAnim onAnimationEnd
02-23 11:35:55.680  2660  2660 D StageManager: dump stageview info : mode(2), visible(0) , alpha(1.000000)
02-23 11:35:56.213 12116 12211 I System.out: (HTTPLog)-Static: isSBSettingEnabled false
02-23 11:35:56.213 12116 12211 I System.out: (HTTPLog)-Static: isSBSettingEnabled false
02-23 11:35:56.215   431  1419 D EnterpriseController: netId is 0
02-23 11:35:56.215   431  1419 D DnsProxyListener: DNSDBG::dns addrinfo af 0
02-23 11:35:57.141  1636  1897 D NetworkController.MobileSignalController(0/-2): onSignalStrengthsChanged signalStrength=SignalStrength: 28 99 -120 -160 -120 -1 -1 99 2147483647 2147483647 2147483647 2147483647 2147483647 0x4 gsm|lte level=4
02-23 11:35:57.141  1636  1897 D NetworkController.MobileSignalController(0/-2): getMobileIconGroup(): 0
02-23 11:35:57.418 16901 16923 I QueryController: Matched selector: UiSelector[RESOURCE_ID=android:id/search_src_text] <<==>> [android.view.accessibility.AccessibilityNodeInfo@8007ecc0; boundsInParent: Rect(0, 0 - 560, 50); boundsInScreen: Rect(58, 34 - 618, 84); packageName: com.sec.android.app.launcher; className: android.widget.EditText; text:   Search tablet; error: null; maxTextLength: 1000; contentDescription: null; viewIdResName: android:id/search_src_text; checkable: false; checked: false; focusable: true; focused: false; selected: false; clickable: true; longClickable: false; contextClickable: false; enabled: true; password: false; scrollable: false; actions: [AccessibilityAction: ACTION_FOCUS - null, AccessibilityAction: ACTION_SELECT - null, AccessibilityAction: ACTION_CLEAR_SELECTION - null, AccessibilityAction: ACTION_CLICK - null, AccessibilityAction: ACTION_ACCESSIBILITY_FOCUS - null, AccessibilityAction: ACTION_SET_TEXT - null, AccessibilityAction: ACTION_SHOW_ON_SCREEN - null]]
02-23 11:35:57.482 16901 16923 I QueryController: Matched selector: UiSelector[RESOURCE_ID=android:id/search_src_text] <<==>> [android.view.accessibility.AccessibilityNodeInfo@8007ecc0; boundsInParent: Rect(0, 0 - 513, 50); boundsInScreen: Rect(58, 34 - 571, 84); packageName: com.sec.android.app.launcher; className: android.widget.EditText; text: Settings; error: null; maxTextLength: 1000; contentDescription: null; viewIdResName: android:id/search_src_text; checkable: false; checked: false; focusable: true; focused: false; selected: false; clickable: true; longClickable: false; contextClickable: false; enabled: true; password: false; scrollable: false; actions: [AccessibilityAction: ACTION_FOCUS - null, AccessibilityAction: ACTION_SELECT - null, AccessibilityAction: ACTION_CLEAR_SELECTION - null, AccessibilityAction: ACTION_CLICK - null, AccessibilityAction: ACTION_ACCESSIBILITY_FOCUS - null, AccessibilityAction: ACTION_NEXT_AT_MOVEMENT_GRANULARITY - null, AccessibilityAction: ACTION_PREVIOUS_AT_MOVEMENT_GRANULARITY - null, AccessibilityAction: ACTION_SET_SELECTION - null, AccessibilityAction: ACTION_SET_TEXT - null, AccessibilityAction: ACTION_SHOW_ON_SCREEN - null]]
02-23 11:35:57.486 16901 16923 D InteractionController: clickAndSync(314, 59)
02-23 11:35:57.487   733  2203 D InputDispatcher: Inject motion (16888): action=0x0, eventTime=115082947000000, displayId=0
02-23 11:35:57.487   733  1450 I InputDispatcher: Delivering touch to (1636): action: 0x4, toolType: 1
02-23 11:35:57.487   733  1450 I InputDispatcher: Delivering touch to (2660): action: 0x0, toolType: 1
02-23 11:35:57.487   733  1450 I InputDispatcher: Delivering touch to (1636): action: 0x0, toolType: 1
02-23 11:35:57.487  2660  2660 D ViewRootImpl@c29b6ce[LauncherActivity]: ViewPostImeInputStage processPointer 0
02-23 11:35:57.488  2660  2660 I System.out: Rect(0, 0 - 768, 92)
02-23 11:35:57.591   733  2460 D InputDispatcher: Inject motion (16888): action=0x1, eventTime=115083051000000, displayId=0
02-23 11:35:57.591   733  1450 I InputDispatcher: Delivering touch to (2660): action: 0x1, toolType: 1
02-23 11:35:57.591  2660  2660 D ViewRootImpl@c29b6ce[LauncherActivity]: ViewPostImeInputStage processPointer 1
02-23 11:35:57.591   733  1450 I InputDispatcher: Delivering touch to (1636): action: 0x1, toolType: 1
02-23 11:35:57.594  2660  2660 D InputMethodManager: HSIFW - flag : 0 Pid : 2660
02-23 11:35:57.595   733  1715 V InputMethodManagerService: Client requesting input be hidden, flags : 0
02-23 11:35:57.595   733  1715 V InputMethodManagerService: hideCurrentInputLocked : shouldHideSoftInput is false
02-23 11:35:57.595  2660  2838 D SamsungAnalytics:1.8.33: [QueueManager] queue size over. remove oldest log
02-23 11:35:57.595  2660  2838 D SamsungAnalytics:1.8.33: [DLCBinder] already send register request
02-23 11:35:57.598  2660  2660 D StageManager: onStartForResult : result -1 to com.android.launcher3.allapps.controller.AppsController@bdfcf68
02-23 11:35:57.622   733   759 D ActivityTrigger: activityStartTrigger: Activity is Triggerred in full screen ApplicationInfo{348a38a com.samsung.android.app.galaxyfinder}
02-23 11:35:57.622   733   759 E ActivityTrigger: activityStartTrigger: not whiteListedcom.samsung.android.app.galaxyfinder/com.samsung.android.app.galaxyfinder.GalaxyFinderActivity/714000100
02-23 11:35:57.625   733   759 D InputDispatcher: Focused application set to: xxxx
02-23 11:35:57.626   733   759 D InputDispatcher: Focus left window: 2660
02-23 11:35:57.629   733   759 D ActivityTrigger: activityResumeTrigger: The activity in ApplicationInfo{348a38a com.samsung.android.app.galaxyfinder} is now in focus and seems to be in full-screen mode
02-23 11:35:57.629   733   759 E ActivityTrigger: activityResumeTrigger: not whiteListedcom.samsung.android.app.galaxyfinder/com.samsung.android.app.galaxyfinder.GalaxyFinderActivity/714000100
02-23 11:35:57.629   733   759 D ActivityTrigger: ActivityTrigger activityPauseTrigger
02-23 11:35:57.648  2660  2660 D ViewRootImpl@c29b6ce[LauncherActivity]: MSG_WINDOW_FOCUS_CHANGED 0
02-23 11:35:57.651  2660  2660 V InputMethodManager: Starting input: tba=android.view.inputmethod.EditorInfo@1054d1d nm : com.sec.android.app.launcher ic=null
02-23 11:35:57.651  2660  2660 I InputMethodManager: startInputInner - mService.startInputOrWindowGainedFocus
02-23 11:35:57.652   733  2630 D InputMethodManagerService: setCurrentInputInfo - inputContext : null eidtorInfo : android.view.inputmethod.EditorInfo@8956e56 missingMethods : 0
02-23 11:35:57.652   733  2630 D InputTransport: Input channel constructed: fd=416
02-23 11:35:57.652   733  2630 D InputTransport: Input channel destroyed: fd=416
02-23 11:35:57.652  2274  2274 I SKBD    : SamsungKeypad [IMI] onStartInput - caller pid : 2660, caller uid : 10043
02-23 11:35:57.653  2660  2660 D InputTransport: Input channel constructed: fd=83
02-23 11:35:57.653  2660  2660 D InputTransport: Input channel destroyed: fd=65
02-23 11:35:57.659  2660  2660 V Launcher: Launcher.onPause()
02-23 11:35:57.659  2660  2660 D Launcher: setHotWordDetection : call requestHotwordDetection false
02-23 11:35:57.664   733  2434 D ActivityTrigger: activityResumeTrigger: The activity in ApplicationInfo{348a38a com.samsung.android.app.galaxyfinder} is now in focus and seems to be in full-screen mode
02-23 11:35:57.664   733  2434 E ActivityTrigger: activityResumeTrigger: not whiteListedcom.samsung.android.app.galaxyfinder/com.samsung.android.app.galaxyfinder.GalaxyFinderActivity/714000100
02-23 11:35:57.707 10326 10326 I SettingSearch/SearchIntentReceiver: action : com.samsung.android.app.galaxyfinder.LAUNCH_SFINDER
02-23 11:35:57.708 10326 10326 D InterestingConfigChanges: isConfigChanged=true
02-23 11:35:57.731 10326 10326 I TileUtils: getTilesForIntent results count : 41
02-23 11:35:57.763 10326 10326 I TileUtils: getTilesForIntent results count : 0
02-23 11:35:57.766 10326 10326 I TileUtils: getTilesForIntent results count : 5
02-23 11:35:57.773 16955 16955 D ScrollView: initGoToTop
02-23 11:35:57.785 10326 10326 I TileUtils: getTilesForIntent results count : 1
02-23 11:35:57.790 10326 10326 W ResourceType: ResTable_typeSpec entry count inconsistent: given 76, previously 78
02-23 11:35:57.791 10326 10326 W ResourceType: ResTable_typeSpec entry count inconsistent: given 3262, previously 3285
02-23 11:35:57.816 10326 17070 D SecMenutree: initLogging()
02-23 11:35:57.829 10326 17070 W ResourceType: For resource 0x7f070027, entry index(39) is beyond type entryCount(5)
02-23 11:35:57.829 10326 17070 W ResourceType: Failure getting entry for 0x7f070027 (t=6 e=39) (error -75)
02-23 11:35:57.830 10326 17070 E Settings_Utils: (Res error)Failed to translate : android.content.res.Resources$NotFoundException: String resource ID #0x7f070027
02-23 11:35:57.830 10326 17070 D SecMenutree: skip keyword : Wallpaper
02-23 11:35:57.833 10326 17070 W ResourceType: No package identifier when getting value for resource number 0x00000000
02-23 11:35:57.833 10326 17070 E Settings_Utils: (Res error)Failed to translate : android.content.res.Resources$NotFoundException: String resource ID #0x0
02-23 11:35:57.833 10326 17070 D SecMenutree: skip keyword : Device maintenance
02-23 11:35:57.839 10326 17070 W ResourceType: Failure getting entry for 0x7f1506e4 (t=20 e=1764) (error -2147483647)
02-23 11:35:57.839 10326 17070 E Settings_Utils: (Res error)Failed to translate : android.content.res.Resources$NotFoundException: String resource ID #0x7f1506e4
02-23 11:35:57.839 10326 17070 D SecMenutree: skip keyword : Google
02-23 11:35:57.850 16955 16955 D ViewRootImpl@24f61a[GalaxyFinderActivity]: ThreadedRenderer.create() translucent=true
02-23 11:35:57.852   733  1712 D InputTransport: Input channel constructed: fd=411
02-23 11:35:57.852   733  1712 D InputTransport: Input channel constructed: fd=416
02-23 11:35:57.853 10326 17070 D Settings_Utils: isHideMobileNetworks: isEnabled = 0
02-23 11:35:57.853   733  1712 D InputTransport: Input channel destroyed: fd=416
02-23 11:35:57.853 16955 16955 D InputTransport: Input channel constructed: fd=64
02-23 11:35:57.854 16955 16955 D ViewRootImpl@24f61a[GalaxyFinderActivity]: setView = DecorView@4d4e54b[GalaxyFinderActivity] touchMode=true
02-23 11:35:57.855   733  2202 D ActivityManager: post active user change for 0 fullscreen true isHomeActivity() true
02-23 11:35:57.855   733   733 D KnoxKeyguardDelegate: clear Flag
02-23 11:35:57.856 10326 17070 I Settings_Utils: disable_offslot SIM1 Status : ABSENT, SIM2 Status : NOTREADY
02-23 11:35:57.856 10326 17070 I Settings_Utils: disable_offslot SIM1 icc_type : true, SIM2 icc_type : true
02-23 11:35:57.857 10326 17070 D TAG     : isSupportDeviceVisibility - isSupportD2d false
02-23 11:35:57.858 10326 17070 D WifiCalling: isSupportWifiCalling: false
02-23 11:35:57.860 10326 17070 D WifiCalling: isEnabledWifiCallingActivity: false
02-23 11:35:57.861 10326 17070 D Settings_Utils: isSupportMptcp: false
02-23 11:35:57.861 10326 17070 D Settings_Utils: isSupportMptcp: false
02-23 11:35:57.861   733   759 D Tethering: tetherableWifiRegexs
02-23 11:35:57.861   733   759 D Tethering: showLog() wlan0
02-23 11:35:57.862   733   759 D Tethering: NAP Supported by CSCFeature and not Wifi Model
02-23 11:35:57.862   733   759 D Tethering: mTetherableWifiRegexs
02-23 11:35:57.862   733   759 D Tethering: showLog() wlan0
02-23 11:35:57.864 16955 16955 D ViewRootImpl@24f61a[GalaxyFinderActivity]: dispatchAttachedToWindow
02-23 11:35:57.866   733   759 E Tethering: No numeric data
02-23 11:35:57.875 10326 17070 E CustomizedTextParser: getCustomizedText Rule is empty. mRuleMap={}
02-23 11:35:57.885   286   286 I SurfaceFlinger: id=1100 createSurf (1x1),1 flag=4, com.samsung.android.app.galaxyfinder/com.samsung.android.app.galaxyfinder.GalaxyFinderActivity
02-23 11:35:57.893  1636  1675 D WallpaperService: resized:[frame]Rect(0, 0 - 768, 1024) [newConfig] is null
02-23 11:35:57.893  1636  1636 D WallpaperService: MSG_WINDOW_RESIZED
02-23 11:35:57.893  1636  1636 D WallpaperService: updateSurface forceRelayout=true redrawNeeded=false myWidth=768 myHeight=1024 fixedSize=true x = 0 y = 0 mWidth=768 mHeight=1024
02-23 11:35:57.894  1636  1636 V WallpaperService: Changes: creating=false format=false size=false
02-23 11:35:57.895   733  1519 D InputDispatcher: Focus entered window: 16955
02-23 11:35:57.900 16955 16955 D ViewRootImpl@24f61a[GalaxyFinderActivity]: Relayout returned: oldFrame=[0,0][0,0] newFrame=[0,0][768,1024] result=0x27 surface={isValid=true 1735202816} surfaceGenerationChanged=true
02-23 11:35:57.901 16955 16955 D ViewRootImpl@24f61a[GalaxyFinderActivity]: mHardwareRenderer.initialize() mSurface={isValid=true 1735202816} hwInitialized=true
02-23 11:35:57.910  1636  1636 V WallpaperService: New surface=Surface(name=null)/@0x13ce3e3, frame=Rect(0, 0 - 768, 1024),relayoutResult=1, mConfiguration={0 1.0 showBtnBg = -1 ?mcc?mnc ?localeList ?layoutDir ?swdp ?wdp ?hdp ?density ?lsize ?long ?orien ?uimode ?night ?touch ?keyb/?/? ?nav/?}
02-23 11:35:57.910  1636  1636 V WallpaperService: Wallpaper size has changed : 768, 1024
02-23 11:35:57.910  1636  1636 D ImageWallpaper: onOffsetsChanged: xOffset=0.0, yOffset=0.0, xOffsetStep=0.0, yOffsetStep=0.0, xPixels=0, yPixels=0
02-23 11:35:57.910  1636  1636 D ImageWallpaper: drawFrame=false rotation=0 mLastRotation=0 deviceWidth=768 deviceHeight=1024
02-23 11:35:57.911  1636  1636 D ImageWallpaper: drawFrame:[frame.width()]768[frame.height()]1024
02-23 11:35:57.911  1636  1636 D ImageWallpaper: surfaceDimensionsChanged=false mLastSurfaceRotation=0 mDisplayWidth=-1 mDisplayHeight=-1
02-23 11:35:57.911  1636  1636 D ImageWallpaper: redrawNeeded = false, mOffsetsChanged = false
02-23 11:35:57.911  1636  1636 D ImageWallpaper: Suppressed drawFrame since redraw is not needed and offsets have not changed.
02-23 11:35:57.933 16955 16955 D ScrollView:  onsize change changed
02-23 11:35:57.946 10326 17070 E CustomizedTextParser: getCustomizedText Rule is empty. mRuleMap={}
02-23 11:35:57.954 10326 17070 E CustomizedTextParser: getCustomizedText Rule is empty. mRuleMap={}
02-23 11:35:57.957   733  2460 D Tethering: tetherableWifiRegexs
02-23 11:35:57.957   733  2460 D Tethering: showLog() wlan0
02-23 11:35:57.957   733  2460 D Tethering: NAP Supported by CSCFeature and not Wifi Model
02-23 11:35:57.957   733  2460 D Tethering: mTetherableWifiRegexs
02-23 11:35:57.957   733  2460 D Tethering: showLog() wlan0
02-23 11:35:57.957 16955 16955 D ViewRootImpl@24f61a[GalaxyFinderActivity]: MSG_RESIZED_REPORT: frame=Rect(0, 0 - 768, 1024) ci=Rect(0, 27 - 0, 0) vi=Rect(0, 27 - 0, 0) or=1
02-23 11:35:57.958 16955 16955 D ViewRootImpl@24f61a[GalaxyFinderActivity]: MSG_WINDOW_FOCUS_CHANGED 1
02-23 11:35:57.958 16955 16955 D ViewRootImpl@24f61a[GalaxyFinderActivity]: mHardwareRenderer.initializeIfNeeded()#2 mSurface={isValid=true 1735202816}
02-23 11:35:57.959 16955 16955 D InputMethodManager: SSI - flag : 0 Pid : 16955 view : com.samsung.android.app.galaxyfinder
02-23 11:35:57.960 16955 16955 V InputMethodManager: Starting input: tba=android.view.inputmethod.EditorInfo@7e7c243 nm : com.samsung.android.app.galaxyfinder ic=com.android.internal.widget.EditableInputConnection@db050c0
02-23 11:35:57.960 16955 16955 I InputMethodManager: startInputInner - mService.startInputOrWindowGainedFocus
02-23 11:35:57.961   733  2460 E Tethering: No numeric data
02-23 11:35:57.965   733   759 D Tethering: tetherableWifiRegexs
02-23 11:35:57.965   733   759 D Tethering: showLog() wlan0
02-23 11:35:57.965   733   759 D Tethering: NAP Supported by CSCFeature and not Wifi Model
02-23 11:35:57.965   733   759 D Tethering: mTetherableWifiRegexs
02-23 11:35:57.965   733   759 D Tethering: showLog() wlan0
02-23 11:35:57.968   733   759 E Tethering: No numeric data
02-23 11:35:57.970   733  6024 D Tethering: tetherableWifiRegexs
02-23 11:35:57.970   733  6024 D Tethering: showLog() wlan0
02-23 11:35:57.970   733  6024 D Tethering: NAP Supported by CSCFeature and not Wifi Model
02-23 11:35:57.970   733  6024 D Tethering: mTetherableWifiRegexs
02-23 11:35:57.970   733  6024 D Tethering: showLog() wlan0
02-23 11:35:57.973   733  2633 D InputMethodManagerService: isImeSwitcherDisabledPackage : false
02-23 11:35:57.974  2660  2660 D InputTransport: Input channel destroyed: fd=83
02-23 11:35:57.974   733  2633 D InputMethodManagerService: setCurrentInputInfo - inputContext : com.android.internal.view.IInputContext$Stub$Proxy@dbbf22e eidtorInfo : android.view.inputmethod.EditorInfo@a6451cf missingMethods : 0
02-23 11:35:57.974   733  2633 D InputTransport: Input channel constructed: fd=416
02-23 11:35:57.974   733  6024 E Tethering: No numeric data
02-23 11:35:57.974   733  2633 D InputTransport: Input channel destroyed: fd=416
02-23 11:35:57.974  2274  2274 I SKBD    : SamsungKeypad [IMI] onStartInput - caller pid : 16955, caller uid : 10020
02-23 11:35:57.974  2274  2274 I SKBD    : abx getDefaultInputRange : UNKNOWN
02-23 11:35:57.975  2274  2274 I SKBD    : act resetBinderManager()
02-23 11:35:57.975  2274  2274 I SKBD_SYNC: SamsungKeypad onStartInput: import DLM
02-23 11:35:57.975 16955 16955 D InputTransport: Input channel constructed: fd=66
02-23 11:35:57.975   733   760 V InputMethodManagerService: Client requesting input be shown, flags : 0
02-23 11:35:57.976  2660  2660 I Launcher: onWindowVisibilityChanged : false
02-23 11:35:57.976  2274  2274 V InputMethodService: showSoftInput(), flags : 1
02-23 11:35:57.978   733  6024 D Tethering: mTetherableBluetoothRegexs : 1
02-23 11:35:57.978  2274  2274 I SKBD    : SamsungKeypad onStartInputView
02-23 11:35:57.979  2274  2274 I SKBD    : LegalAgreementActivity check legal agreement: false , false , false
02-23 11:35:57.979  2274  2274 I SKBD    : act resetBinderManager()
02-23 11:35:57.984   733  1249 I ActivityManager: Displayed com.samsung.android.app.galaxyfinder/.GalaxyFinderActivity: +319ms
02-23 11:35:57.990  2274  2274 I SKBD    : wf [startInputView] info.inputType = 1 info.imeOptions = 10000003
02-23 11:35:57.991  2274  2274 I SKBD    : aea [Utils] isKNOX is ver2.0
02-23 11:35:57.991  2274  2274 I SKBD    : uz onStartInput() took nanoTime:  28385
02-23 11:35:57.991  2274  2274 I SKBD    : abx setPrivateImeOptionsToTable imeOptions ( nm )
02-23 11:35:57.991  2274  2274 I SKBD    : abx PrivateImeOptionsTable is empty
02-23 11:35:57.994   286   286 D SurfaceFlinger:   Display[0] configurations (* current):
02-23 11:35:57.994   286   286 D SurfaceFlinger:     * 0: 768x1024, xdpi=159.895004, ydpi=159.567993, refresh=16666667
02-23 11:35:57.994   286   286 D SurfaceFlinger:   numHwLayers=5, flags=00000000
02-23 11:35:57.994   286   286 D SurfaceFlinger:     type   |  handle  | hint | flag | tr | blnd |   format    |     source crop (l,t,r,b)      |          frame         | name
02-23 11:35:57.994   286   286 D SurfaceFlinger: -----------+----------+------+------+----+------+-------------+--------------------------------+------------------------+------
02-23 11:35:57.994   286   286 D SurfaceFlinger:        HWC | aecc4300 | 0002 | 0000 | 00 | 0100 | RGB_888     |    0.0,    0.0,  768.0, 1024.0 |    0,    0,  768, 1024 | com.android.systemui.ImageWallpaper
02-23 11:35:57.994   286   286 D SurfaceFlinger:        HWC | aecc50e0 | 0002 | 0000 | 00 | 0105 | RGBA_8888   |    0.0,    0.0,  768.0, 1024.0 |    0,    0,  768, 1024 | com.sec.android.app.launcher/com.sec.android.app.launcher.activities.LauncherActivity
02-23 11:35:57.994   286   286 D SurfaceFlinger:        HWC | aecc4ea0 | 0002 | 0000 | 00 | 0105 | RGBA_8888   |    0.0,    0.0,  768.0, 1024.0 |    0,    0,  768, 1024 | com.samsung.android.app.galaxyfinder/com.samsung.android.app.galaxyfinder.GalaxyFinderActivity
02-23 11:35:57.994   286   286 D SurfaceFlinger:        HWC | aecc4240 | 0002 | 0000 | 00
02-23 11:35:57.994   286   286 D SurfaceFlinger: | 0105 | RGBA_8888   |    0.0,    0.0,  768.0,   27.0 |    0,    0,  768,   27 | StatusBar
02-23 11:35:57.994   286   286 D SurfaceFlinger:  FB TARGET | b28226e0 | 0000 | 0000 | 00 | 0105 | RGBA_8888   |    0.0,    0.0,  768.0, 1024.0 |    0,    0,  768, 1024 | HWC_FRAMEBUFFER_TARGET
02-23 11:35:57.995  2274  2274 I SKBD    : Update SetupWizard State usc : 1 pss : false
02-23 11:35:57.995  2274  2274 I SKBD    : abx getDefaultInputRange : UNKNOWN
02-23 11:35:57.995  2274  2274 I SKBD    : abx getDefaultInputRange : UNKNOWN
02-23 11:35:57.996 16955 16955 V InputMethodManager: Starting input: tba=android.view.inputmethod.EditorInfo@b40b53e nm : com.samsung.android.app.galaxyfinder ic=com.android.internal.widget.EditableInputConnection@dba3f9f
02-23 11:35:57.996 16955 16955 I InputMethodManager: startInputInner - mService.startInputOrWindowGainedFocus
02-23 11:35:57.997   733  2700 D InputMethodManagerService: windowGainedFocus : mCurrentFocusedUserId - 0 and mSecureKeypadEnabled-false
02-23 11:35:57.997  2274  2274 I SKBD    : abx setPrivateImeOptionsToTable imeOptions ( nm )
02-23 11:35:57.997  2274  2274 I SKBD    : abx PrivateImeOptionsTable is empty
02-23 11:35:57.998   733  2700 V InputMethodManagerService: windowGainedFocus : reason=WINDOW_FOCUS_GAIN client=android.os.BinderProxy@85067e8 inputContext=com.android.internal.view.IInputContext$Stub$Proxy@6c34d48 missingMethods= attribute=android.view.inputmethod.EditorInfo@6407e1 nm = com.samsung.android.app.galaxyfinder controlFlags=#107 softInputMode=#131 windowFlags=#81910102
02-23 11:35:57.998   733  2700 V InputMethodManagerService: Window asks to unchanged
02-23 11:35:57.998   733  2700 D InputMethodManagerService: setCurrentInputInfo - inputContext : com.android.internal.view.IInputContext$Stub$Proxy@6c34d48 eidtorInfo : android.view.inputmethod.EditorInfo@6407e1 missingMethods : 0
02-23 11:35:58.001  2660  2660 D ViewRootImpl@c29b6ce[LauncherActivity]: mHardwareRenderer.destroy()#1
02-23 11:35:58.002  2274  2274 I SKBD    : Update SetupWizard State usc : 1 pss : false
02-23 11:35:58.002  2274  2274 I SKBD    : abx getDefaultInputRange : UNKNOWN
02-23 11:35:58.002  2274  2274 I SKBD    : abx getDefaultInputRange : UNKNOWN
02-23 11:35:58.006   733  2700 D InputTransport: Input channel constructed: fd=416
02-23 11:35:58.018   733  2700 D InputTransport: Input channel destroyed: fd=416
02-23 11:35:58.018  2660  2660 D ViewRootImpl@c29b6ce[LauncherActivity]: Relayout returned: oldFrame=[0,0][768,1024] newFrame=[0,0][768,1024] result=0x5 surface={isValid=false 0} surfaceGenerationChanged=true
02-23 11:35:58.019 16955 16955 D InputTransport: Input channel constructed: fd=70
02-23 11:35:58.019 16955 16955 D InputTransport: Input channel destroyed: fd=66
02-23 11:35:58.033 16955 16955 W IInputConnectionWrapper: finishComposingText on inactive InputConnection
02-23 11:35:58.035   286   286 D SurfaceFlinger:   Display[0] configurations (* current):
02-23 11:35:58.035   286   286 D SurfaceFlinger:     * 0: 768x1024, xdpi=159.895004, ydpi=159.567993, refresh=16666667
02-23 11:35:58.035   286   286 D SurfaceFlinger:   numHwLayers=6, flags=00000000
02-23 11:35:58.035   286   286 D SurfaceFlinger:     type   |  handle  | hint | flag | tr | blnd |   format    |     source crop (l,t,r,b)      |          frame         | name
02-23 11:35:58.035   286   286 D SurfaceFlinger: -----------+----------+------+------+----+------+-------------+--------------------------------+------------------------+------
02-23 11:35:58.035   286   286 D SurfaceFlinger:        HWC | aecc4300 | 0002 | 0000 | 00 | 0100 | RGB_888     |    0.0,    0.0,  768.0, 1024.0 |    0,    0,  768, 1024 | com.android.systemui.ImageWallpaper
02-23 11:35:58.035   286   286 D SurfaceFlinger:        HWC | aecc50e0 | 0002 | 0000 | 00 | 0105 | RGBA_8888   |    0.0,    0.0,  768.0, 1024.0 |    0,    0,  768, 1024 | com.sec.android.app.launcher/com.sec.android.app.launcher.activities.LauncherActivity
02-23 11:35:58.035   286   286 D SurfaceFlinger:       GLES | 00000000 | 0000 | 0001 | 00 | 0105 | ? ffffffff  |    0.0,    0.0,   -1.0,   -1.0 |    0,    0,  768, 1024 | DimLayerController/Stack=0
02-23 11:35:58.035   286   286 D SurfaceFlinger:       GLES | aecc4ea0 | 0000 | 0000 | 00 | 0105 | RGBA_8888   |    0.0,    0.0,  768.0, 1024.0 |    0,    0,
02-23 11:35:58.035   286   286 D SurfaceFlinger:  768, 1024 | com.samsung.android.app.galaxyfinder/com.samsung.android.app.galaxyfinder.GalaxyFinderActivity
02-23 11:35:58.035   286   286 D SurfaceFlinger:       GLES | aecc42a0 | 0000 | 0000 | 00 | 0105 | RGBA_8888   |    0.0,    0.0,  768.0,   27.0 |    0,    0,  768,   27 | StatusBar
02-23 11:35:58.035   286   286 D SurfaceFlinger:  FB TARGET | b2822620 | 0000 | 0000 | 00 | 0105 | RGBA_8888   |    0.0,    0.0,  768.0, 1024.0 |    0,    0,  768, 1024 | HWC_FRAMEBUFFER_TARGET
02-23 11:35:58.037 10326 17070 I WirelessSettings: getNonIndexableKeys() mTetheredDataML : -1
02-23 11:35:58.040   733  6024 D Tethering: tetherableWifiRegexs
02-23 11:35:58.040   733  6024 D Tethering: showLog() wlan0
02-23 11:35:58.041   733  6024 D Tethering: NAP Supported by CSCFeature and not Wifi Model
02-23 11:35:58.041   733  6024 D Tethering: mTetherableWifiRegexs
02-23 11:35:58.041   733  6024 D Tethering: showLog() wlan0
02-23 11:35:58.048   733  6024 E Tethering: No numeric data
02-23 11:35:58.051   733  1519 D Tethering: tetherableWifiRegexs
02-23 11:35:58.051   733  1519 D Tethering: showLog() wlan0
02-23 11:35:58.051   733  1519 D Tethering: NAP Supported by CSCFeature and not Wifi Model
02-23 11:35:58.051   733  1519 D Tethering: mTetherableWifiRegexs
02-23 11:35:58.051   733  1519 D Tethering: showLog() wlan0
02-23 11:35:58.054   733  1519 E Tethering: No numeric data
02-23 11:35:58.059 10326 17070 D Settings_Utils: isSupportMptcp: false
02-23 11:35:58.062 10326 17070 D TAG     : isSupportDeviceVisibility - isSupportD2d false
