02-24 17:05:49.286   733 16597 D InputMethodManagerService: setCurrentInputInfo - inputContext : com.android.internal.view.IInputContext$Stub$Proxy@daa0439 eidtorInfo : android.view.inputmethod.EditorInfo@bc35a7e missingMethods : 0
02-24 17:05:49.287  2660  2660 D InputTransport: Input channel destroyed: fd=83
02-24 17:05:49.287   733  2460 E Tethering: No numeric data
02-24 17:05:49.289   733 16597 D InputTransport: Input channel constructed: fd=412
02-24 17:05:49.290   733 16597 D InputTransport: Input channel destroyed: fd=412
02-24 17:05:49.290 27842 27842 D InputTransport: Input channel constructed: fd=70
02-24 17:05:49.290 27842 27842 D InputTransport: Input channel destroyed: fd=66
02-24 17:05:49.292 10326 27944 D Settings_Utils: isSupportMptcp: false
02-24 17:05:49.295 10326 27944 D TAG     : isSupportDeviceVisibility - isSupportD2d false
02-24 17:05:49.297 10326 27944 D network_lock: isSupportVZWNetworkLock: false
02-24 17:05:49.300 10326 27944 D network_lock: setVzwNetworkUnLocked to 1
02-24 17:05:49.302 10326 27944 E Settings_Utils: IllegalArgumentException :: getDeXSettings hdmi_mode
02-24 17:05:49.305 27842 27842 W IInputConnectionWrapper: finishComposingText on inactive InputConnection
02-24 17:05:49.318   286   286 D SurfaceFlinger:   Display[0] configurations (* current):
02-24 17:05:49.318   286   286 D SurfaceFlinger:     * 0: 768x1024, xdpi=159.895004, ydpi=159.567993, refresh=16666667
02-24 17:05:49.318   286   286 D SurfaceFlinger:   numHwLayers=6, flags=00000000
02-24 17:05:49.318   286   286 D SurfaceFlinger:     type   |  handle  | hint | flag | tr | blnd |   format    |     source crop (l,t,r,b)      |          frame         | name
02-24 17:05:49.318   286   286 D SurfaceFlinger: -----------+----------+------+------+----+------+-------------+--------------------------------+------------------------+------
02-24 17:05:49.318   286   286 D SurfaceFlinger:        HWC | aecc4300 | 0002 | 0000 | 00 | 0100 | RGB_888     |    0.0,    0.0,  768.0, 1024.0 |    0,    0,  768, 1024 | com.android.systemui.ImageWallpaper
02-24 17:05:49.318   286   286 D SurfaceFlinger:        HWC | aecc4fc0 | 0002 | 0000 | 00 | 0105 | RGBA_8888   |    0.0,    0.0,  768.0, 1024.0 |    0,    0,  768, 1024 | com.sec.android.app.launcher/com.sec.android.app.launcher.activities.LauncherActivity
02-24 17:05:49.318   286   286 D SurfaceFlinger:       GLES | 00000000 | 0000 | 0001 | 00 | 0105 | ? ffffffff  |    0.0,    0.0,   -1.0,   -1.0 |    0,    0,  768, 1024 | DimLayerController/Stack=0
02-24 17:05:49.318   286   286 D SurfaceFlinger:       GLES | aecc48a0 | 0000 | 0000 | 00 | 0105 | RGBA_8888   |    0.0,    0.0,  768.0, 1024.0 |    0,    0,
02-24 17:05:49.318   286   286 D SurfaceFlinger:  768, 1024 | com.samsung.android.app.galaxyfinder/com.samsung.android.app.galaxyfinder.GalaxyFinderActivity
02-24 17:05:49.318   286   286 D SurfaceFlinger:       GLES | aecc43c0 | 0000 | 0000 | 00 | 0105 | RGBA_8888   |    0.0,    0.0,  768.0,   27.0 |    0,    0,  768,   27 | StatusBar
02-24 17:05:49.318   286   286 D SurfaceFlinger:  FB TARGET | b2822560 | 0000 | 0000 | 00 | 0105 | RGBA_8888   |    0.0,    0.0,  768.0, 1024.0 |    0,    0,  768, 1024 | HWC_FRAMEBUFFER_TARGET
02-24 17:05:49.355  2274  2274 I SKBD    : Xt9ConfigMgr ET9AWSetConstructedWords mFieldSpecificType = 0
02-24 17:05:49.355  2274  2274 I SKBD    : XT9Engine SKDB mExistingShortCutNum  : 0 updating : 0
02-24 17:05:49.356  2274  2274 I SKBD    : Xt9ConfigMgr initLinguistic : 2057, 45
02-24 17:05:49.357  2274  2274 I SKBD    : aar getUmlautMap() languageCode : en_GB
02-24 17:05:49.357  2274  2274 I SKBD    : aar getUmlautMap() umluatMap size : 0
02-24 17:05:49.365  2274  2274 I SKBD    : wf [IMI] isChangedMainValues - mPendingRefreshKeyboardView : false
02-24 17:05:49.367  2274  2274 W SemDesktopModeManager: Desktop Mode feature not available or SemDesktopModeManager not instantiated. Please check Configuration.semDesktopModeEnabled instead.
02-24 17:05:49.377 10326 27944 D Settings_Utils: isSupportMptcp: false
02-24 17:05:49.382 27842 27842 W IInputConnectionWrapper: getCursorCapsMode on inactive InputConnection
02-24 17:05:49.384  2274  2274 I SKBD    : wy [SIIC] getCursorCapsMode done, tookTime=15
02-24 17:05:49.385  2274  2274 I SKBD    : aez startInputViewShowTips: true true
02-24 17:05:49.385  2274  2274 I SKBD    : aez startInputViewShowTips: conditions for show dialog : true true true
02-24 17:05:49.385  2274  2274 I SKBD    : aez showDlgMsgBoxOriginal: true true true
02-24 17:05:49.385  2274  2274 I SKBD    : abx getDefaultInputRange : UNKNOWN
02-24 17:05:49.393   733  2696 D InputMethodManagerService: isImeSwitcherDisabledPackage : false
02-24 17:05:49.393   733  2696 D InputMethodManagerService: shouldShowImeSwitcherLocked : checking
02-24 17:05:49.396  2274  2274 V InputMethodService: showWindow: showing!
02-24 17:05:49.396  2274  2274 I SKBD    : SamsungKeypad onWindowShown
02-24 17:05:49.402  2274  2274 D InputMethodService: AxT9IME.sendInputViewShownState(): true
02-24 17:05:49.402  2274  2274 D InputMethodService: AxT9IME.IS_VISIBLE_CANDIDATE(): 0
02-24 17:05:49.405  2274 28044 I SKBD    : aiq InputMethodSubtype is found as local:en_GB
02-24 17:05:49.412  2274 28044 I SKBD    : aiq InputMethodSubtype is set as local:en_GB
02-24 17:05:49.414   733 29981 D InputMethodManagerService: isImeSwitcherDisabledPackage : false
02-24 17:05:49.414   733 29981 D InputMethodManagerService: shouldShowImeSwitcherLocked : checking
02-24 17:05:49.428   286   286 I SurfaceFlinger: id=1219 createSurf (768x466),1 flag=4, InputMethod
02-24 17:05:49.441  2274  2274 D ViewRootImpl@4a0587d[InputMethod]: Relayout returned: oldFrame=[0,558][768,1024] newFrame=[0,558][768,1024] result=0x7 surface={isValid=true -1605636096} surfaceGenerationChanged=true
02-24 17:05:49.441  2274  2274 D ViewRootImpl@4a0587d[InputMethod]: mHardwareRenderer.initialize() mSurface={isValid=true -1605636096} hwInitialized=true
02-24 17:05:49.444  2274  2274 I SKBD    : act getNaviationBarHeight() first use took : 1
02-24 17:05:49.455  2274  2274 I SKBD    : SamsungKeypad onFinishInputView
02-24 17:05:49.456  2274  2274 I SKBD    : uz onFinishInput() took nanoTime:  121250
02-24 17:05:49.456  2274  2274 E SKBD    : aeo getInstance start
02-24 17:05:49.456  2274  2274 E SKBD    : aeo sendSIPInformation state: 6   isAbstractKeyboardView :  true
02-24 17:05:49.458  2274  2274 I SKBD    : SamsungKeypad [IMI] onStartInput - caller pid : 27842, caller uid : 10020
02-24 17:05:49.458  2274  2274 I SKBD    : abx getDefaultInputRange : UNKNOWN
02-24 17:05:49.458  2274  2274 I SKBD    : act resetBinderManager()
02-24 17:05:49.458  2274  2274 I SKBD_SYNC: SamsungKeypad onStartInput: import DLM
02-24 17:05:49.458  2274  2274 I SKBD    : SamsungKeypad onStartInputView
02-24 17:05:49.459  2274  2274 I SKBD    : LegalAgreementActivity check legal agreement: false , false , false
02-24 17:05:49.459  2274  2274 I SKBD    : act resetBinderManager()
02-24 17:05:49.464  2274  2274 I SKBD    : wf [startInputView] info.inputType = 1 info.imeOptions = 10000003
02-24 17:05:49.465  2274  2274 I SKBD    : aea [Utils] isKNOX is ver2.0
02-24 17:05:49.465  2274  2274 I SKBD    : uz onStartInput() took nanoTime:  55833
02-24 17:05:49.465  2274  2274 I SKBD    : abx setPrivateImeOptionsToTable imeOptions ( nm )
02-24 17:05:49.465  2274  2274 I SKBD    : abx PrivateImeOptionsTable is empty
02-24 17:05:49.468  2274 28049 E SKBD    : aeo sending null keyboardInfo as SIP is closed
02-24 17:05:49.471  2274  2274 I SKBD    : Update SetupWizard State usc : 1 pss : false
02-24 17:05:49.471  2274  2274 I SKBD    : abx getDefaultInputRange : UNKNOWN
02-24 17:05:49.471  2274  2274 I SKBD    : abx getDefaultInputRange : UNKNOWN
02-24 17:05:49.471  2274  2274 I SKBD    : abx setPrivateImeOptionsToTable imeOptions ( nm )
02-24 17:05:49.471  2274  2274 I SKBD    : abx PrivateImeOptionsTable is empty
02-24 17:05:49.475  2274  2274 I SKBD    : Update SetupWizard State usc : 1 pss : false
02-24 17:05:49.475  2274  2274 I SKBD    : abx getDefaultInputRange : UNKNOWN
02-24 17:05:49.475  2274  2274 I SKBD    : abx getDefaultInputRange : UNKNOWN
02-24 17:05:49.489  2274  2274 W SemDesktopModeManager: Desktop Mode feature not available or SemDesktopModeManager not instantiated. Please check Configuration.semDesktopModeEnabled instead.
02-24 17:05:49.489  2274  2274 W SemDesktopModeManager: Desktop Mode feature not available or SemDesktopModeManager not instantiated. Please check Configuration.semDesktopModeEnabled instead.
02-24 17:05:49.490  2274  2274 W SemDesktopModeManager: Desktop Mode feature not available or SemDesktopModeManager not instantiated. Please check Configuration.semDesktopModeEnabled instead.
02-24 17:05:49.491  2274  2274 W SemDesktopModeManager: Desktop Mode feature not available or SemDesktopModeManager not instantiated. Please check Configuration.semDesktopModeEnabled instead.
02-24 17:05:49.493  2274  2274 W SemDesktopModeManager: Desktop Mode feature not available or SemDesktopModeManager not instantiated. Please check Configuration.semDesktopModeEnabled instead.
02-24 17:05:49.493  2274  2274 W SemDesktopModeManager: Desktop Mode feature not available or SemDesktopModeManager not instantiated. Please check Configuration.semDesktopModeEnabled instead.
02-24 17:05:49.518   286   286 D SurfaceFlinger:   Display[0] configurations (* current):
02-24 17:05:49.518   286   286 D SurfaceFlinger:     * 0: 768x1024, xdpi=159.895004, ydpi=159.567993, refresh=16666667
02-24 17:05:49.518   286   286 D SurfaceFlinger:   numHwLayers=5, flags=00000000
02-24 17:05:49.518   286   286 D SurfaceFlinger:     type   |  handle  | hint | flag | tr | blnd |   format    |     source crop (l,t,r,b)      |          frame         | name
02-24 17:05:49.518   286   286 D SurfaceFlinger: -----------+----------+------+------+----+------+-------------+--------------------------------+------------------------+------
02-24 17:05:49.518   286   286 D SurfaceFlinger:        HWC | aecc4300 | 0002 | 0000 | 00 | 0100 | RGB_888     |    0.0,    0.0,  768.0, 1024.0 |    0,    0,  768, 1024 | com.android.systemui.ImageWallpaper
02-24 17:05:49.518   286   286 D SurfaceFlinger:       GLES | 00000000 | 0000 | 0001 | 00 | 0105 | ? ffffffff  |    0.0,    0.0,   -1.0,   -1.0 |    0,    0,  768, 1024 | DimLayerController/Stack=0
02-24 17:05:49.518   286   286 D SurfaceFlinger:       GLES | aecc46c0 | 0000 | 0000 | 00 | 0105 | RGBA_8888   |    0.0,    0.0,  768.0, 1024.0 |    0,    0,  768, 1024 | com.samsung.android.app.galaxyfinder/com.samsung.android.app.galaxyfinder.GalaxyFinderActivity
02-24 17:05:49.518   286   286 D SurfaceFlinger:       GLES | aecc43c0 | 0000 | 0000 | 00 | 0105 | RGBA_8888   |    0.0,    0.0,  768.0,   27.0 |
02-24 17:05:49.518   286   286 D SurfaceFlinger: 0,    0,  768,   27 | StatusBar
02-24 17:05:49.518   286   286 D SurfaceFlinger:  FB TARGET | b2822620 | 0000 | 0000 | 00 | 0105 | RGBA_8888   |    0.0,    0.0,  768.0, 1024.0 |    0,    0,  768, 1024 | HWC_FRAMEBUFFER_TARGET
02-24 17:05:49.522  2274  2274 W SemDesktopModeManager: Desktop Mode feature not available or SemDesktopModeManager not instantiated. Please check Configuration.semDesktopModeEnabled instead.
02-24 17:05:49.522  2274  2274 W SemDesktopModeManager: Desktop Mode feature not available or SemDesktopModeManager not instantiated. Please check Configuration.semDesktopModeEnabled instead.
02-24 17:05:49.528  2274  2274 W SemDesktopModeManager: Desktop Mode feature not available or SemDesktopModeManager not instantiated. Please check Configuration.semDesktopModeEnabled instead.
02-24 17:05:49.528  2274  2274 W SemDesktopModeManager: Desktop Mode feature not available or SemDesktopModeManager not instantiated. Please check Configuration.semDesktopModeEnabled instead.
02-24 17:05:49.617  2274  2274 I SKBD    : Xt9ConfigMgr ET9AWSetConstructedWords mFieldSpecificType = 0
02-24 17:05:49.618  2274  2274 I SKBD    : XT9Engine SKDB mExistingShortCutNum  : 0 updating : 0
02-24 17:05:49.619  2274  2274 I SKBD    : Xt9ConfigMgr initLinguistic : 2057, 48
02-24 17:05:49.619  2274  2274 I SKBD    : aar getUmlautMap() languageCode : en_GB
02-24 17:05:49.620  2274  2274 I SKBD    : aar getUmlautMap() umluatMap size : 0
02-24 17:05:49.638 27842 27842 D AbsListView:  in onLayout changed
02-24 17:05:49.640  2274  2274 I SKBD    : wf [IMI] isChangedMainValues - mPendingRefreshKeyboardView : true
02-24 17:05:49.641  2274  2274 I SKBD    : abx getDefaultInputRange : UNKNOWN
02-24 17:05:49.641  2274  2274 E SKBD    : ahi setCurrentInputModule mCurrentInputModule index: 10
02-24 17:05:49.656 27842 27842 W IInputConnectionWrapper: finishComposingText on inactive InputConnection
02-24 17:05:49.672   733 16597 D ActivityTrigger: ActivityTrigger activityStopTrigger
02-24 17:05:49.677  2660  2660 D StageManager: saved stages : inStack [1, 2] , outStack[]
02-24 17:05:49.696  2274  2274 I SKBD    : Xt9ConfigMgr ET9AWSetConstructedWords mFieldSpecificType = 0
02-24 17:05:49.697  2274  2274 I SKBD    : XT9Engine SKDB mExistingShortCutNum  : 0 updating : 0
02-24 17:05:49.698  2274  2274 I SKBD    : Xt9ConfigMgr initLinguistic : 2057, 57
02-24 17:05:49.704  2274  2274 I SKBD    : abx getDefaultInputRange : UNKNOWN
02-24 17:05:49.705  2274  2274 I SKBD    : abx getDefaultInputRange : UNKNOWN
02-24 17:05:49.705  2274  2274 I SKBD    : abx getDefaultLanguage() value is null
02-24 17:05:49.706   286  4278 I SurfaceFlinger: id=1217 Removed com.sec.android.app.launcher/com.sec.android.app.launcher.activities.LauncherActivity (1/6)
02-24 17:05:49.706   286  2318 I SurfaceFlinger: id=1217 Removed com.sec.android.app.launcher/com.sec.android.app.launcher.activities.LauncherActivity (-2/6)
02-24 17:05:49.709  2274  2274 E SKBD    : ahi setCurrentInputModule mCurrentInputModule index: 10
02-24 17:05:49.761  2274  2274 I SKBD    : Xt9ConfigMgr ET9AWSetConstructedWords mFieldSpecificType = 0
02-24 17:05:49.762  2274  2274 I SKBD    : XT9Engine SKDB mExistingShortCutNum  : 0 updating : 0
02-24 17:05:49.762  2274  2274 I SKBD    : Xt9ConfigMgr initLinguistic : 2057, 53
02-24 17:05:49.763  2274  2274 I SKBD    : aar getUmlautMap() languageCode : en_GB
02-24 17:05:49.763  2274  2274 I SKBD    : aar getUmlautMap() umluatMap size : 0
02-24 17:05:49.765  2274  2274 W SemDesktopModeManager: Desktop Mode feature not available or SemDesktopModeManager not instantiated. Please check Configuration.semDesktopModeEnabled instead.
02-24 17:05:49.768  2274  2274 E SKBD    : ahi setCurrentInputModule mCurrentInputModule index: 10
02-24 17:05:49.815  2274 28052 I SKBD    : wy [SIIC] getCursorCapsMode done, tookTime=92
02-24 17:05:49.816  2274  2274 I SKBD    : Xt9ConfigMgr ET9AWSetConstructedWords mFieldSpecificType = 0
02-24 17:05:49.817  2274  2274 I SKBD    : XT9Engine SKDB mExistingShortCutNum  : 0 updating : 0
02-24 17:05:49.817  2274  2274 I SKBD    : Xt9ConfigMgr initLinguistic : 2057, 49
02-24 17:05:49.818  2274  2274 I SKBD    : aio getCurrentKeyboard
02-24 17:05:49.818  2274  2274 I SKBD    : aio getTextKeyboard
02-24 17:05:49.819  2274  2274 I SKBD    : aio CarMode is off
02-24 17:05:49.823  2274  2274 I SKBD_DUAL: KeyboardLayoutSettingsFragment getVirtualWidth: modifying virtualWidth as it is greater than deviceWidth
02-24 17:05:49.823  2274  2274 I SKBD    : aen [Resize] mFractionBaseWidth  768  mAdditionalLeftPadding  0
02-24 17:05:49.825  2274  2274 I SKBD    : aen [Resize]Row #  0  mTotalWidth  768
02-24 17:05:49.826  2274  2274 I SKBD    : aen [Resize]Row #  1  mTotalWidth  768
02-24 17:05:49.826  2274  2274 I SKBD    : aen [Resize]Row #  2  mTotalWidth  768
02-24 17:05:49.827  2274  2274 I SKBD    : aen [Resize]Row #  3  mTotalWidth  768
02-24 17:05:49.829  2274  2274 I SKBD    : aen [Resize] Row #  4  mTotalWidth  768
02-24 17:05:49.831  2274  2274 D SKBD    : mIsUseStaticTouchRecognizedArea =  false
02-24 17:05:49.834  2274  2274 I SKBD    : XT9Engine setKeyboardSize : error - 0, witdh - 768, height - 337
02-24 17:05:49.858 27842 27842 D AbsListView:  in onLayout changed
02-24 17:05:49.864  2274  2274 I SKBD    : wy [SIIC] getCursorCapsMode done, tookTime=29
02-24 17:05:49.866  2274  2274 I SKBD    : aez startInputViewShowTips: true true
02-24 17:05:49.866  2274  2274 I SKBD    : aez startInputViewShowTips: conditions for show dialog : true false true
02-24 17:05:49.866  2274  2274 I SKBD    : aez showDlgMsgBoxOriginal: true true true
02-24 17:05:49.866  2274  2274 I SKBD    : abx getDefaultInputRange : UNKNOWN
02-24 17:05:49.869  2274  2274 V InputMethodService: showSoftInput(), flags : 1
02-24 17:05:49.871  2274  2274 D InputMethodService: SWI - SIR true, mIVS : true
02-24 17:05:49.871  2274  2274 D InputMethodService: AxT9IME.sendInputViewShownState(): true
02-24 17:05:49.871  2274  2274 D InputMethodService: AxT9IME.IS_VISIBLE_CANDIDATE(): 0
02-24 17:05:49.872 10326 27944 D Settings_Utils: ApplicationInfo is not null. get appName = Calendar
02-24 17:05:49.877  2274 28054 I SKBD    : aiq InputMethodSubtype is found as local:en_GB
02-24 17:05:49.877   733  2699 D InputMethodManagerService: isImeSwitcherDisabledPackage : false
02-24 17:05:49.877   733  2699 D InputMethodManagerService: shouldShowImeSwitcherLocked : checking
02-24 17:05:49.881  2274 28054 I SKBD    : aiq InputMethodSubtype is set as local:en_GB
02-24 17:05:49.889 10326 27944 D Settings_Utils: ApplicationInfo is not null. get appName = Messages
02-24 17:05:49.892 10326 27944 D Settings_Utils: ApplicationInfo is not null. get appName = Messages
02-24 17:05:49.893  2274  2274 D ViewRootImpl@4a0587d[InputMethod]: Relayout returned: oldFrame=[0,558][768,1024] newFrame=[0,558][768,1024] result=0x1 surface={isValid=true -1605636096} surfaceGenerationChanged=false
02-24 17:05:49.895  2274  2274 I SKBD    : act getNaviationBarHeight() first use took : 2
02-24 17:05:49.898 10326 27944 D Settings_Utils: ApplicationInfo is not null. get appName = Email
02-24 17:05:49.963  2274  2274 W SemDesktopModeManager: Desktop Mode feature not available or SemDesktopModeManager not instantiated. Please check Configuration.semDesktopModeEnabled instead.
02-24 17:05:49.963  2274  2274 W SemDesktopModeManager: Desktop Mode feature not available or SemDesktopModeManager not instantiated. Please check Configuration.semDesktopModeEnabled instead.
02-24 17:05:49.964  2274  2274 W SemDesktopModeManager: Desktop Mode feature not available or SemDesktopModeManager not instantiated. Please check Configuration.semDesktopModeEnabled instead.
02-24 17:05:49.964  2274  2274 W SemDesktopModeManager: Desktop Mode feature not available or SemDesktopModeManager not instantiated. Please check Configuration.semDesktopModeEnabled instead.
02-24 17:05:49.965  2274  2274 W SemDesktopModeManager: Desktop Mode feature not available or SemDesktopModeManager not instantiated. Please check Configuration.semDesktopModeEnabled instead.
02-24 17:05:49.965  2274  2274 W SemDesktopModeManager: Desktop Mode feature not available or SemDesktopModeManager not instantiated. Please check Configuration.semDesktopModeEnabled instead.
02-24 17:05:49.966  2274  2274 W SemDesktopModeManager: Desktop Mode feature not available or SemDesktopModeManager not instantiated. Please check Configuration.semDesktopModeEnabled instead.
02-24 17:05:49.966  2274  2274 W SemDesktopModeManager: Desktop Mode feature not available or SemDesktopModeManager not instantiated. Please check Configuration.semDesktopModeEnabled instead.
02-24 17:05:49.971  2274  2274 W SemDesktopModeManager: Desktop Mode feature not available or SemDesktopModeManager not instantiated. Please check Configuration.semDesktopModeEnabled instead.
02-24 17:05:49.971  2274  2274 W SemDesktopModeManager: Desktop Mode feature not available or SemDesktopModeManager not instantiated. Please check Configuration.semDesktopModeEnabled instead.
02-24 17:05:49.976  2274  2274 I SKBD    : AbstractKeyboardView drawAllKey nanoTime= 74933698, isOrientationLandscape= false
02-24 17:05:49.993  1636  1897 D NetworkController.MobileSignalController(0/-2): onSignalStrengthsChanged signalStrength=SignalStrength: 27 99 -120 -160 -120 -1 -1 99 2147483647 2147483647 2147483647 2147483647 2147483647 0x4 gsm|lte level=4
02-24 17:05:49.993  1636  1897 D NetworkController.MobileSignalController(0/-2): getMobileIconGroup(): 0
02-24 17:05:49.993  2274  2274 I SKBD    : wy [SIIC] getSelectedText done, tookTime=0
02-24 17:05:49.994  2274  2274 I SKBD    : wy [SIIC] getTextBeforeCursor[1] done, tookTime=1
02-24 17:05:49.995  2274  2274 I SKBD    : wy [SIIC] getTextAfterCursor[1] done, tookTime=1
02-24 17:05:49.996  2274  2274 I SKBD    : wy [SIIC] getTextBeforeCursor[63] done, tookTime=1
02-24 17:05:50.024  2274  2274 I SKBD    : XT9Engine updateSelectList : 28
02-24 17:05:50.028  2274  2274 I SKBD    : [IIManager] IIfo CDT [size: 9] [cpl: 0] [ar: false] 0:[l: 6]][sc : 2][c: 6][sp: false] 1:[l: 8]][sc : 2][c: 8][sp: false] 2:[l: 4]][sc : 2][c: 4][sp: false] 3:[l: 11]][sc : 2][c: 11][sp: false]
02-24 17:05:50.035   286   286 D SurfaceFlinger:   Display[0] configurations (* current):
02-24 17:05:50.035   286   286 D SurfaceFlinger:     * 0: 768x1024, xdpi=159.895004, ydpi=159.567993, refresh=16666667
02-24 17:05:50.035   286   286 D SurfaceFlinger:   numHwLayers=6, flags=00000000
02-24 17:05:50.035   286   286 D SurfaceFlinger:     type   |  handle  | hint | flag | tr | blnd |   format    |     source crop (l,t,r,b)      |          frame         | name
02-24 17:05:50.035   286   286 D SurfaceFlinger: -----------+----------+------+------+----+------+-------------+--------------------------------+------------------------+------
02-24 17:05:50.035   286   286 D SurfaceFlinger:        HWC | aecc4300 | 0002 | 0000 | 00 | 0100 | RGB_888     |    0.0,    0.0,  768.0, 1024.0 |    0,    0,  768, 1024 | com.android.systemui.ImageWallpaper
02-24 17:05:50.035   286   286 D SurfaceFlinger:       GLES | 00000000 | 0000 | 0001 | 00 | 0105 | ? ffffffff  |    0.0,    0.0,   -1.0,   -1.0 |    0,    0,  768, 1024 | DimLayerController/Stack=0
02-24 17:05:50.035   286   286 D SurfaceFlinger:       GLES | aecc48a0 | 0000 | 0000 | 00 | 0105 | RGBA_8888   |    0.0,    0.0,  768.0, 1024.0 |    0,    0,  768, 1024 | com.samsung.android.app.galaxyfinder/com.samsung.android.app.galaxyfinder.GalaxyFinderActivity
02-24 17:05:50.035   286   286 D SurfaceFlinger:       GLES | aecc4660 | 0000 | 0000 | 00 | 0105 | RGBA_8888   |    0.0,    0.0,  768.0,  398.0 |
02-24 17:05:50.035   286   286 D SurfaceFlinger: 0,  626,  768, 1024 | InputMethod
02-24 17:05:50.035   286   286 D SurfaceFlinger:       GLES | aecc43c0 | 0000 | 0000 | 00 | 0105 | RGBA_8888   |    0.0,    0.0,  768.0,   27.0 |    0,    0,  768,   27 | StatusBar
02-24 17:05:50.035   286   286 D SurfaceFlinger:  FB TARGET | b28226e0 | 0000 | 0000 | 00 | 0105 | RGBA_8888   |    0.0,    0.0,  768.0, 1024.0 |    0,    0,  768, 1024 | HWC_FRAMEBUFFER_TARGET
02-24 17:05:50.087 10326 27944 D Settings_Utils: isSupportBoostMode: false
02-24 17:05:50.087 10326 27944 D Settings_Utils: isGameModeEnabled: false
02-24 17:05:50.184 10326 27944 I Settings_Utils: disable_offslot SIM1 Status : ABSENT, SIM2 Status : NOTREADY
02-24 17:05:50.184 10326 27944 I Settings_Utils: disable_offslot SIM1 icc_type : true, SIM2 icc_type : true
02-24 17:05:50.460 10326 27944 I ReactiveServiceManager: Supported : 0
02-24 17:05:50.460 10326 27944 I ReactiveServiceManager: Supported : 0
02-24 17:05:50.465 10326 27944 I ReactiveServiceManager: Supported : 0
02-24 17:05:50.465 10326 27944 I ReactiveServiceManager: Supported : 0
02-24 17:05:50.468 10326 27944 I ReactiveServiceManager: Supported : 0
02-24 17:05:50.469 10326 27944 I ReactiveServiceManager: Supported : 0
02-24 17:05:50.470 10326 27944 D Settings_Utils: isFaceDisabled : disableByFingerprintFlag : false
02-24 17:05:50.470 10326 27944 D Settings_Utils: isFaceDisabled by DPM : false
02-24 17:05:50.471   733  2633 D SecContentProvider: query(), uri = 14 selection = isBiometricAuthenticationEnabled
02-24 17:05:50.473 10326 27944 D Settings_Utils: isFaceDisabled by EDM : false
02-24 17:05:50.473 10326 27944 D Settings_Utils: isFingerprintDisabled by DPM : false
02-24 17:05:50.474   733  6024 D SecContentProvider: query(), uri = 14 selection = isBiometricAuthenticationEnabled
02-24 17:05:50.476 10326 27944 D Settings_Utils: isFingerprintDisabled by EDM : false
02-24 17:05:50.477   733  1928 D SecContentProvider: query(), uri = 14 selection = isBiometricAuthenticationEnabled
02-24 17:05:50.483   733 16597 D UcmService: getKeyguardStorageForCurrentUser : 0
02-24 17:05:50.483   733 16597 D UcmService: isFileExist : false
02-24 17:05:50.517 10326 27944 W ResourceType: ResTable_typeSpec entry count inconsistent: given 76, previously 78
02-24 17:05:50.517 10326 27944 W ResourceType: ResTable_typeSpec entry count inconsistent: given 3262, previously 3285
02-24 17:05:50.525 10326 27944 I ReactiveServiceManager: Supported : 0
02-24 17:05:50.525 10326 27944 I ReactiveServiceManager: Supported : 0
02-24 17:05:50.538 10326 27944 I ReactiveServiceManager: Supported : 0
02-24 17:05:50.539 10326 27944 I ReactiveServiceManager: Supported : 0
02-24 17:05:50.733 10326 27944 I com.samsung.android.settings.UCMHelpUtils: isSmartCardAuthenticationAvailable: false
02-24 17:05:50.733 10326 27944 D com.samsung.android.settings.UCMHelpUtils: isSmartcardAvailable : false
02-24 17:05:50.734 10326 27944 D Settings_Utils: isFaceDisabled : disableByFingerprintFlag : false
02-24 17:05:50.734 10326 27944 D Settings_Utils: isFaceDisabled by DPM : false
02-24 17:05:50.735   733  1712 D SecContentProvider: query(), uri = 14 selection = isBiometricAuthenticationEnabled
02-24 17:05:50.737 10326 27944 D Settings_Utils: isFaceDisabled by EDM : false
02-24 17:05:50.738 10326 27944 D Settings_Utils: isFingerprintDisabled by DPM : false
02-24 17:05:50.739   733 28804 D SecContentProvider: query(), uri = 14 selection = isBiometricAuthenticationEnabled
02-24 17:05:50.741 10326 27944 D Settings_Utils: isFingerprintDisabled by EDM : false
02-24 17:05:50.743   733  2696 D SecContentProvider: query(), uri = 14 selection = isBiometricAuthenticationEnabled
02-24 17:05:50.827 15462 15474 D [WeatherWidget(15121)]  DB L1: {[AAC4384C35CA6909274880C63FD2B8C5C23F90F1E4FCAD3137C9B25E5485CF6C1000AE6F3DB8FD250030CA6F5450708238EA5D2A3514F8ECDBEF8CCA64708B830F96DA543968F2018B58B75414B9CA311335DD5B05B1E5778E6F1A3117E96E37]}
02-24 17:05:50.837 10326 27944 D Settings_Utils: Daemon version : 2016
02-24 17:05:50.863   733  2633 D UcmService: getKeyguardStorageForCurrentUser : 0
02-24 17:05:50.863   733  2633 D UcmService: isFileExist : false
02-24 17:05:50.986 27799 27814 I QueryController: Matched selector: UiSelector[TEXT=Settings, CLASS=android.widget.TextView] <<==>> [android.view.accessibility.AccessibilityNodeInfo@80024f6b; boundsInParent: Rect(0, 0 - 120, 36); boundsInScreen: Rect(76, 458 - 196, 494); packageName: com.samsung.android.app.galaxyfinder; className: android.widget.TextView; text: Settings; error: null; maxTextLength: -1; contentDescription: null; viewIdResName: com.samsung.android.app.galaxyfinder:id/title; checkable: false; checked: false; focusable: false; focused: false; selected: false; clickable: false; longClickable: false; contextClickable: false; enabled: true; password: false; scrollable: false; actions: [AccessibilityAction: ACTION_SELECT - null, AccessibilityAction: ACTION_CLEAR_SELECTION - null, AccessibilityAction: ACTION_ACCESSIBILITY_FOCUS - null, AccessibilityAction: ACTION_NEXT_AT_MOVEMENT_GRANULARITY - null, AccessibilityAction: ACTION_PREVIOUS_AT_MOVEMENT_GRANULARITY - null, AccessibilityAction: ACTION_SET_SELECTION - null, AccessibilityAction: ACTION_SHOW_ON_SCREEN - null]]
02-24 17:05:51.005 27799 27814 I QueryController: Matched selector: UiSelector[TEXT=Settings, CLASS=android.widget.TextView] <<==>> [android.view.accessibility.AccessibilityNodeInfo@80024f6b; boundsInParent: Rect(0, 0 - 120, 36); boundsInScreen: Rect(76, 458 - 196, 494); packageName: com.samsung.android.app.galaxyfinder; className: android.widget.TextView; text: Settings; error: null; maxTextLength: -1; contentDescription: null; viewIdResName: com.samsung.android.app.galaxyfinder:id/title; checkable: false; checked: false; focusable: false; focused: false; selected: false; clickable: false; longClickable: false; contextClickable: false; enabled: true; password: false; scrollable: false; actions: [AccessibilityAction: ACTION_SELECT - null, AccessibilityAction: ACTION_CLEAR_SELECTION - null, AccessibilityAction: ACTION_ACCESSIBILITY_FOCUS - null, AccessibilityAction: ACTION_NEXT_AT_MOVEMENT_GRANULARITY - null, AccessibilityAction: ACTION_PREVIOUS_AT_MOVEMENT_GRANULARITY - null, AccessibilityAction: ACTION_SET_SELECTION - null, AccessibilityAction: ACTION_SHOW_ON_SCREEN - null]]
02-24 17:05:51.008 27799 27814 D InteractionController: clickAndSync(136, 476)
02-24 17:05:51.009   733  1715 D InputDispatcher: Inject motion (27782): action=0x0, eventTime=140877158000000, displayId=0
02-24 17:05:51.010   733  1450 I InputDispatcher: Delivering touch to (1636): action: 0x4, toolType: 1
02-24 17:05:51.010   733  1450 I InputDispatcher: Delivering touch to (27842): action: 0x0, toolType: 1
02-24 17:05:51.010   733  1450 I InputDispatcher: Delivering touch to (1636): action: 0x0, toolType: 1
02-24 17:05:51.010 27842 27842 D ViewRootImpl@24f61a[GalaxyFinderActivity]: ViewPostImeInputStage processPointer 0
02-24 17:05:51.076 10326 27944 I com.samsung.android.settings.UCMHelpUtils: isSmartCardAuthenticationAvailable: false
02-24 17:05:51.076 10326 27944 D com.samsung.android.settings.UCMHelpUtils: isSmartcardAvailable : false
02-24 17:05:51.116   733  2698 D InputDispatcher: Inject motion (27782): action=0x1, eventTime=140877263000000, displayId=0
02-24 17:05:51.117   733  1450 I InputDispatcher: Delivering touch to (27842): action: 0x1, toolType: 1
02-24 17:05:51.118   733  1450 I InputDispatcher: Delivering touch to (1636): action: 0x1, toolType: 1
02-24 17:05:51.121 27842 27842 D ViewRootImpl@24f61a[GalaxyFinderActivity]: ViewPostImeInputStage processPointer 1
02-24 17:05:51.123 27842 27842 D AbsListView: onTouchUp() mTouchMode : 1
02-24 17:05:51.183 10326 27944 D Jansky::: cscFeature:
02-24 17:05:51.206 27842 27842 D InputMethodManager: HSIFW - flag : 2 Pid : 27842
02-24 17:05:51.207   733  6024 V InputMethodManagerService: Client requesting input be hidden, flags : 2
02-24 17:05:51.207   733  6024 V InputMethodManagerService: hideCurrentInputLocked : send MSG_HIDE_SOFT_INPUT
02-24 17:05:51.209  2274  2274 V InputMethodService: hideSoftInput(), flags : 0
02-24 17:05:51.213   733  6024 E InputMethodManagerService: Perflock object null
02-24 17:05:51.214   733  2699 D InputMethodManagerService: isImeSwitcherDisabledPackage : false
02-24 17:05:51.215  2274  2274 V InputMethodService: CALL: onFinishInputView
02-24 17:05:51.215  2274  2274 I SKBD    : SamsungKeypad onFinishInputView
02-24 17:05:51.215  2274  2274 I SKBD    : uz onFinishInput() took nanoTime:  112500
02-24 17:05:51.216  2274  2274 E SKBD    : aeo getInstance start
02-24 17:05:51.216  2274  2274 E SKBD    : aeo sendSIPInformation state: 6   isAbstractKeyboardView :  true
02-24 17:05:51.217  2274  2274 V InputMethodService: hideWindow: hiding!
02-24 17:05:51.218  2274  2274 D InputMethodService: notifyKeyboardClosed
02-24 17:05:51.218  2274  2274 D InputMethodService: AxT9IME.sendInputViewShownState(): false
02-24 17:05:51.219  2274  2274 D InputMethodService: AxT9IME.IS_VISIBLE_CANDIDATE(): 0
02-24 17:05:51.220 27842 27842 D InputMethodManager: HSIFW - flag : 0 Pid : 27842
02-24 17:05:51.220   733  2434 V InputMethodManagerService: Client requesting input be hidden, flags : 0
02-24 17:05:51.220   733  2434 V InputMethodManagerService: hideCurrentInputLocked : shouldHideSoftInput is false
02-24 17:05:51.221  2274 28062 E SKBD    : aeo sending null keyboardInfo as SIP is closed
02-24 17:05:51.240  2274  2274 D ViewRootImpl@4a0587d[InputMethod]: mHardwareRenderer.destroy()#1
02-24 17:05:51.251  2274  2274 D ViewRootImpl@4a0587d[InputMethod]: Relayout returned: oldFrame=[0,558][768,1024] newFrame=[0,558][768,1024] result=0x5 surface={isValid=false 0} surfaceGenerationChanged=true
02-24 17:05:51.253   733  2699 D ActivityTrigger: activityStartTrigger: Activity is Triggerred in full screen ApplicationInfo{5eb0171 com.samsung.android.app.galaxyfinder}
02-24 17:05:51.253   733  2699 E ActivityTrigger: activityStartTrigger: not whiteListedcom.samsung.android.app.galaxyfinder/com.samsung.android.app.galaxyfinder.AppLauncherActivity/714000100
02-24 17:05:51.258   733  2699 D InputDispatcher: Focused application set to: xxxx
02-24 17:05:51.259   733  2699 D InputDispatcher: Focus left window: 27842
02-24 17:05:51.261   733  2699 D ActivityTrigger: activityResumeTrigger: The activity in ApplicationInfo{5eb0171 com.samsung.android.app.galaxyfinder} is now in focus and seems to be in full-screen mode
02-24 17:05:51.261   733  2699 E ActivityTrigger: activityResumeTrigger: not whiteListedcom.samsung.android.app.galaxyfinder/com.samsung.android.app.galaxyfinder.AppLauncherActivity/714000100
02-24 17:05:51.261   733  2699 D ActivityTrigger: ActivityTrigger activityPauseTrigger
02-24 17:05:51.302 27842 27842 V InputMethodManager: Starting input: tba=android.view.inputmethod.EditorInfo@997be75 nm : com.samsung.android.app.galaxyfinder ic=null
02-24 17:05:51.302 27842 27842 I InputMethodManager: startInputInner - mService.startInputOrWindowGainedFocus
02-24 17:05:51.303   733   760 D InputMethodManagerService: setCurrentInputInfo - inputContext : null eidtorInfo : android.view.inputmethod.EditorInfo@222b6e2 missingMethods : 0
02-24 17:05:51.303   733   760 D InputTransport: Input channel constructed: fd=420
02-24 17:05:51.303   733   760 D InputTransport: Input channel destroyed: fd=420
02-24 17:05:51.304 27842 27842 D InputTransport: Input channel constructed: fd=75
02-24 17:05:51.304 27842 27842 D InputTransport: Input channel destroyed: fd=70
02-24 17:05:51.304  2274  2274 I SKBD    : SamsungKeypad [IMI] onStartInput - caller pid : 27842, caller uid : 10020
02-24 17:05:51.304   733  1715 D UcmService: getKeyguardStorageForCurrentUser : 0
02-24 17:05:51.304   733  1715 D UcmService: isFileExist : false
02-24 17:05:51.308 27842 27842 W IInputConnectionWrapper: finishComposingText on inactive InputConnection
02-24 17:05:51.309 27842 27842 D ViewRootImpl@24f61a[GalaxyFinderActivity]: MSG_WINDOW_FOCUS_CHANGED 0
02-24 17:05:51.315   733  6025 D ActivityTrigger: activityResumeTrigger: The activity in ApplicationInfo{5eb0171 com.samsung.android.app.galaxyfinder} is now in focus and seems to be in full-screen mode
02-24 17:05:51.316   733  6025 E ActivityTrigger: activityResumeTrigger: not whiteListedcom.samsung.android.app.galaxyfinder/com.samsung.android.app.galaxyfinder.AppLauncherActivity/714000100
02-24 17:05:51.336 27842 27842 W IInputConnectionWrapper: finishComposingText on inactive InputConnection
02-24 17:05:51.346 27842 27842 D ViewRootImpl@24f61a[GalaxyFinderActivity]: Relayout returned: oldFrame=[0,0][768,1024] newFrame=[0,0][768,1024] result=0x1 surface={isValid=true 1746190336} surfaceGenerationChanged=false
02-24 17:05:51.383   733  1519 D InputDispatcher: Focused application set to: xxxx
02-24 17:05:51.386   733  1519 D ActivityTrigger: activityResumeTrigger: The activity in ApplicationInfo{bafe90c com.android.settings} is now in focus and seems to be in full-screen mode
02-24 17:05:51.387   733  1519 E ActivityTrigger: activityResumeTrigger: not whiteListedcom.android.settings/com.android.settings.Settings/25
02-24 17:05:51.387   733  1519 D ActivityTrigger: ActivityTrigger activityPauseTrigger
02-24 17:05:51.395   733  1519 D ActivityTrigger: activityResumeTrigger: The activity in ApplicationInfo{bafe90c com.android.settings} is now in focus and seems to be in full-screen mode
02-24 17:05:51.395   733  1519 E ActivityTrigger: activityResumeTrigger: not whiteListedcom.android.settings/com.android.settings.Settings/25
02-24 17:05:51.403   733  2700 W MultiScreenManagerService: moveTaskBackToDisplayIfNeeded(): root is not base activity
02-24 17:05:51.434   286   535 I SurfaceFlinger: id=1219 Removed InputMethod (3/5)
02-24 17:05:51.437   286   306 I SurfaceFlinger: id=1219 Removed InputMethod (-2/5)
02-24 17:05:51.445   286   286 D SurfaceFlinger:   Display[0] configurations (* current):
02-24 17:05:51.445   286   286 D SurfaceFlinger:     * 0: 768x1024, xdpi=159.895004, ydpi=159.567993, refresh=16666667
02-24 17:05:51.445   286   286 D SurfaceFlinger:   numHwLayers=5, flags=00000000
02-24 17:05:51.445   286   286 D SurfaceFlinger:     type   |  handle  | hint | flag | tr | blnd |   format    |     source crop (l,t,r,b)      |          frame         | name
02-24 17:05:51.445   286   286 D SurfaceFlinger: -----------+----------+------+------+----+------+-------------+--------------------------------+------------------------+------
02-24 17:05:51.445   286   286 D SurfaceFlinger:        HWC | aecc4300 | 0002 | 0000 | 00 | 0100 | RGB_888     |    0.0,    0.0,  768.0, 1024.0 |    0,    0,  768, 1024 | com.android.systemui.ImageWallpaper
02-24 17:05:51.445   286   286 D SurfaceFlinger:       GLES | 00000000 | 0000 | 0001 | 00 | 0105 | ? ffffffff  |    0.0,    0.0,   -1.0,   -1.0 |    0,    0,  768, 1024 | DimLayerController/Stack=0
02-24 17:05:51.445   286   286 D SurfaceFlinger:       GLES | aecc48a0 | 0000 | 0000 | 00 | 0105 | RGBA_8888   |    0.0,    0.0,  768.0, 1024.0 |    0,    0,  768, 1024 | com.samsung.android.app.galaxyfinder/com.samsung.android.app.galaxyfinder.GalaxyFinderActivity
02-24 17:05:51.445   286   286 D SurfaceFlinger:       GLES | aecc43c0 | 0000 | 0000 | 00 | 0105 | RGBA_8888   |    0.0,    0.0,  768.0,   27.0 |
02-24 17:05:51.445   286   286 D SurfaceFlinger: 0,    0,  768,   27 | StatusBar
02-24 17:05:51.445   286   286 D SurfaceFlinger:  FB TARGET | b2822560 | 0000 | 0000 | 00 | 0105 | RGBA_8888   |    0.0,    0.0,  768.0, 1024.0 |    0,    0,  768, 1024 | HWC_FRAMEBUFFER_TARGET
02-24 17:05:51.512   733 29981 D ActivityTrigger: activityResumeTrigger: The activity in ApplicationInfo{bafe90c com.android.settings} is now in focus and seems to be in full-screen mode
02-24 17:05:51.512   733 29981 E ActivityTrigger: activityResumeTrigger: not whiteListedcom.android.settings/com.android.settings.Settings/25
02-24 17:05:51.526   286   304 I SurfaceFlinger: id=1215 Removed com.android.settings/com.android.settings.Settings (3/4)
02-24 17:05:51.527   286  2318 I SurfaceFlinger: id=1215 Removed com.android.settings/com.android.settings.Settings (-2/4)
02-24 17:05:51.531 10326 10326 D ViewRootImpl@42a22a0[Settings]: mHardwareRenderer.destroy()#1
02-24 17:05:51.546 10326 10326 D ViewRootImpl@42a22a0[Settings]: Relayout returned: oldFrame=[0,0][768,1024] newFrame=[0,0][768,1024] result=0x1 surface={isValid=false 0} surfaceGenerationChanged=false
02-24 17:05:51.563 10326 10326 D DashboardSummary: onStart took 0 ms
02-24 17:05:51.577 10326 10326 D SamsungAnalytics: [QueueManager] queue size over. remove oldest log
02-24 17:05:51.578 10326 10326 D SamsungAnalytics: [DLCBinder] already send register request
02-24 17:05:51.578 10326 10326 D SamsungAnalytics: [QueueManager] queue size over. remove oldest log
02-24 17:05:51.578 10326 10326 D SamsungAnalytics: [DLCBinder] already send register request
02-24 17:05:51.578   286   286 D SurfaceFlinger:   Display[0] configurations (* current):
02-24 17:05:51.578   286   286 D SurfaceFlinger:     * 0: 768x1024, xdpi=159.895004, ydpi=159.567993, refresh=16666667
02-24 17:05:51.578   286   286 D SurfaceFlinger:   numHwLayers=4, flags=00000000
02-24 17:05:51.578   286   286 D SurfaceFlinger:     type   |  handle  | hint | flag | tr | blnd |   format    |     source crop (l,t,r,b)      |          frame         | name
02-24 17:05:51.578   286   286 D SurfaceFlinger: -----------+----------+------+------+----+------+-------------+--------------------------------+------------------------+------
02-24 17:05:51.578   286   286 D SurfaceFlinger:        HWC | aecc4300 | 0002 | 0000 | 00 | 0100 | RGB_888     |    0.0,    0.0,  768.0, 1024.0 |    0,    0,  768, 1024 | com.android.systemui.ImageWallpaper
02-24 17:05:51.578   286   286 D SurfaceFlinger:        HWC | aecc4ba0 | 0002 | 0000 | 00 | 0105 | RGBA_8888   |    0.0,    0.0,  768.0, 1024.0 |    0,    0,  768, 1024 | com.samsung.android.app.galaxyfinder/com.samsung.android.app.galaxyfinder.GalaxyFinderActivity
02-24 17:05:51.578   286   286 D SurfaceFlinger:        HWC | aecc43c0 | 0002 | 0000 | 00 | 0105 | RGBA_8888   |    0.0,    0.0,  768.0,   27.0 |    0,    0,  768,   27 | StatusBar
02-24 17:05:51.578   286   286 D SurfaceFlinger:  FB TARGET | b28226e0 | 0000 | 0000 | 00 | 0105 | RGBA_8888   |    0.0,    0.0,  768.0, 1024.0 |    0,    0,  768, 10
02-24 17:05:51.578   286   286 D SurfaceFlinger: 24 | HWC_FRAMEBUFFER_TARGET
02-24 17:05:51.578 10326 10326 D SamsungAnalytics: [QueueManager] queue size over. remove oldest log
02-24 17:05:51.579 10326 10326 D SamsungAnalytics: [DLCBinder] already send register request
02-24 17:05:51.579 10326 10326 D SamsungAnalytics: [QueueManager] queue size over. remove oldest log
02-24 17:05:51.579 10326 10326 D SamsungAnalytics: [DLCBinder] already send register request
02-24 17:05:51.582   733  1519 D SecContentProvider2: query(), uri = 20 selection = isWifiStateChangeAllowed
02-24 17:05:51.588   733  2203 D SecContentProvider: query(), uri = 18 selection = isWifiEnabled
02-24 17:05:51.591 10326 27944 D InputMethodAndLanguageSettings: isInstalledAnySpellCheckerPakcage = false
02-24 17:05:51.591 10326 27944 D InputMethodAndLanguageSettings: cannot find spellcheckerinfo, tsm=android.view.textservice.TextServicesManager@1503b56
02-24 17:05:51.596 10326 10326 W Settings: Setting location_providers_allowed has moved from android.provider.Settings.System to android.provider.Settings.Secure, returning Secure URI.
02-24 17:05:51.598 10326 10326 I LocationSettingsBase: Location mode has been changed
02-24 17:05:51.600   733 28804 D SecContentProvider: query(), uri = 17 selection = isSettingsChangesAllowed
02-24 17:05:51.602   733 29981 D SecContentProvider: query(), uri = 12 selection = isLocationProviderBlocked
02-24 17:05:51.602 10326 27944 D InputMethodAndLanguageSettings: isInstalledAnySpellCheckerPakcage = false
02-24 17:05:51.603 10326 27944 D InputMethodAndLanguageSettings: cannot find spellcheckerinfo, tsm=android.view.textservice.TextServicesManager@1503b56
02-24 17:05:51.604   733  2633 D SecContentProvider: query(), uri = 12 selection = isLocationProviderBlocked
02-24 17:05:51.606   733  6025 D SecContentProvider: query(), uri = 12 selection = isGPSStateChangeAllowed
02-24 17:05:51.607 10326 10326 I LocationSettingsBase: isSettingsChangesAllowed = -1, isLocationProviderBlockedGPS = -1, isLocationProviderBlockedNetwork = -1, isLocationGPSStateChangeAllowed = -1
02-24 17:05:51.607 10326 10326 I LocationSettingsBase: isRestricted()   mdmRestricted= false UserRestricted = false
02-24 17:05:51.608 10326 10326 I LocationSettingsEnabler: onModeChanged : mSwitch = false
02-24 17:05:51.616   733   759 D SecContentProvider: query(), uri = 3 selection = isBluetoothEnabled
02-24 17:05:51.618 10326 10326 D BluetoothEnabler: handleStateChanged:: state : 12
02-24 17:05:51.623  4234  4248 I [+5]oneconnect[1.7.65.43_01][CORE]: ExternalSettingsProvider.getCachedValue - key:device_visibility_enabled - ($)
02-24 17:05:51.626 10326 10326 D WifiCalling: isEnabledWifiCallingActivity: false
02-24 17:05:51.626 10326 10326 D Settings_Utils: isHideMobileNetworks: isEnabled = 0
02-24 17:05:51.631 10326 10326 I Settings_Utils: disable_offslot SIM1 Status : ABSENT, SIM2 Status : NOTREADY
02-24 17:05:51.631 10326 10326 I Settings_Utils: disable_offslot SIM1 icc_type : true, SIM2 icc_type : true
02-24 17:05:51.637   733  2698 D ActivityManager: post active user change for 0 fullscreen true isHomeActivity() false
02-24 17:05:51.646   286   286 I SurfaceFlinger: id=1220 createSurf (768x1024),1 flag=404, com.android.settings/com.android.settings.Settings
02-24 17:05:51.654   733   759 D InputDispatcher: Focus entered window: 10326
02-24 17:05:51.656 10326 10326 D ViewRootImpl@42a22a0[Settings]: Relayout returned: oldFrame=[0,0][768,1024] newFrame=[0,0][768,1024] result=0x7 surface={isValid=true -2047991808} surfaceGenerationChanged=true
02-24 17:05:51.656 10326 10326 D ViewRootImpl@42a22a0[Settings]: mHardwareRenderer.initialize() mSurface={isValid=true -2047991808} hwInitialized=true
02-24 17:05:51.661 10326 10326 D WifiCalling: isEnabledWifiCallingActivity: false
02-24 17:05:51.664 10326 10326 D Settings_Utils: isHideMobileNetworks: isEnabled = 0
02-24 17:05:51.666 10326 10326 I Settings_Utils: disable_offslot SIM1 Status : ABSENT, SIM2 Status : NOTREADY
02-24 17:05:51.666 10326 10326 I Settings_Utils: disable_offslot SIM1 icc_type : true, SIM2 icc_type : true
02-24 17:05:51.694 27917 27929 D BadgeProvider: query, [selection] : package=? AND class=?
02-24 17:05:51.702 10326 10326 I Settings_Utils: getSmartManagerBadgeCount badgeCount : 0
02-24 17:05:51.727 10326 27944 D PrivacyResetSettings: Package not found : IQToggle
02-24 17:05:51.730 10326 27944 D PrivacyResetSettings: NameNotFoundException : MyAccount
02-24 17:05:51.739 10326 10326 D ViewRootImpl@42a22a0[Settings]: MSG_WINDOW_FOCUS_CHANGED 1
02-24 17:05:51.739 10326 10326 D ViewRootImpl@42a22a0[Settings]: mHardwareRenderer.initializeIfNeeded()#2 mSurface={isValid=true -2047991808}
02-24 17:05:51.742 10326 10326 V InputMethodManager: Starting input: tba=android.view.inputmethod.EditorInfo@1746875 nm : com.android.settings ic=null
02-24 17:05:51.742 10326 10326 I InputMethodManager: startInputInner - mService.startInputOrWindowGainedFocus
02-24 17:05:51.742   733  6025 D InputMethodManagerService: windowGainedFocus : mCurrentFocusedUserId - 0 and mSecureKeypadEnabled-false
02-24 17:05:51.758   733  6025 V InputMethodManagerService: windowGainedFocus : reason=WINDOW_FOCUS_GAIN client=android.os.BinderProxy@56ad3d2 inputContext=null missingMethods= attribute=android.view.inputmethod.EditorInfo@d461cb6 nm = com.android.settings controlFlags=#105 softInputMode=#110 windowFlags=#81810100
02-24 17:05:51.758   733  6025 V InputMethodManagerService: Unspecified window will hide input
02-24 17:05:51.758   733  6025 V InputMethodManagerService: hideCurrentInputLocked : shouldHideSoftInput is false
02-24 17:05:51.759   733  6025 D InputMethodManagerService: isImeSwitcherDisabledPackage : false
02-24 17:05:51.759   733  6025 D InputMethodManagerService: setCurrentInputInfo - inputContext : null eidtorInfo : android.view.inputmethod.EditorInfo@d461cb6 missingMethods : 0
02-24 17:05:51.759   733  6025 D InputTransport: Input channel constructed: fd=420
02-24 17:05:51.759   733  6025 D InputTransport: Input channel destroyed: fd=420
02-24 17:05:51.760 10326 10326 D InputTransport: Input channel constructed: fd=74
02-24 17:05:51.760 10326 10326 I SecAirPlaneModeEnabler: onAirplaneModeChanged= true
02-24 17:05:51.761  2274  2274 I SKBD    : SamsungKeypad [IMI] onStartInput - caller pid : 10326, caller uid : 1000
02-24 17:05:51.780 27842 27866 D OpenGLRenderer: endAllActiveAnimators on 0x8ac07280 (GridView) with handle 0x841de670
02-24 17:05:51.780 27842 27842 D ViewRootImpl@24f61a[GalaxyFinderActivity]: mHardwareRenderer.destroy()#1
02-24 17:05:51.790 27842 27842 D ViewRootImpl@24f61a[GalaxyFinderActivity]: Relayout returned: oldFrame=[0,0][768,1024] newFrame=[0,0][768,1024] result=0x5 surface={isValid=false 0} surfaceGenerationChanged=true
02-24 17:05:51.790 27842 27842 D InputTransport: Input channel destroyed: fd=75
02-24 17:05:51.804  2274  2274 I SKBD    : we writeDBdataToFileOnFinishInput()
02-24 17:05:51.862   286   286 D SurfaceFlinger:   Display[0] configurations (* current):
02-24 17:05:51.862   286   286 D SurfaceFlinger:     * 0: 768x1024, xdpi=159.895004, ydpi=159.567993, refresh=16666667
02-24 17:05:51.862   286   286 D SurfaceFlinger:   numHwLayers=5, flags=00000000
02-24 17:05:51.862   286   286 D SurfaceFlinger:     type   |  handle  | hint | flag | tr | blnd |   format    |     source crop (l,t,r,b)      |          frame         | name
02-24 17:05:51.862   286   286 D SurfaceFlinger: -----------+----------+------+------+----+------+-------------+--------------------------------+------------------------+------
02-24 17:05:51.862   286   286 D SurfaceFlinger:        HWC | aecc4300 | 0002 | 0000 | 00 | 0100 | RGB_888     |    0.0,    0.0,  768.0, 1024.0 |    0,    0,  768, 1024 | com.android.systemui.ImageWallpaper
02-24 17:05:51.862   286   286 D SurfaceFlinger:        HWC | aecc46c0 | 0002 | 0000 | 00 | 0105 | RGBA_8888   |   22.0,   28.0,  746.0,  994.0 |    0,    0,  768, 1024 | com.samsung.android.app.galaxyfinder/com.samsung.android.app.galaxyfinder.GalaxyFinderActivity
02-24 17:05:51.862   286   286 D SurfaceFlinger:       GLES | aecc40c0 | 0000 | 0000 | 00 | 0100 | RGBA_8888   |    0.0,    0.0,  768.0, 1023.0 |  141,  188,  626,  834 | com.android.settings/com.android.settings.Settings
02-24 17:05:51.862   286   286 D SurfaceFlinger:       GLES | aecc43c0 | 0000 | 0000 | 00 | 0105 | RGBA_8888   |    0.0,    0
02-24 17:05:51.862   286   286 D SurfaceFlinger: .0,  768.0,   27.0 |    0,    0,  768,   27 | StatusBar
02-24 17:05:51.862   286   286 D SurfaceFlinger:  FB TARGET | b2822620 | 0000 | 0000 | 00 | 0105 | RGBA_8888   |    0.0,    0.0,  768.0, 1024.0 |    0,    0,  768, 1024 | HWC_FRAMEBUFFER_TARGET
02-24 17:05:52.031 10326 27944 E VaultKeeperManager: VaultKeeperService is null
02-24 17:05:52.031 10326 27944 E VaultKeeperManager: Unauthorized Pkg. Manager can't be provided.
02-24 17:05:52.031 10326 27944 I RlcManager: query(void)
02-24 17:05:52.031 10326 27944 E RlcManager: [-5]Error from VaultKeeper Manager is null object
