02-23 11:36:00.412   286  2318 I SurfaceFlinger: id=1097 Removed com.android.settings/com.android.settings.Settings (3/5)
02-23 11:36:00.414   286  4278 I SurfaceFlinger: id=1097 Removed com.android.settings/com.android.settings.Settings (-2/5)
02-23 11:36:00.424  2660  2660 D TextClock: TextClock received ACTION_TIME_TICK : start
02-23 11:36:00.424  2660  2660 D TextClock: TextClock received ACTION_TIME_TICK : end
02-23 11:36:00.440  2660  2660 D TextClock: TextClock received ACTION_TIME_TICK : start
02-23 11:36:00.440  2660  2660 D TextClock: TextClock received ACTION_TIME_TICK : end
02-23 11:36:00.445 10326 10326 D DashboardSummary: onStart took 0 ms
02-23 11:36:00.451  2660  2660 D TextClock: TextClock received ACTION_TIME_TICK : start
02-23 11:36:00.452  2660  2660 D TextClock: TextClock received ACTION_TIME_TICK : end
02-23 11:36:00.454  2660  2660 D TextClock: TextClock received ACTION_TIME_TICK : start
02-23 11:36:00.456  2660  2660 D TextClock: TextClock received ACTION_TIME_TICK : end
02-23 11:36:00.461  2660  2660 D TextClock: TextClock received ACTION_TIME_TICK : start
02-23 11:36:00.462  2660  2660 D TextClock: TextClock received ACTION_TIME_TICK : end
02-23 11:36:00.464 10326 10326 D SamsungAnalytics: [QueueManager] queue size over. remove oldest log
02-23 11:36:00.464 10326 10326 D SamsungAnalytics: [DLCBinder] already send register request
02-23 11:36:00.464 10326 10326 D SamsungAnalytics: [QueueManager] queue size over. remove oldest log
02-23 11:36:00.464 10326 10326 D SamsungAnalytics: [DLCBinder] already send register request
02-23 11:36:00.465 10326 10326 D SamsungAnalytics: [QueueManager] queue size over. remove oldest log
02-23 11:36:00.465 10326 10326 D SamsungAnalytics: [DLCBinder] already send register request
02-23 11:36:00.465 10326 10326 D SamsungAnalytics: [QueueManager] queue size over. remove oldest log
02-23 11:36:00.465 10326 10326 D SamsungAnalytics: [DLCBinder] already send register request
02-23 11:36:00.466  2660  2660 D TextClock: TextClock received ACTION_TIME_TICK : start
02-23 11:36:00.466  2660  2660 D TextClock: TextClock received ACTION_TIME_TICK : end
02-23 11:36:00.469  2660  2660 D TextClock: TextClock received ACTION_TIME_TICK : start
02-23 11:36:00.469  2660  2660 D TextClock: TextClock received ACTION_TIME_TICK : end
02-23 11:36:00.471   733  2202 D SecContentProvider2: query(), uri = 20 selection = isWifiStateChangeAllowed
02-23 11:36:00.472  2660  2660 D TextClock: TextClock received ACTION_TIME_TICK : start
02-23 11:36:00.472  2660  2660 D TextClock: TextClock received ACTION_TIME_TICK : end
02-23 11:36:00.493   733  2203 D SecContentProvider: query(), uri = 18 selection = isWifiEnabled
02-23 11:36:00.501 10326 17070 D InputMethodAndLanguageSettings: isInstalledAnySpellCheckerPakcage = false
02-23 11:36:00.502 10326 17070 D InputMethodAndLanguageSettings: cannot find spellcheckerinfo, tsm=android.view.textservice.TextServicesManager@1503b56
02-23 11:36:00.502 29609 29609 D [WeatherWidget(15121)]  WeatherService: {[B73D43639EB27FAA34EF41A6129C1FA787B8DDA06B4FC8C3DFFF289A8228DE1D07957C4CB0877FB29CB85D37C68D39BF076A5D6720D2DA7CE46EF7EA2858EC07]}
02-23 11:36:00.504 29609 29609 D [WeatherWidget(15121)]  : {[3AE6950019B083611567B0F9442DB03E36B37708FCADB7FDDBA670B1362D994454BFFFDA2568816BBDDA6DD60F644DCF]}
02-23 11:36:00.505 29609 29609 D [WeatherWidget(15121)]  DB L2: {[610591C4E30FED4A153FF198DAC84EFEE3319B0D622FD4A19809E90ED3C1398368D658B139FCCB8B9564F5B4E9CB634E7BE347E86D3450CAE8A811C0252DC524]}
02-23 11:36:00.505 29609 29609 D [WeatherWidget(15121)]  : {[E9BDC1AC9F9B078A92B3F309630276C89F9B6E52C087A495B97355481F2FDE5B58A757A09967AB7BD9E1187CEA5BB356FACBD4A552A7402C88647F970C513A69]}
02-23 11:36:00.506 29609 29609 D [WeatherWidget(15121)]  DB L2: {[610591C4E30FED4A153FF198DAC84EFE259FA03515F619060291D19B9A2E73CB46DA064369D1073FED4BA9669B425DCA9ADCE0F33462000C701C47845469C87FD68B74D4CDDF8BACC9089CB9748F8E82]}
02-23 11:36:00.507 10326 10326 W Settings: Setting location_providers_allowed has moved from android.provider.Settings.System to android.provider.Settings.Secure, returning Secure URI.
02-23 11:36:00.507 29609 29609 D [WeatherWidget(15121)]  DB L2: {[610591C4E30FED4A153FF198DAC84EFE1A65FB0EE8B7C5763A9CB231BC13495C0980BD17AB2024B4E3F440D28DAC546BC220A7EB5189465828933AD9087CCED1]}
02-23 11:36:00.509 10326 10326 I LocationSettingsBase: Location mode has been changed
02-23 11:36:00.511   733   760 D SecContentProvider: query(), uri = 17 selection = isSettingsChangesAllowed
02-23 11:36:00.513 29609 29609 D [WeatherWidget(15121)]  : {[3AE6950019B083611567B0F9442DB03EF4A0ECA9EDEEE1C6764DEF6294C10F4F0BAD60A0CC696E8D15537EBE77D0F441F941FE30DFEB6E45A2BAA0295B86238B6B5477898ADD292C8EB7917680951853]}
02-23 11:36:00.514   733 28804 D SecContentProvider: query(), uri = 12 selection = isLocationProviderBlocked
02-23 11:36:00.516 29609 29609 D [WeatherWidget(15121)]  : {[A1AF0F6A1A65A89C43D705938923D0FE0259CBA56E4484DDAF167EE897E0098DE850AA1CD21F02772909809D64B9BF9AE6E5F7F21958CF0F4DB66F85A12726FE246A327D8604F2AA50569BBF9BEFBCAB9E4D8471C736E87C94683DD9CD5056D587B60FD3668CB3194E6542BBE3459CC3]}
02-23 11:36:00.516 10326 17070 D InputMethodAndLanguageSettings: isInstalledAnySpellCheckerPakcage = false
02-23 11:36:00.516 10326 17070 D InputMethodAndLanguageSettings: cannot find spellcheckerinfo, tsm=android.view.textservice.TextServicesManager@1503b56
02-23 11:36:00.517   733  2700 D SecContentProvider: query(), uri = 12 selection = isLocationProviderBlocked
02-23 11:36:00.518 29609 29609 D [WeatherWidget(15121)]  : {[4C0512EFA0AB4990F6AA1DF592AD92A7F0B9EF71550DD16C356391DD9598536C]}
02-23 11:36:00.519   733  2699 D SecContentProvider: query(), uri = 12 selection = isGPSStateChangeAllowed
02-23 11:36:00.521 10326 10326 I LocationSettingsBase: isSettingsChangesAllowed = -1, isLocationProviderBlockedGPS = -1, isLocationProviderBlockedNetwork = -1, isLocationGPSStateChangeAllowed = -1
02-23 11:36:00.521 10326 10326 I LocationSettingsBase: isRestricted()   mdmRestricted= false UserRestricted = false
02-23 11:36:00.521 10326 10326 I LocationSettingsEnabler: onModeChanged : mSwitch = false
02-23 11:36:00.534   733  1712 D SecContentProvider: query(), uri = 3 selection = isBluetoothEnabled
02-23 11:36:00.537 10326 10326 D BluetoothEnabler: handleStateChanged:: state : 12
02-23 11:36:00.544  4234  6532 I [+5]oneconnect[1.7.65.43_01][CORE]: ExternalSettingsProvider.getCachedValue - key:device_visibility_enabled - ($)
02-23 11:36:00.550 10326 10326 D WifiCalling: isEnabledWifiCallingActivity: false
02-23 11:36:00.550 10326 10326 D Settings_Utils: isHideMobileNetworks: isEnabled = 0
02-23 11:36:00.553 10326 10326 I Settings_Utils: disable_offslot SIM1 Status : ABSENT, SIM2 Status : NOTREADY
02-23 11:36:00.553 10326 10326 I Settings_Utils: disable_offslot SIM1 icc_type : true, SIM2 icc_type : true
02-23 11:36:00.559   733  2699 D ActivityManager: post active user change for 0 fullscreen true isHomeActivity() false
02-23 11:36:00.566   286   286 I SurfaceFlinger: id=1102 createSurf (768x1024),1 flag=404, com.android.settings/com.android.settings.Settings
02-23 11:36:00.573   733  2698 D InputDispatcher: Focus entered window: 10326
02-23 11:36:00.576 10326 10326 D ViewRootImpl@42a22a0[Settings]: Relayout returned: oldFrame=[0,0][768,1024] newFrame=[0,0][768,1024] result=0x7 surface={isValid=true -2053003264} surfaceGenerationChanged=true
02-23 11:36:00.578 10326 10326 D ViewRootImpl@42a22a0[Settings]: mHardwareRenderer.initialize() mSurface={isValid=true -2053003264} hwInitialized=true
02-23 11:36:00.579  2274  2274 I SKBD    : we writeDBdataToFileOnFinishInput()
02-23 11:36:00.585 10326 10326 D WifiCalling: isEnabledWifiCallingActivity: false
02-23 11:36:00.585 10326 10326 D Settings_Utils: isHideMobileNetworks: isEnabled = 0
02-23 11:36:00.588 10326 10326 I Settings_Utils: disable_offslot SIM1 Status : ABSENT, SIM2 Status : NOTREADY
02-23 11:36:00.588 10326 10326 I Settings_Utils: disable_offslot SIM1 icc_type : true, SIM2 icc_type : true
02-23 11:36:00.618 17034 17046 D BadgeProvider: query, [selection] : package=? AND class=?
02-23 11:36:00.623 10326 10326 I Settings_Utils: getSmartManagerBadgeCount badgeCount : 0
02-23 11:36:00.653 10326 17070 D PrivacyResetSettings: Package not found : IQToggle
02-23 11:36:00.654 10326 17070 D PrivacyResetSettings: NameNotFoundException : MyAccount
02-23 11:36:00.671 10326 10326 D ViewRootImpl@42a22a0[Settings]: MSG_WINDOW_FOCUS_CHANGED 1
02-23 11:36:00.672 10326 10326 D ViewRootImpl@42a22a0[Settings]: mHardwareRenderer.initializeIfNeeded()#2 mSurface={isValid=true -2053003264}
02-23 11:36:00.681 10326 10326 V InputMethodManager: Starting input: tba=android.view.inputmethod.EditorInfo@776fb3c nm : com.android.settings ic=null
02-23 11:36:00.681 10326 10326 I InputMethodManager: startInputInner - mService.startInputOrWindowGainedFocus
02-23 11:36:00.681   733  6025 D InputMethodManagerService: windowGainedFocus : mCurrentFocusedUserId - 0 and mSecureKeypadEnabled-false
02-23 11:36:00.687   733  6025 V InputMethodManagerService: windowGainedFocus : reason=WINDOW_FOCUS_GAIN client=android.os.BinderProxy@56ad3d2 inputContext=null missingMethods= attribute=android.view.inputmethod.EditorInfo@29503b5 nm = com.android.settings controlFlags=#105 softInputMode=#110 windowFlags=#81810100
02-23 11:36:00.687   733  6025 V InputMethodManagerService: Unspecified window will hide input
02-23 11:36:00.687   733  6025 V InputMethodManagerService: hideCurrentInputLocked : shouldHideSoftInput is false
02-23 11:36:00.687   733  6025 D InputMethodManagerService: isImeSwitcherDisabledPackage : false
02-23 11:36:00.688   733  6025 D InputMethodManagerService: setCurrentInputInfo - inputContext : null eidtorInfo : android.view.inputmethod.EditorInfo@29503b5 missingMethods : 0
02-23 11:36:00.688   733  6025 D InputTransport: Input channel constructed: fd=420
02-23 11:36:00.688   733  6025 D InputTransport: Input channel destroyed: fd=420
02-23 11:36:00.688 10326 10326 D InputTransport: Input channel constructed: fd=68
02-23 11:36:00.689 10326 10326 I SecAirPlaneModeEnabler: onAirplaneModeChanged= true
02-23 11:36:00.703 16955 16979 D OpenGLRenderer: endAllActiveAnimators on 0x8bf2cc80 (GridView) with handle 0xa0487e00
02-23 11:36:00.704 16955 16955 D ViewRootImpl@24f61a[GalaxyFinderActivity]: mHardwareRenderer.destroy()#1
02-23 11:36:00.706  2274  2274 I SKBD    : SamsungKeypad [IMI] onStartInput - caller pid : 10326, caller uid : 1000
02-23 11:36:00.715 16955 16955 D ViewRootImpl@24f61a[GalaxyFinderActivity]: Relayout returned: oldFrame=[0,0][768,1024] newFrame=[0,0][768,1024] result=0x5 surface={isValid=false 0} surfaceGenerationChanged=true
02-23 11:36:00.715 16955 16955 D InputTransport: Input channel destroyed: fd=75
02-23 11:36:00.776   286   286 D SurfaceFlinger:   Display[0] configurations (* current):
02-23 11:36:00.776   286   286 D SurfaceFlinger:     * 0: 768x1024, xdpi=159.895004, ydpi=159.567993, refresh=16666667
02-23 11:36:00.776   286   286 D SurfaceFlinger:   numHwLayers=5, flags=00000000
02-23 11:36:00.776   286   286 D SurfaceFlinger:     type   |  handle  | hint | flag | tr | blnd |   format    |     source crop (l,t,r,b)      |          frame         | name
02-23 11:36:00.776   286   286 D SurfaceFlinger: -----------+----------+------+------+----+------+-------------+--------------------------------+------------------------+------
02-23 11:36:00.776   286   286 D SurfaceFlinger:        HWC | aecc4300 | 0002 | 0000 | 00 | 0100 | RGB_888     |    0.0,    0.0,  768.0, 1024.0 |    0,    0,  768, 1024 | com.android.systemui.ImageWallpaper
02-23 11:36:00.776   286   286 D SurfaceFlinger:        HWC | aecc4ea0 | 0002 | 0000 | 00 | 0105 | RGBA_8888   |   22.0,   28.0,  746.0,  994.0 |    0,    0,  768, 1024 | com.samsung.android.app.galaxyfinder/com.samsung.android.app.galaxyfinder.GalaxyFinderActivity
02-23 11:36:00.776   286   286 D SurfaceFlinger:       GLES | aecc4000 | 0000 | 0000 | 00 | 0100 | RGBA_8888   |    0.0,    0.0,  768.0, 1023.0 |  141,  188,  626,  834 | com.android.settings/com.android.settings.Settings
02-23 11:36:00.776   286   286 D SurfaceFlinger:       GLES | aecc42a0 | 0000 | 0000 | 00 | 0105 | RGBA_8888   |    0.0,    0
02-23 11:36:00.776   286   286 D SurfaceFlinger: .0,  768.0,   27.0 |    0,    0,  768,   27 | StatusBar
02-23 11:36:00.776   286   286 D SurfaceFlinger:  FB TARGET | b2822560 | 0000 | 0000 | 00 | 0105 | RGBA_8888   |    0.0,    0.0,  768.0, 1024.0 |    0,    0,  768, 1024 | HWC_FRAMEBUFFER_TARGET
02-23 11:36:00.924 10326 17070 E VaultKeeperManager: VaultKeeperService is null
02-23 11:36:00.924 10326 17070 E VaultKeeperManager: Unauthorized Pkg. Manager can't be provided.
02-23 11:36:00.924 10326 17070 I RlcManager: query(void)
02-23 11:36:00.924 10326 17070 E RlcManager: [-5]Error from VaultKeeper Manager is null object
02-23 11:36:00.925 10326 17070 W System.err: com.samsung.android.service.RemoteLockControl.RemoteLockControlException: [-5]Error from VaultKeeper Manager is null object
02-23 11:36:00.926 10326 17070 W System.err: 	at com.samsung.android.service.RemoteLockControl.RemoteLockControlManager.throwException(RemoteLockControlManager.java:116)
02-23 11:36:00.926 10326 17070 W System.err: 	at com.samsung.android.service.RemoteLockControl.RemoteLockControlManager.query(RemoteLockControlManager.java:832)
02-23 11:36:00.926 10326 17070 W System.err: 	at com.android.settings.DevelopmentSettings.showEnableOemUnlockPreference(DevelopmentSettings.java:1269)
02-23 11:36:00.926 10326 17070 W System.err: 	at com.android.settings.DevelopmentSettings.-wrap1(DevelopmentSettings.java)
02-23 11:36:00.926 10326 17070 W System.err: 	at com.android.settings.DevelopmentSettings$2.getNonIndexableKeys(DevelopmentSettings.java:2728)
02-23 11:36:00.926 10326 17070 W System.err: 	at com.android.settings.search.SecMenu.initInnerSubMenu(SecMenu.java:115)
02-23 11:36:00.926 10326 17070 W System.err: 	at com.android.settings.search.SecInnerMenu.initSubMenu(SecInnerMenu.java:34)
02-23 11:36:00.926 10326 17070 W System.err: 	at com.android.settings.search.SecMenutree.initMainMenues(SecMenutree.java:74)
02-23 11:36:00.926 10326 17070 W System.err: 	at com.android.settings.search.SecIndex$UpdateIndexTask.doInBackground(SecIndex.java:623)
02-23 11:36:00.926 10326 17070 W System.err: 	at com.android.settings.search.SecIndex$UpdateIndexTask.doInBackground(SecIndex.java:610)
02-23 11:36:00.926 10326 17070 W System.err: 	at android.os.AsyncTask$2.call(AsyncTask.java:305)
02-23 11:36:00.926 10326 17070 W System.err: 	at java.util.concurrent.FutureTask.run(FutureTask.java:237)
02-23 11:36:00.926 10326 17070 W System.err: 	at android.os.AsyncTask$SerialExecutor$1.run(AsyncTask.java:243)
02-23 11:36:00.926 10326 17070 W System.err: 	at java.util.concurrent.ThreadPoolExecutor.runWorker(ThreadPoolExecutor.java:1133)
02-23 11:36:00.926 10326 17070 W System.err: 	at java.util.concurrent.ThreadPoolExecutor$Worker.run(ThreadPoolExecutor.java:607)
02-23 11:36:00.926 10326 17070 W System.err: 	at java.lang.Thread.run(Thread.java:762)
02-23 11:36:00.971  1636  1897 D NetworkController.MobileSignalController(0/-2): onSignalStrengthsChanged signalStrength=SignalStrength: 28 99 -120 -160 -120 -1 -1 99 2147483647 2147483647 2147483647 2147483647 2147483647 0x4 gsm|lte level=4
02-23 11:36:00.971  1636  1897 D NetworkController.MobileSignalController(0/-2): getMobileIconGroup(): 0
02-23 11:36:00.978  1636  1897 D NetworkController.MobileSignalController(0/-2): onSignalStrengthsChanged signalStrength=SignalStrength: 28 99 -120 -160 -120 -1 -1 99 2147483647 2147483647 2147483647 2147483647 2147483647 0x4 gsm|lte level=4
02-23 11:36:00.978  1636  1897 D NetworkController.MobileSignalController(0/-2): getMobileIconGroup(): 0
02-23 11:36:00.984 10326 17070 E CustomizedTextParser: getCustomizedText Rule is empty. mRuleMap={}
02-23 11:36:00.986 10326 17070 E CustomizedTextParser: getCustomizedText Rule is empty. mRuleMap={}
02-23 11:36:00.988 10326 17070 E CustomizedTextParser: getCustomizedText Rule is empty. mRuleMap={}
02-23 11:36:01.126   286   286 D SurfaceFlinger:   Display[0] configurations (* current):
02-23 11:36:01.126   286   286 D SurfaceFlinger:     * 0: 768x1024, xdpi=159.895004, ydpi=159.567993, refresh=16666667
02-23 11:36:01.126   286   286 D SurfaceFlinger:   numHwLayers=3, flags=00000000
02-23 11:36:01.126   286   286 D SurfaceFlinger:     type   |  handle  | hint | flag | tr | blnd |   format    |     source crop (l,t,r,b)      |          frame         | name
02-23 11:36:01.126   286   286 D SurfaceFlinger: -----------+----------+------+------+----+------+-------------+--------------------------------+------------------------+------
02-23 11:36:01.126   286   286 D SurfaceFlinger:        HWC | aecc4000 | 0002 | 0000 | 00 | 0100 | RGBA_8888   |    0.0,    0.0,  768.0, 1024.0 |    0,    0,  768, 1024 | com.android.settings/com.android.settings.Settings
02-23 11:36:01.126   286   286 D SurfaceFlinger:        HWC | aecc42a0 | 0002 | 0000 | 00 | 0105 | RGBA_8888   |    0.0,    0.0,  768.0,   27.0 |    0,    0,  768,   27 | StatusBar
02-23 11:36:01.126   286   286 D SurfaceFlinger:  FB TARGET | b2822620 | 0000 | 0000 | 00 | 0105 | RGBA_8888   |    0.0,    0.0,  768.0, 1024.0 |    0,    0,  768, 1024 | HWC_FRAMEBUFFER_TARGET
02-23 11:36:01.133  1636  1636 D ImageWallpaper: onVisibilityChanged: mVisible=true visible=false
02-23 11:36:01.133  1636  1636 D ImageWallpaper: Visibility changed to visible=false
02-23 11:36:01.142   733   864 D ActivityTrigger: ActivityTrigger activityStopTrigger
02-23 11:36:01.161   286   306 I SurfaceFlinger: id=1100 Removed com.samsung.android.app.galaxyfinder/com.samsung.android.app.galaxyfinder.GalaxyFinderActivity (2/5)
02-23 11:36:01.161   286   535 I SurfaceFlinger: id=1100 Removed com.samsung.android.app.galaxyfinder/com.samsung.android.app.galaxyfinder.GalaxyFinderActivity (-2/5)
02-23 11:36:01.176   286   286 W SurfaceFlinger: couldn't log to binary event log: overflow.
02-23 11:36:01.890 16901 16923 I System.out: *************************Settings Application found **************************
02-23 11:36:01.930 16901 16923 I QueryController: Matched selector: UiSelector[RESOURCE_ID=com.android.settings:id/dashboard_container] <<==>> [android.view.accessibility.AccessibilityNodeInfo@80008145; boundsInParent: Rect(0, 0 - 338, 934); boundsInScreen: Rect(0, 90 - 338, 1024); packageName: com.android.settings; className: android.support.v7.widget.RecyclerView; text: null; error: null; maxTextLength: -1; contentDescription: null; viewIdResName: com.android.settings:id/dashboard_container; checkable: false; checked: false; focusable: true; focused: true; selected: false; clickable: false; longClickable: false; contextClickable: false; enabled: true; password: false; scrollable: true; actions: [AccessibilityAction: ACTION_CLEAR_FOCUS - null, AccessibilityAction: ACTION_SELECT - null, AccessibilityAction: ACTION_CLEAR_SELECTION - null, AccessibilityAction: ACTION_ACCESSIBILITY_FOCUS - null, AccessibilityAction: ACTION_SCROLL_FORWARD - null, AccessibilityAction: ACTION_SHOW_ON_SCREEN - null]]
02-23 11:36:01.934   733  1712 D InputDispatcher: Inject motion (16888): action=0x0, eventTime=115087395000000, displayId=0
02-23 11:36:01.935   733  1450 I InputDispatcher: Delivering touch to (1636): action: 0x4, toolType: 1
02-23 11:36:01.935   733  1450 I InputDispatcher: Delivering touch to (10326): action: 0x0, toolType: 1
02-23 11:36:01.935 10326 10326 D ViewRootImpl@42a22a0[Settings]: ViewPostImeInputStage processPointer 0
02-23 11:36:01.950   733  2698 D InputDispatcher: Inject motion (16888): action=0x1, eventTime=115087410000000, displayId=0
02-23 11:36:01.950   733  1450 I InputDispatcher: Delivering touch to (10326): action: 0x1, toolType: 1
02-23 11:36:01.950 10326 10326 D ViewRootImpl@42a22a0[Settings]: ViewPostImeInputStage processPointer 1
02-23 11:36:01.982 16901 16923 I QueryController: Matched selector: UiSelector[TEXT=Connections] <<==>> [android.view.accessibility.AccessibilityNodeInfo@80017907; boundsInParent: Rect(0, 0 - 123, 30); boundsInScreen: Rect(85, 107 - 208, 137); packageName: com.android.settings; className: android.widget.TextView; text: Connections; error: null; maxTextLength: -1; contentDescription: null; viewIdResName: android:id/title; checkable: false; checked: false; focusable: false; focused: false; selected: false; clickable: false; longClickable: false; contextClickable: false; enabled: true; password: false; scrollable: false; actions: [AccessibilityAction: ACTION_SELECT - null, AccessibilityAction: ACTION_CLEAR_SELECTION - null, AccessibilityAction: ACTION_ACCESSIBILITY_FOCUS - null, AccessibilityAction: ACTION_NEXT_AT_MOVEMENT_GRANULARITY - null, AccessibilityAction: ACTION_PREVIOUS_AT_MOVEMENT_GRANULARITY - null, AccessibilityAction: ACTION_SET_SELECTION - null, AccessibilityAction: ACTION_SHOW_ON_SCREEN - null]]
02-23 11:36:01.985 16901 16923 D InteractionController: clickAndSync(146, 122)
02-23 11:36:01.986   733   760 D InputDispatcher: Inject motion (16888): action=0x0, eventTime=115087446000000, displayId=0
02-23 11:36:01.986   733  1450 I InputDispatcher: Delivering touch to (1636): action: 0x4, toolType: 1
02-23 11:36:01.986   733  1450 I InputDispatcher: Delivering touch to (10326): action: 0x0, toolType: 1
02-23 11:36:01.987 10326 10326 D ViewRootImpl@42a22a0[Settings]: ViewPostImeInputStage processPointer 0
02-23 11:36:02.092   733  2203 D InputDispatcher: Inject motion (16888): action=0x1, eventTime=115087552000000, displayId=0
02-23 11:36:02.093   733  1450 I InputDispatcher: Delivering touch to (10326): action: 0x1, toolType: 1
02-23 11:36:02.095 10326 10326 D ViewRootImpl@42a22a0[Settings]: ViewPostImeInputStage processPointer 1
02-23 11:36:02.666 10326 17070 D Index   : Indexing locale 'en_GB' took 4850 millis
02-23 11:36:02.666 10326 17070 D SecMenutree: writeLogFile()
02-23 11:36:02.685 10326 17070 D Settings_Utils: isSupportMptcp: false
02-23 11:36:02.685 10326 17070 D Settings_Utils: isSupportTwoPhoneService: false
02-23 11:36:02.691 10326 17070 V NFC     : this device does not have NFC support
02-23 11:36:02.696   733  2628 D Tethering: tetherableWifiRegexs
02-23 11:36:02.696   733  2628 D Tethering: showLog() wlan0
02-23 11:36:02.696   733  2628 D Tethering: NAP Supported by CSCFeature and not Wifi Model
02-23 11:36:02.696   733  2628 D Tethering: mTetherableWifiRegexs
02-23 11:36:02.696   733  2628 D Tethering: showLog() wlan0
02-23 11:36:02.699   733  2628 E Tethering: No numeric data
02-23 11:36:02.702   733  2460 D Tethering: tetherableWifiRegexs
02-23 11:36:02.702   733  2460 D Tethering: showLog() wlan0
02-23 11:36:02.702   733  2460 D Tethering: NAP Supported by CSCFeature and not Wifi Model
02-23 11:36:02.702   733  2460 D Tethering: mTetherableWifiRegexs
02-23 11:36:02.702   733  2460 D Tethering: showLog() wlan0
02-23 11:36:02.705   733  2460 E Tethering: No numeric data
02-23 11:36:02.707   733  2203 D Tethering: tetherableWifiRegexs
02-23 11:36:02.707   733  2203 D Tethering: showLog() wlan0
02-23 11:36:02.707   733  2203 D Tethering: NAP Supported by CSCFeature and not Wifi Model
02-23 11:36:02.707   733  2203 D Tethering: mTetherableWifiRegexs
02-23 11:36:02.708   733  2203 D Tethering: showLog() wlan0
02-23 11:36:02.710   733  2203 E Tethering: No numeric data
02-23 11:36:02.711   733  2203 D Tethering: mTetherableBluetoothRegexs : 1
02-23 11:36:02.716 10326 17070 D Settings_Utils: isSupportBoostMode: false
02-23 11:36:02.716 10326 17070 D Settings_Utils: isGameModeEnabled: false
02-23 11:36:02.716 10326 17070 D Settings_Utils: easy mode is not displayed.(false,false,false,false)
02-23 11:36:02.748 10326 17070 I TileUtils: getTilesForIntent results count : 41
02-23 11:36:02.750 10326 17070 I TileUtils: getTilesForIntent results count : 0
02-23 11:36:02.753 10326 17070 I TileUtils: getTilesForIntent results count : 5
02-23 11:36:02.755 10326 17070 I TileUtils: getTilesForIntent results count : 1
02-23 11:36:02.762 10326 17071 W SuggestionParser: readSuggestions category : com.android.settings.suggested.category.DOCOMO
02-23 11:36:02.765 10326 17071 I TileUtils: getTilesForIntent results count : 0
02-23 11:36:02.765 10326 17071 W SuggestionParser: suggestions.size : 0
02-23 11:36:02.765 10326 17071 W SuggestionParser: readSuggestions category : com.android.settings.suggested.category.SEC_NEW_UPDATE
02-23 11:36:02.770 10326 17071 I TileUtils: getTilesForIntent results count : 2
02-23 11:36:02.770 10326 17071 W SuggestionParser: suggestions.size : 2
02-23 11:36:02.770 10326 17071 W SuggestionParser: readSuggestions category : com.android.settings.suggested.category.SEC_SETTINGS_ONLY
02-23 11:36:02.779 10326 17071 I TileUtils: getTilesForIntent results count : 3
02-23 11:36:02.779 10326 17071 W SuggestionParser: suggestions.size : 3
02-23 11:36:02.779 10326 17071 D DashboardSummary: suggestions.size() : 3
02-23 11:36:02.779 10326 17071 D DashboardSummary: suggestions.get(i).size() : 0
02-23 11:36:02.779 10326 17071 D DashboardSummary: suggestions.get(i).size() : 2
02-23 11:36:02.785 17034 17074 D BadgeProvider: query, [selection] : package=? AND class=?
02-23 11:36:02.789 17034 17073 D BadgeProvider: query, [selection] : package=? AND class=?
02-23 11:36:02.791 10326 17071 D com.android.settings.dashboard.SuggestionsChecks: hadBadgeCount : com.wssyncmldm, count : 0
02-23 11:36:02.791 10326 17071 D DashboardSummary: isSuggestionComplete : Software update
02-23 11:36:02.793 10326 10326 I Settings_Utils: getSmartManagerBadgeCount badgeCount : 0
02-23 11:36:02.795 17034 17074 D BadgeProvider: query, [selection] : package=? AND class=?
02-23 11:36:02.799 10326 17071 D com.android.settings.dashboard.SuggestionsChecks: hadBadgeCount : com.sec.android.inputmethod, count : 0
02-23 11:36:02.799 10326 17071 D DashboardSummary: isSuggestionComplete : Samsung Keyboard
02-23 11:36:02.800 10326 17071 D DashboardSummary: suggestions.get(i).size() : 3
02-23 11:36:02.810 17034 17045 D BadgeProvider: query, [selection] : package=? AND class=?
02-23 11:36:02.816 17034 17074 D BadgeProvider: query, [selection] : package=? AND class=?
02-23 11:36:02.818 10326 17071 D com.android.settings.dashboard.SuggestionsChecks: hadBadgeCount : com.samsung.android.lool, count : 0
02-23 11:36:02.818 10326 17071 D DashboardSummary: isSuggestionComplete : Device maintenance
02-23 11:36:02.822 10326 10326 I Settings_Utils: getSmartManagerBadgeCount badgeCount : 0
02-23 11:36:02.822 17034 17045 D BadgeProvider: query, [selection] : package=? AND class=?
02-23 11:36:02.828 10326 17071 D com.android.settings.dashboard.SuggestionsChecks: hadBadgeCount : com.samsung.android.lool, count : 0
02-23 11:36:02.829 10326 17071 D DashboardSummary: isSuggestionComplete : Extend your battery life
02-23 11:36:02.832 17034 17046 D BadgeProvider: query, [selection] : package=? AND class=?
02-23 11:36:02.838 10326 17071 D com.android.settings.dashboard.SuggestionsChecks: hadBadgeCount : com.samsung.android.lool, count : 0
02-23 11:36:02.838 10326 17071 D DashboardSummary: isSuggestionComplete : Device security
02-23 11:36:02.854 10326 10326 D DashboardAdapter: hasSettingsSuggestion() : 0
02-23 11:36:02.854 10326 10326 D DashboardAdapter: hasSettingsSuggestion() : 0
02-23 11:36:02.854 10326 10326 D DashboardAdapter: hasSettingsSuggestion() : 0
02-23 11:36:02.876 17034 17046 D BadgeProvider: query, [selection] : package=? AND class=?
02-23 11:36:02.881 10326 10326 I Settings_Utils: getSmartManagerBadgeCount badgeCount : 0
02-23 11:36:03.056  8993  8993 D BoundBrokerSvc: onUnbind: Intent { act=com.google.android.gms.chimera.container.moduleinstall.ModuleInstallService.START dat=chimera-action:com.google.android.gms.chimera.container.moduleinstall.ModuleInstallService.START cmp=com.google.android.gms/.chimera.GmsApiService launchParam=MultiScreenLaunchParams { mDisplayId=0 mBaseDisplayId=0 mFlags=0 } }
02-23 11:36:03.525  1636  1897 D NetworkController.MobileSignalController(0/-2): onSignalStrengthsChanged signalStrength=SignalStrength: 28 99 -120 -160 -120 -1 -1 99 2147483647 2147483647 2147483647 2147483647 2147483647 0x4 gsm|lte level=4
02-23 11:36:03.525  1636  1897 D NetworkController.MobileSignalController(0/-2): getMobileIconGroup(): 0
02-23 11:36:03.527  8871  8871 I Nearby  : Successfully shutdown executor MBleClient.backgroundExecutor. [CONTEXT service_id=49 ]
02-23 11:36:03.528  8871  8871 I Nearby  : Successfully shutdown executor MBleClient.alarmExecutor. [CONTEXT service_id=49 ]
02-23 11:36:03.531 16901 16923 I QueryController: Matched selector: UiSelector[TEXT=Bluetooth, CLASS=android.widget.TextView] <<==>> [android.view.accessibility.AccessibilityNodeInfo@8008c679; boundsInParent: Rect(0, 0 - 109, 30); boundsInScreen: Rect(365, 195 - 474, 225); packageName: com.android.settings; className: android.widget.TextView; text: Bluetooth; error: null; maxTextLength: -1; contentDescription: null; viewIdResName: android:id/title; checkable: false; checked: false; focusable: false; focused: false; selected: false; clickable: false; longClickable: false; contextClickable: false; enabled: true; password: false; scrollable: false; actions: [AccessibilityAction: ACTION_SELECT - null, AccessibilityAction: ACTION_CLEAR_SELECTION - null, AccessibilityAction: ACTION_ACCESSIBILITY_FOCUS - null, AccessibilityAction: ACTION_NEXT_AT_MOVEMENT_GRANULARITY - null, AccessibilityAction: ACTION_PREVIOUS_AT_MOVEMENT_GRANULARITY - null, AccessibilityAction: ACTION_SET_SELECTION - null, AccessibilityAction: ACTION_SHOW_ON_SCREEN - null]]
02-23 11:36:03.533 16901 16923 D InteractionController: clickAndSync(419, 210)
02-23 11:36:03.535   733  1712 D InputDispatcher: Inject motion (16888): action=0x0, eventTime=115088995000000, displayId=0
02-23 11:36:03.535   733  1450 I InputDispatcher: Delivering touch to (1636): action: 0x4, toolType: 1
02-23 11:36:03.535   733  1450 I InputDispatcher: Delivering touch to (10326): action: 0x0, toolType: 1
02-23 11:36:03.535 10326 10326 D ViewRootImpl@42a22a0[Settings]: ViewPostImeInputStage processPointer 0
02-23 11:36:03.643   733  1928 D InputDispatcher: Inject motion (16888): action=0x1, eventTime=115089099000000, displayId=0
02-23 11:36:03.645   733  1450 I InputDispatcher: Delivering touch to (10326): action: 0x1, toolType: 1
02-23 11:36:03.651 10326 10326 D ViewRootImpl@42a22a0[Settings]: ViewPostImeInputStage processPointer 1
02-23 11:36:03.654 10326 10326 D AbsListView: onTouchUp() mTouchMode : 2
02-23 11:36:03.656 10326 10326 D WifiCalling: isEnabledWifiCallingActivity: false
02-23 11:36:03.656 10326 10326 D DeviceListPreferenceFragment: setFilter :: filterType = 0
02-23 11:36:03.672 10326 10326 W BluetoothSettings: onAttach, mIsBtScanDialog : false
02-23 11:36:03.672 10326 10326 W BluetoothSettings: onCreate
02-23 11:36:03.677 10326 10326 D DeviceListPreferenceFragment: onCreate
02-23 11:36:03.726   733  6025 D SecContentProvider2: query(), uri = 20 selection = isWifiStateChangeAllowed
02-23 11:36:03.731   733  2202 D SecContentProvider: query(), uri = 18 selection = isWifiEnabled
02-23 11:36:03.734 10326 10326 D BluetoothEnabler: pause :: unregister BroadcastReceiver
02-23 11:36:03.737   733  1928 D SecContentProvider: query(), uri = 3 selection = isBluetoothEnabled
02-23 11:36:03.762 10326 10326 E SemExpandableListView: setDivider() height=1
02-23 11:36:03.766 10326 10326 D BluetoothExpListAdapter: setDiscoveryHelpMsgPreference ::
02-23 11:36:03.766 10326 10326 D BluetoothSettings: onActivityCreated :: mInitiateScan : true
02-23 11:36:03.775 10326 10326 D LocalBluetoothManager: setting foreground activity to non-null context
02-23 11:36:03.775 10326 10326 D LocalBluetoothManager: setForegroundActivity :: mForegroundCount = 1
02-23 11:36:03.779   733  1928 D SecContentProvider: query(), uri = 3 selection = isBluetoothEnabled
02-23 11:36:03.783 10326 10326 D BluetoothEnabler: handleStateChanged:: state : 12
02-23 11:36:03.787 10326 10326 D SamsungAnalytics: [QueueManager] queue size over. remove oldest log
02-23 11:36:03.787 10326 10326 D SamsungAnalytics: [DLCBinder] already send register request
02-23 11:36:03.787 10326 10326 D SamsungAnalytics: [QueueManager] queue size over. remove oldest log
02-23 11:36:03.787 10326 10326 D SamsungAnalytics: [DLCBinder] already send register request
02-23 11:36:03.789   733  2633 D SecContentProvider: query(), uri = 3 selection = isDiscoverableEnabled
02-23 11:36:03.790 10326 10326 D BluetoothSettings: isDiscoverableEnabled = true mPolicyEnabled = false
02-23 11:36:03.791 10326 10326 W BluetoothSettings: updateContent : 12, startScan = true
02-23 11:36:03.795 10326 10326 D BluetoothSettings: setMyDevicePreference :: my device name set to Galaxy Tab A
02-23 11:36:03.803 10326 10326 D BluetoothSettings: updateContent :: startScanning()
02-23 11:36:03.805 10326 10326 D LocalBluetoothAdapter: startScanning :: true, isDiscovering : false
02-23 11:36:03.808 10326 10326 D BluetoothAdapter: startDiscovery
02-23 11:36:03.809  1618 15617 W bt_btif : btif_dm_start_discovery
02-23 11:36:03.809  1618  2346 W bt_btif : bta_dm_search_start avoid_scatter=1
02-23 11:36:03.809  1618  2346 W bt_btif : bta_dm_check_av:0
02-23 11:36:03.809  1618  1711 W bt_btif : btif_dm_generic_evt: event=33037
02-23 11:36:03.809  1618  2346 W bt_btif : bta_dm_search_start status=1
02-23 11:36:03.809  1618 15617 D BluetoothAdapterService: startDiscovery = true
02-23 11:36:03.810 10326 10326 D LocalBluetoothAdapter: startScanning :: done! mLastScan=1677132363810
02-23 11:36:03.810 10326 10326 D BluetoothSettings: updateContent :: set Discoverable mode to SCAN_MODE_CONNECTABLE_DISCOVERABLE
02-23 11:36:03.812  1618  2346 E bt_btif : bte_scan_filt_param_cfg_evt, 23
02-23 11:36:03.814 10326 10326 D BluetoothAdapter: setScanMode() Mode :23, duration : -1
02-23 11:36:03.816  1618  2511 D BluetoothUtils: makeManufacturerData ::
02-23 11:36:03.818  1606  1963 E PhoneInterfaceManager: [PhoneIntfMgr] getIccId: ICC ID is null or empty.
02-23 11:36:03.829  1618  2346 W bt_btm  : btm_acl_update_busy_level :: evt.busy_level_flags : 0x11
02-23 11:36:03.829  1618  2346 W bt_btif : bta_dm_bl_change_cback : reason=0
02-23 11:36:03.829  1618  1711 W bt_btif : btif_dm_upstreams_cback  ev: BTA_DM_BUSY_LEVEL_EVT
02-23 11:36:03.829  1618  1711 W bt_btif : BTA_DM_BUSY_LEVEL_EVT :: p_data->busy_level.level_flags : 0x11
02-23 11:36:03.829  1618  1711 D BluetoothAdapterProperties: Callback:discoveryStateChangeCallback with state:1
02-23 11:36:03.831   733  2700 D SecContentProvider: query(), uri = 4 selection = bluetoothLogForDevice
02-23 11:36:03.829 23870 23890 E ContactsProvider_EventLog: Flush buffer to file cnt : 1 size : 0Kb duration : 1ms lastUpdatedAfter : 11938 ms mFlush_time_threasold : 2000 mCurrentSize : 201
02-23 11:36:03.835  1636  1897 D BluetoothEventManager: onReceive :: getAction = android.bluetooth.adapter.action.DISCOVERY_STARTED
02-23 11:36:03.835  1618  1711 D BluetoothUtils: getBtEnabledContainers(): btContainers = []
02-23 11:36:03.835  1618  2511 I BluetoothUtils: getMyMobileNumber :: get null
02-23 11:36:03.835  1618  2511 E BluetoothUtils: getContactHash :: failed to get mobile number
02-23 11:36:03.836  1618  1711 D ScanRecord: parseFromBytes
02-23 11:36:03.836  1618  1711 D ScanRecord: first manudata for manu ID
02-23 11:36:03.838  1618  1711 D ScanRecord: Not a Multi Manu data
02-23 11:36:03.838  1618  1711 D ScanRecord: parseFromBytes
02-23 11:36:03.838  1618  1711 D ScanRecord: first manudata for manu ID
02-23 11:36:03.838  1618  1711 D ScanRecord: Not a Multi Manu data
02-23 11:36:03.838  1618  1711 D ScanRecord: Not a Multi Manu data
02-23 11:36:03.838  1618  1711 D ScanRecord: Not a Multi Manu data
02-23 11:36:03.838  1618  1711 D ScanRecord: Not a Multi Manu data
02-23 11:36:03.838  1618  1711 D ScanRecord: Not a Multi Manu data
02-23 11:36:03.838  1618  1711 D ScanRecord: Not a Multi Manu data
02-23 11:36:03.843  1618  2511 I BluetoothUtils: makeManufacturerData :: data =  00 75 02 09 01 00 00 00 02 01 00 00 00 00 00 01 7E 0B C6 B4 F0 19 00 00 00 00 00 00 00 00 5B 54 61 62 6C 65 74 5D 20
02-23 11:36:03.845   733  2203 D SecContentProvider: query(), uri = 3 selection = isDiscoverableEnabled
02-23 11:36:03.847   733  2633 D SecContentProvider: insert(), uri = 2
02-23 11:36:03.849   733  2699 D SecContentProvider: insert(), uri = 2
02-23 11:36:03.850 10326 10326 E BluetoothSettings: showing help dialog in tablet failed
02-23 11:36:03.850 10326 10326 D BluetoothSALogger: insertSALog :: screenId = BT_100
02-23 11:36:03.851  1618  1711 D BluetoothUtils: getBtEnabledContainers(): btContainers = []
02-23 11:36:03.851 10326 10326 D SamsungAnalytics: [QueueManager] queue size over. remove oldest log
02-23 11:36:03.851 10326 10326 D SamsungAnalytics: [DLCBinder] already send register request
02-23 11:36:03.851 10326 10326 D BluetoothSettings: onChildViewAdded() :: child - android.widget.ImageButton{fe42d9b VFED..C.. ......ID 0,0-63,63}
02-23 11:36:03.852   733   759 D SecContentProvider: query(), uri = 4 selection = bluetoothLogForDevice
02-23 11:36:03.853   733  2202 D SecContentProvider: insert(), uri = 2
02-23 11:36:03.870 10326 10326 D ViewRootImpl@42a22a0[Settings]: Relayout returned: oldFrame=[0,0][768,1024] newFrame=[0,0][768,1024] result=0x1 surface={isValid=true -2053003264} surfaceGenerationChanged=false
02-23 11:36:03.871 10326 10326 D BluetoothExpListAdapter: getGroupView :: groupPosition = 0,  getPreferenceCount = 0 , isExpanded = true
02-23 11:36:03.873 10326 10326 D BluetoothExpListAdapter: getGroupView :: groupPosition = 1,  getPreferenceCount = 2 , isExpanded = true
02-23 11:36:03.882 10326 10326 D BluetoothExpListAdapter: getChildView :: Display name = DeviceName, Device Name = Nexus 4isBonded = 12
02-23 11:36:03.884 10326 10326 D CachedBluetoothDevice: getConnectionSummary :: profile ::PAN  connectionStatus::0
02-23 11:36:03.884 10326 10326 D CachedBluetoothDevice: getBtClassDrawable :: Display name = DeviceName, Device Name = Nexus 4, BluetoothClass = 5a020c, Appearance = 0
02-23 11:36:03.891 10326 10326 D BluetoothExpListAdapter: getChildView :: Display name = DeviceName, Device Name = neeratisBonded = 12
02-23 11:36:03.893 10326 10326 D CachedBluetoothDevice: getConnectionSummary :: profile ::PAN  connectionStatus::0
02-23 11:36:03.894 10326 10326 D CachedBluetoothDevice: getBtClassDrawable :: Display name = DeviceName, Device Name = neerat, BluetoothClass = 7a020c, Appearance = 0
02-23 11:36:03.896 10326 10326 D BluetoothExpListAdapter: getGroupView :: groupPosition = 2,  getPreferenceCount = 0 , isExpanded = true
02-23 11:36:03.898 10326 10326 D BluetoothExpListAdapter: getGroupView :: groupPosition = 3,  getPreferenceCount = 0 , isExpanded = true
02-23 11:36:03.901 10326 10326 D AbsListView:  in onLayout changed
02-23 11:36:03.911 10326 10326 D BluetoothEventManager: onReceive :: getAction = android.bluetooth.adapter.action.DISCOVERY_STARTED
02-23 11:36:03.911 10326 10326 D BluetoothExpListController: onScanningStateChanged :: started = true
02-23 11:36:03.911 10326 10326 D BluetoothSettings: onScanningStateChanged :: is start scanning true
02-23 11:36:03.914 10326 10326 V BluetoothDiscoveryReceiver: Received: android.bluetooth.adapter.action.DISCOVERY_STARTED
02-23 11:36:03.914 10326 10326 D BluetoothSettings: onReceive :: getAction = android.bluetooth.adapter.action.SCAN_MODE_CHANGED
02-23 11:36:03.929 10326 10326 D BluetoothExpListAdapter: getGroupView :: groupPosition = 0,  getPreferenceCount = 0 , isExpanded = true
02-23 11:36:03.932 10326 10326 D BluetoothExpListAdapter: getGroupView :: groupPosition = 1,  getPreferenceCount = 2 , isExpanded = true
02-23 11:36:03.934 10326 10326 D BluetoothExpListAdapter: getChildView :: Display name = DeviceName, Device Name = Nexus 4isBonded = 12
02-23 11:36:03.936 10326 10326 D CachedBluetoothDevice: getConnectionSummary :: profile ::PAN  connectionStatus::0
02-23 11:36:03.937 10326 10326 D CachedBluetoothDevice: getBtClassDrawable :: Display name = DeviceName, Device Name = Nexus 4, BluetoothClass = 5a020c, Appearance = 0
02-23 11:36:03.939 10326 10326 D BluetoothExpListAdapter: getChildView :: Display name = DeviceName, Device Name = neeratisBonded = 12
02-23 11:36:03.941 10326 10326 D CachedBluetoothDevice: getConnectionSummary :: profile ::PAN  connectionStatus::0
02-23 11:36:03.942 10326 10326 D CachedBluetoothDevice: getBtClassDrawable :: Display name = DeviceName, Device Name = neerat, BluetoothClass = 7a020c, Appearance = 0
02-23 11:36:03.943 10326 10326 D BluetoothExpListAdapter: getGroupView :: groupPosition = 2,  getPreferenceCount = 0 , isExpanded = true
02-23 11:36:03.945 10326 10326 D BluetoothExpListAdapter: getGroupView :: groupPosition = 3,  getPreferenceCount = 0 , isExpanded = true
02-23 11:36:04.046  1618  1711 E bt_btif : property type:241, len:0 is invalid
02-23 11:36:04.056  1636  1897 D BluetoothEventManager: onReceive :: getAction = android.bluetooth.device.action.NAME_CHANGED
02-23 11:36:04.059  1618  1711 D BluetoothUtils: getBtEnabledContainers(): btContainers = []
02-23 11:36:04.066  1636  1897 D BluetoothEventManager: onReceive :: getAction = android.bluetooth.device.action.CLASS_CHANGED
02-23 11:36:04.068  1618  1711 D BluetoothUtils: getBtEnabledContainers(): btContainers = []
02-23 11:36:04.069  1618  1711 E BluetoothRemoteDevices: devicePropertyChangedCallback: bdDevice: 5C:C5:D4:33:06:XX, value is empty for type: 241
02-23 11:36:04.075  1618  1711 D BluetoothUtils: getBtEnabledContainers(): btContainers = []
02-23 11:36:04.076  1636  1897 D BluetoothEventManager: onReceive :: getAction = android.bluetooth.device.action.FOUND
02-23 11:36:04.077 10326 10326 D BluetoothEventManager: onReceive :: getAction = android.bluetooth.device.action.NAME_CHANGED
02-23 11:36:04.079 10326 10326 D BluetoothEventManager: onReceive :: getAction = android.bluetooth.device.action.CLASS_CHANGED
02-23 11:36:04.090  1636  1897 E CachedBluetoothDevice: updateProfiles :: uuids is null
02-23 11:36:04.093 10326 10326 D BluetoothEventManager: onReceive :: getAction = android.bluetooth.device.action.FOUND
02-23 11:36:04.096  1636  1897 D CachedBluetoothDevice: setManufacturerData to null
02-23 11:36:04.097  1636  1897 D CachedBluetoothDevice: fetchManufacturerData : null
02-23 11:36:04.099  1636  1897 D CachedBluetoothDevice: fillData :: [Name] Display name = DeviceName, Device Name = R90C2KTD, [BondState] 10, [COD] 2a010c, [Appearance] 0
02-23 11:36:04.107 10326 10326 E CachedBluetoothDevice: updateProfiles :: uuids is null
02-23 11:36:04.109 10326 10326 D CachedBluetoothDevice: setManufacturerData to null
02-23 11:36:04.109 10326 10326 D CachedBluetoothDevice: fetchManufacturerData : null
02-23 11:36:04.112 10326 10326 D CachedBluetoothDevice: fillData :: [Name] Display name = DeviceName, Device Name = R90C2KTD, [BondState] 10, [COD] 2a010c, [Appearance] 0
02-23 11:36:04.116 10326 10326 D BluetoothExpListController: readyToInsertAnimation :: mIsOnProgressAddVI = false
02-23 11:36:04.116 10326 10326 D BluetoothExpListController: setInsertAnimation :: insert index = 0 , sortedIndex = 5
02-23 11:36:04.125 10326 10326 I DeviceListPreferenceFragment: putDevicePreferenceMap :: Display name = DeviceName, Device Name = R90C2KTD
02-23 11:36:04.125 10326 10326 I BluetoothDevicePreference: onDeviceAttributesChanged :: Device = Display name = DeviceName, Device Name = R90C2KTDisBonded = 10 , mIsOnProgressAddVI = true
02-23 11:36:04.126 10326 10326 D BluetoothExpListAdapter: getGroupView :: groupPosition = 0,  getPreferenceCount = 0 , isExpanded = true
02-23 11:36:04.130 10326 10326 D BluetoothExpListAdapter: getGroupView :: groupPosition = 1,  getPreferenceCount = 2 , isExpanded = true
02-23 11:36:04.133 10326 10326 D BluetoothExpListAdapter: getChildView :: Display name = DeviceName, Device Name = Nexus 4isBonded = 12
02-23 11:36:04.135 10326 10326 D CachedBluetoothDevice: getConnectionSummary :: profile ::PAN  connectionStatus::0
02-23 11:36:04.136 10326 10326 D CachedBluetoothDevice: getBtClassDrawable :: Display name = DeviceName, Device Name = Nexus 4, BluetoothClass = 5a020c, Appearance = 0
02-23 11:36:04.138 10326 10326 D BluetoothExpListAdapter: getChildView :: Display name = DeviceName, Device Name = neeratisBonded = 12
02-23 11:36:04.140 10326 10326 D CachedBluetoothDevice: getConnectionSummary :: profile ::PAN  connectionStatus::0
02-23 11:36:04.141 10326 10326 D CachedBluetoothDevice: getBtClassDrawable :: Display name = DeviceName, Device Name = neerat, BluetoothClass = 7a020c, Appearance = 0
02-23 11:36:04.144 10326 10326 D BluetoothExpListAdapter: getGroupView :: groupPosition = 2,  getPreferenceCount = 1 , isExpanded = true
02-23 11:36:04.151 10326 10326 D BluetoothExpListAdapter: getChildView :: Display name = DeviceName, Device Name = R90C2KTDisBonded = 10
02-23 11:36:04.154 10326 10326 D CachedBluetoothDevice: getBtClassDrawable :: Display name = DeviceName, Device Name = R90C2KTD, BluetoothClass = 2a010c, Appearance = 0
02-23 11:36:04.160 10326 10326 D BluetoothExpListAdapter: getGroupView :: groupPosition = 3,  getPreferenceCount = 0 , isExpanded = true
02-23 11:36:04.170 10326 10326 D BluetoothExpListController: onAnimationStart ::
02-23 11:36:04.781 10326 10326 D BluetoothExpListController: onAnimationEnd ::
02-23 11:36:05.138  1618  1711 D ScanRecord: parseFromBytes
02-23 11:36:05.138  1618  1711 D ScanRecord: first manudata for manu ID
02-23 11:36:05.138  1618  1711 D ScanRecord: Not a Multi Manu data
02-23 11:36:05.138  1618  1711 D ScanRecord: parseFromBytes
02-23 11:36:05.138  1618  1711 D ScanRecord: first manudata for manu ID
02-23 11:36:05.138  1618  1711 D ScanRecord: Not a Multi Manu data
02-23 11:36:05.138  1618  1711 D ScanRecord: Not a Multi Manu data
02-23 11:36:05.138  1618  1711 D ScanRecord: Not a Multi Manu data
02-23 11:36:05.138  1618  1711 D ScanRecord: Not a Multi Manu data
02-23 11:36:05.139  1618  1711 D ScanRecord: Not a Multi Manu data
02-23 11:36:05.139  1618  1711 D ScanRecord: Not a Multi Manu data
02-23 11:36:05.193  1618  1711 D ScanRecord: parseFromBytes
02-23 11:36:05.193  1618  1711 D ScanRecord: first manudata for manu ID
02-23 11:36:05.193  1618  1711 D ScanRecord: Not a Multi Manu data
02-23 11:36:05.193  1618  1711 D ScanRecord: parseFromBytes
02-23 11:36:05.193  1618  1711 D ScanRecord: first manudata for manu ID
02-23 11:36:05.194  1618  1711 D ScanRecord: Not a Multi Manu data
02-23 11:36:05.194  1618  1711 D ScanRecord: Not a Multi Manu data
02-23 11:36:05.194  1618  1711 D ScanRecord: Not a Multi Manu data
02-23 11:36:05.194  1618  1711 D ScanRecord: Not a Multi Manu data
02-23 11:36:05.194  1618  1711 D ScanRecord: Not a Multi Manu data
02-23 11:36:05.194  1618  1711 D ScanRecord: Not a Multi Manu data
02-23 11:36:05.227  1618  1711 D ScanRecord: parseFromBytes
02-23 11:36:05.227  1618  1711 D ScanRecord: first manudata for manu ID
02-23 11:36:05.227  1618  1711 D ScanRecord: Not a Multi Manu data
02-23 11:36:05.227  1618  1711 D ScanRecord: parseFromBytes
02-23 11:36:05.227  1618  1711 D ScanRecord: first manudata for manu ID
02-23 11:36:05.227  1618  1711 D ScanRecord: Not a Multi Manu data
02-23 11:36:05.227  1618  1711 D ScanRecord: Not a Multi Manu data
02-23 11:36:05.227  1618  1711 D ScanRecord: Not a Multi Manu data
02-23 11:36:05.227  1618  1711 D ScanRecord: Not a Multi Manu data
02-23 11:36:05.227  1618  1711 D ScanRecord: Not a Multi Manu data
02-23 11:36:05.227  1618  1711 D ScanRecord: Not a Multi Manu data
02-23 11:36:05.239  1618  1711 D ScanRecord: parseFromBytes
02-23 11:36:05.239  1618  1711 D ScanRecord: first manudata for manu ID
02-23 11:36:05.239  1618  1711 D ScanRecord: Not a Multi Manu data
02-23 11:36:05.239  1618  1711 D ScanRecord: parseFromBytes
02-23 11:36:05.239  1618  1711 D ScanRecord: first manudata for manu ID
02-23 11:36:05.239  1618  1711 D ScanRecord: Not a Multi Manu data
02-23 11:36:05.239  1618  1711 D ScanRecord: Not a Multi Manu data
02-23 11:36:05.239  1618  1711 D ScanRecord: Not a Multi Manu data
02-23 11:36:05.239  1618  1711 D ScanRecord: Not a Multi Manu data
02-23 11:36:05.239  1618  1711 D ScanRecord: Not a Multi Manu data
02-23 11:36:05.239  1618  1711 D ScanRecord: Not a Multi Manu data
02-23 11:36:05.296 10326 10326 D BluetoothExpListController: handleMessage :: Finish animation loop
02-23 11:36:05.296 10326 10326 D BluetoothExpListController: handleMessage :: mNeedUpdatePreference is true
02-23 11:36:05.314 10326 10326 D BluetoothExpListAdapter: getGroupView :: groupPosition = 0,  getPreferenceCount = 0 , isExpanded = true
02-23 11:36:05.322 10326 10326 D BluetoothExpListAdapter: getGroupView :: groupPosition = 1,  getPreferenceCount = 2 , isExpanded = true
02-23 11:36:05.327 10326 10326 D BluetoothExpListAdapter: getChildView :: Display name = DeviceName, Device Name = Nexus 4isBonded = 12
02-23 11:36:05.332 10326 10326 D CachedBluetoothDevice: getConnectionSummary :: profile ::PAN  connectionStatus::0
02-23 11:36:05.333 10326 10326 D CachedBluetoothDevice: getBtClassDrawable :: Display name = DeviceName, Device Name = Nexus 4, BluetoothClass = 5a020c, Appearance = 0
02-23 11:36:05.337 10326 10326 D BluetoothExpListAdapter: getChildView :: Display name = DeviceName, Device Name = neeratisBonded = 12
02-23 11:36:05.341 10326 10326 D CachedBluetoothDevice: getConnectionSummary :: profile ::PAN  connectionStatus::0
02-23 11:36:05.342 10326 10326 D CachedBluetoothDevice: getBtClassDrawable :: Display name = DeviceName, Device Name = neerat, BluetoothClass = 7a020c, Appearance = 0
02-23 11:36:05.346 10326 10326 D BluetoothExpListAdapter: getGroupView :: groupPosition = 2,  getPreferenceCount = 1 , isExpanded = true
02-23 11:36:05.348 10326 10326 D BluetoothExpListAdapter: getChildView :: Display name = DeviceName, Device Name = R90C2KTDisBonded = 10
02-23 11:36:05.353 10326 10326 D CachedBluetoothDevice: getBtClassDrawable :: Display name = DeviceName, Device Name = R90C2KTD, BluetoothClass = 2a010c, Appearance = 0
