02-24 17:05:42.500  1636  1636 V WallpaperService: Changes: creating=false format=false size=false
02-24 17:05:42.505  2660  3765 D Qmage   : NewFromStream
02-24 17:05:42.505  2660  3765 D Qmage   : ParseHeader
02-24 17:05:42.505  2660  3765 D Qmage   : decode QG
02-24 17:05:42.505  2660  3765 D Qmage   : QuramQmageDecParseHeader s
02-24 17:05:42.505  2660  3765 D Qmage   : QuramQmageDecParseHeader e
02-24 17:05:42.505  2660  3765 D Qmage   : colorType 4
02-24 17:05:42.505  2660  3765 D Qmage   : kPremul_SkAlphaType
02-24 17:05:42.505  2660  3765 D Qmage   : requestedInfo kPremul_SkAlphaType
02-24 17:05:42.505  2660  3765 D Qmage   : requestedInfo k32_SkColorType
02-24 17:05:42.505  2660  3765 D Qmage   : conversion_possible s
02-24 17:05:42.505  2660  3765 D Qmage   : Qmage colorType: 4
02-24 17:05:42.505  2660  3765 D Qmage   : Qmage width height: 72, 72
02-24 17:05:42.505  2660  3765 D Qmage   : Qmage bpp: 4
02-24 17:05:42.505  2660  3765 D Qmage   : storage.reset: 20736
02-24 17:05:42.505  2660  3765 D Qmage   : SampleConf.Crop : 1
02-24 17:05:42.505  2660  3765 D Qmage   : SampleConf.Scale : 0
02-24 17:05:42.505  2660  3765 D Qmage   : QuramQmageDecodeFrame.start
02-24 17:05:42.507  2660  3765 D Qmage   : QuramQmageDecodeFrame.end
02-24 17:05:42.508  2660  3765 D Qmage   : destroyReadStruct
02-24 17:05:42.509  1636  1636 V WallpaperService: New surface=Surface(name=null)/@0x13ce3e3, frame=Rect(0, 0 - 768, 1024),relayoutResult=1, mConfiguration={0 1.0 showBtnBg = -1 ?mcc?mnc ?localeList ?layoutDir ?swdp ?wdp ?hdp ?density ?lsize ?long ?orien ?uimode ?night ?touch ?keyb/?/? ?nav/?}
02-24 17:05:42.509  1636  1636 V WallpaperService: Wallpaper size has changed : 768, 1024
02-24 17:05:42.509  1636  1636 D ImageWallpaper: onOffsetsChanged: xOffset=0.0, yOffset=0.0, xOffsetStep=0.0, yOffsetStep=0.0, xPixels=0, yPixels=0
02-24 17:05:42.509  1636  1636 D ImageWallpaper: drawFrame=false rotation=0 mLastRotation=0 deviceWidth=768 deviceHeight=1024
02-24 17:05:42.509  1636  1636 D ImageWallpaper: drawFrame:[frame.width()]768[frame.height()]1024
02-24 17:05:42.509  1636  1636 D ImageWallpaper: surfaceDimensionsChanged=false mLastSurfaceRotation=0 mDisplayWidth=-1 mDisplayHeight=-1
02-24 17:05:42.510  1636  1636 D ImageWallpaper: redrawNeeded = false, mOffsetsChanged = false
02-24 17:05:42.510  1636  1636 D ImageWallpaper: Suppressed drawFrame since redraw is not needed and offsets have not changed.
02-24 17:05:42.511  2660  3765 D ApplicationPackageManager: we has com.samsung.android.calendar class. reuse it
02-24 17:05:42.514  2660  2660 D ExternalRequestQueue: Getting and clearing EXTERNAL_REQUEST_LIST: []
02-24 17:05:42.514  2660  2660 D ExternalMethodQueue: Getting and clearing EXTERNAL_METHOD_LIST: null
02-24 17:05:42.515  2660  2660 D Launcher: setHotWordDetection : call requestHotwordDetection true
02-24 17:05:42.515  2660  2660 D Launcher.HomeController: onResume HomeContainer current alpha = 1.0
02-24 17:05:42.515  2660  2660 D AppsCustomAdapter: notifyupdate : com.android.launcher3.Launcher@32a117d
02-24 17:05:42.515  2660  2660 D AppsDragController: needDeferToBind : true , false
02-24 17:05:42.515  2660  2660 V InputMethodManager: Starting input: tba=android.view.inputmethod.EditorInfo@7968f60 nm : com.sec.android.app.launcher ic=null
02-24 17:05:42.515  2660  2660 I InputMethodManager: startInputInner - mService.startInputOrWindowGainedFocus
02-24 17:05:42.517   733  2630 W InputMethodManagerService: Starting input on non-focused client com.android.internal.view.IInputMethodClient$Stub$Proxy@114600f (uid=10043 pid=2660)
02-24 17:05:42.518  2570  2570 I GsaVoiceInteractionSrv: Handling ACTION_START_HOTWORD
02-24 17:05:42.519  2570  3031 I GsaVoiceInteractionSrv: disregardVoiceMatch: false
02-24 17:05:42.519  2570  3031 I GsaVoiceInteractionSrv: Cannot start hotword, hotword has been explicitly disabled.
02-24 17:05:42.521  2660  3765 D Qmage   : NewFromStream
02-24 17:05:42.521  2660  3765 D Qmage   : ParseHeader
02-24 17:05:42.521  2660  3765 D Qmage   : decode QG
02-24 17:05:42.521  2660  3765 D Qmage   : QuramQmageDecParseHeader s
02-24 17:05:42.521  2660  3765 D Qmage   : QuramQmageDecParseHeader e
02-24 17:05:42.521  2660  3765 D Qmage   : colorType 4
02-24 17:05:42.521  2660  3765 D Qmage   : kPremul_SkAlphaType
02-24 17:05:42.521  2660  3765 D Qmage   : requestedInfo kPremul_SkAlphaType
02-24 17:05:42.521  2660  3765 D Qmage   : requestedInfo k32_SkColorType
02-24 17:05:42.521  2660  3765 D Qmage   : conversion_possible s
02-24 17:05:42.522  2660  3765 D Qmage   : Qmage colorType: 4
02-24 17:05:42.522  2660  3765 D Qmage   : Qmage width height: 72, 72
02-24 17:05:42.522  2660  3765 D Qmage   : Qmage bpp: 4
02-24 17:05:42.522  2660  3765 D Qmage   : storage.reset: 20736
02-24 17:05:42.522  2660  3765 D Qmage   : SampleConf.Crop : 1
02-24 17:05:42.522  2660  3765 D Qmage   : SampleConf.Scale : 0
02-24 17:05:42.522  2660  3765 D Qmage   : QuramQmageDecodeFrame.start
02-24 17:05:42.522  2660  2660 D InputMethodManager: HSIFW - flag : 0 Pid : 2660
02-24 17:05:42.522  2660  3765 D Qmage   : QuramQmageDecodeFrame.end
02-24 17:05:42.522   733  1928 W InputMethodManagerService: hideSoftInput : Ignoring, uid 10043: com.android.internal.view.IInputMethodClient$Stub$Proxy@d92f51e
02-24 17:05:42.523  2660  3765 D Qmage   : destroyReadStruct
02-24 17:05:42.529   733 28804 D ActivityManager: post active user change for 0 fullscreen true isHomeActivity() true
02-24 17:05:42.530   733   733 D KnoxKeyguardDelegate: clear Flag
02-24 17:05:42.532  2660  2660 I Launcher: onWindowVisibilityChanged : true
02-24 17:05:42.535  2660  3765 I ApplicationPackageManager: load= live icon for com.samsung.android.calendar, from overlay = false
02-24 17:05:42.537   286   286 I SurfaceFlinger: id=1217 createSurf (768x1024),1 flag=4, com.sec.android.app.launcher/com.sec.android.app.launcher.activities.LauncherActivity
02-24 17:05:42.538  2660  3765 I LiveIconFactory: onFutureDone: done: com.samsung.android.calendar,UserHandle{0}
02-24 17:05:42.538  2660  3765 D LiveIconManager: onResponseLiveIcon:
02-24 17:05:42.545   733  6024 D InputDispatcher: Focus entered window: 2660
02-24 17:05:42.549  2660  2660 D ViewRootImpl@c29b6ce[LauncherActivity]: Relayout returned: oldFrame=[0,0][768,1024] newFrame=[0,0][768,1024] result=0x7 surface={isValid=true 2059528192} surfaceGenerationChanged=true
02-24 17:05:42.549  2660  2660 D ViewRootImpl@c29b6ce[LauncherActivity]: mHardwareRenderer.initialize() mSurface={isValid=true 2059528192} hwInitialized=true
02-24 17:05:42.557  2660  2660 D AppsAdapter: notifyupdate start : com.android.launcher3.Launcher@32a117d
02-24 17:05:42.557  2660  2660 D AppsCustomAdapter: no change items
02-24 17:05:42.557  2660  2660 D AppsAdapter: notifyupdate end : com.android.launcher3.Launcher@32a117d
02-24 17:05:42.557  2660  2660 D ViewRootImpl@c29b6ce[LauncherActivity]: MSG_WINDOW_FOCUS_CHANGED 1
02-24 17:05:42.557  2660  2660 D ViewRootImpl@c29b6ce[LauncherActivity]: mHardwareRenderer.initializeIfNeeded()#2 mSurface={isValid=true 2059528192}
02-24 17:05:42.565  2660  2660 V InputMethodManager: Starting input: tba=android.view.inputmethod.EditorInfo@7a206bf nm : com.sec.android.app.launcher ic=null
02-24 17:05:42.565  2660  2660 I InputMethodManager: startInputInner - mService.startInputOrWindowGainedFocus
02-24 17:05:42.565   733  2700 D InputMethodManagerService: windowGainedFocus : mCurrentFocusedUserId - 0 and mSecureKeypadEnabled-false
02-24 17:05:42.566   733  2700 V InputMethodManagerService: windowGainedFocus : reason=WINDOW_FOCUS_GAIN client=android.os.BinderProxy@b8cf121 inputContext=null missingMethods= attribute=android.view.inputmethod.EditorInfo@175b1ff nm = com.sec.android.app.launcher controlFlags=#104 softInputMode=#30 windowFlags=#81910d00
02-24 17:05:42.566   733  2700 V InputMethodManagerService: Unspecified window will hide input
02-24 17:05:42.566   733  2700 V InputMethodManagerService: hideCurrentInputLocked : shouldHideSoftInput is false
02-24 17:05:42.566   733  2700 D InputMethodManagerService: isImeSwitcherDisabledPackage : false
02-24 17:05:42.567   733  2700 D InputMethodManagerService: setCurrentInputInfo - inputContext : null eidtorInfo : android.view.inputmethod.EditorInfo@175b1ff missingMethods : 0
02-24 17:05:42.567   733  2700 D InputTransport: Input channel constructed: fd=411
02-24 17:05:42.567   733  2700 D InputTransport: Input channel destroyed: fd=411
02-24 17:05:42.567  2660  2660 D InputTransport: Input channel constructed: fd=65
02-24 17:05:42.567 27842 27842 D InputTransport: Input channel destroyed: fd=66
02-24 17:05:42.568  2274  2274 I SKBD    : SamsungKeypad [IMI] onStartInput - caller pid : 2660, caller uid : 10043
02-24 17:05:42.640 27842 27842 D ViewRootImpl@15b4fd[GalaxyFinderActivity]: mHardwareRenderer.destroy()#1
02-24 17:05:42.647 27842 27842 D ViewRootImpl@15b4fd[GalaxyFinderActivity]: Relayout returned: oldFrame=[0,0][768,1024] newFrame=[0,0][768,1024] result=0x5 surface={isValid=false 0} surfaceGenerationChanged=true
02-24 17:05:42.662   286   286 D SurfaceFlinger:   Display[0] configurations (* current):
02-24 17:05:42.662   286   286 D SurfaceFlinger:     * 0: 768x1024, xdpi=159.895004, ydpi=159.567993, refresh=16666667
02-24 17:05:42.662   286   286 D SurfaceFlinger:   numHwLayers=6, flags=00000000
02-24 17:05:42.662   286   286 D SurfaceFlinger:     type   |  handle  | hint | flag | tr | blnd |   format    |     source crop (l,t,r,b)      |          frame         | name
02-24 17:05:42.662   286   286 D SurfaceFlinger: -----------+----------+------+------+----+------+-------------+--------------------------------+------------------------+------
02-24 17:05:42.662   286   286 D SurfaceFlinger:        HWC | aecc4300 | 0002 | 0000 | 00 | 0100 | RGB_888     |    0.0,    0.0,  768.0, 1024.0 |    0,    0,  768, 1024 | com.android.systemui.ImageWallpaper
02-24 17:05:42.662   286   286 D SurfaceFlinger:        HWC | aecc4fc0 | 0002 | 0000 | 00 | 0105 | RGBA_8888   |    0.0,    0.0,  768.0, 1024.0 |    0,    0,  768, 1024 | com.sec.android.app.launcher/com.sec.android.app.launcher.activities.LauncherActivity
02-24 17:05:42.662   286   286 D SurfaceFlinger:       GLES | 00000000 | 0000 | 0001 | 00 | 0105 | ? ffffffff  |    0.0,    0.0,   -1.0,   -1.0 |    0,    0,  768, 1024 | DimLayerController/Stack=0
02-24 17:05:42.662   286   286 D SurfaceFlinger:       GLES | aecc48a0 | 0000 | 0000 | 00 | 0105 | RGBA_8888   |    0.0,    0.0,  768.0, 1024.0 |    0,    0,
02-24 17:05:42.662   286   286 D SurfaceFlinger:  768, 1024 | com.samsung.android.app.galaxyfinder/com.samsung.android.app.galaxyfinder.GalaxyFinderActivity
02-24 17:05:42.662   286   286 D SurfaceFlinger:       GLES | aecc4000 | 0000 | 0000 | 00 | 0105 | RGBA_8888   |    0.0,    0.0,  768.0,   27.0 |    0,    0,  768,   27 | StatusBar
02-24 17:05:42.662   286   286 D SurfaceFlinger:  FB TARGET | b2822620 | 0000 | 0000 | 00 | 0105 | RGBA_8888   |    0.0,    0.0,  768.0, 1024.0 |    0,    0,  768, 1024 | HWC_FRAMEBUFFER_TARGET
02-24 17:05:42.730   286   286 D SurfaceFlinger:   Display[0] configurations (* current):
02-24 17:05:42.730   286   286 D SurfaceFlinger:     * 0: 768x1024, xdpi=159.895004, ydpi=159.567993, refresh=16666667
02-24 17:05:42.730   286   286 D SurfaceFlinger:   numHwLayers=5, flags=00000000
02-24 17:05:42.730   286   286 D SurfaceFlinger:     type   |  handle  | hint | flag | tr | blnd |   format    |     source crop (l,t,r,b)      |          frame         | name
02-24 17:05:42.730   286   286 D SurfaceFlinger: -----------+----------+------+------+----+------+-------------+--------------------------------+------------------------+------
02-24 17:05:42.730   286   286 D SurfaceFlinger:        HWC | aecc4300 | 0002 | 0000 | 00 | 0100 | RGB_888     |    0.0,    0.0,  768.0, 1024.0 |    0,    0,  768, 1024 | com.android.systemui.ImageWallpaper
02-24 17:05:42.730   286   286 D SurfaceFlinger:        HWC | aecc4fc0 | 0002 | 0000 | 00 | 0105 | RGBA_8888   |    0.0,    0.0,  768.0, 1024.0 |    0,    0,  768, 1024 | com.sec.android.app.launcher/com.sec.android.app.launcher.activities.LauncherActivity
02-24 17:05:42.730   286   286 D SurfaceFlinger:        HWC | aecc48a0 | 0002 | 0000 | 00 | 0105 | RGBA_8888   |    0.0,    0.0,  768.0, 1024.0 |    0,    0,  768, 1024 | com.samsung.android.app.galaxyfinder/com.samsung.android.app.galaxyfinder.GalaxyFinderActivity
02-24 17:05:42.730   286   286 D SurfaceFlinger:        HWC | aecc4000 | 0002 | 0000 | 00
02-24 17:05:42.730   286   286 D SurfaceFlinger: | 0105 | RGBA_8888   |    0.0,    0.0,  768.0,   27.0 |    0,    0,  768,   27 | StatusBar
02-24 17:05:42.730   286   286 D SurfaceFlinger:  FB TARGET | b2822620 | 0000 | 0000 | 00 | 0105 | RGBA_8888   |    0.0,    0.0,  768.0, 1024.0 |    0,    0,  768, 1024 | HWC_FRAMEBUFFER_TARGET
02-24 17:05:42.896   286   286 D SurfaceFlinger:   Display[0] configurations (* current):
02-24 17:05:42.896   286   286 D SurfaceFlinger:     * 0: 768x1024, xdpi=159.895004, ydpi=159.567993, refresh=16666667
02-24 17:05:42.896   286   286 D SurfaceFlinger:   numHwLayers=4, flags=00000000
02-24 17:05:42.896   286   286 D SurfaceFlinger:     type   |  handle  | hint | flag | tr | blnd |   format    |     source crop (l,t,r,b)      |          frame         | name
02-24 17:05:42.896   286   286 D SurfaceFlinger: -----------+----------+------+------+----+------+-------------+--------------------------------+------------------------+------
02-24 17:05:42.896   286   286 D SurfaceFlinger:        HWC | aecc4300 | 0002 | 0000 | 00 | 0100 | RGB_888     |    0.0,    0.0,  768.0, 1024.0 |    0,    0,  768, 1024 | com.android.systemui.ImageWallpaper
02-24 17:05:42.896   286   286 D SurfaceFlinger:        HWC | aecc4fc0 | 0002 | 0000 | 00 | 0105 | RGBA_8888   |    0.0,    0.0,  768.0, 1024.0 |    0,    0,  768, 1024 | com.sec.android.app.launcher/com.sec.android.app.launcher.activities.LauncherActivity
02-24 17:05:42.896   286   286 D SurfaceFlinger:        HWC | aecc4000 | 0002 | 0000 | 00 | 0105 | RGBA_8888   |    0.0,    0.0,  768.0,   27.0 |    0,    0,  768,   27 | StatusBar
02-24 17:05:42.896   286   286 D SurfaceFlinger:  FB TARGET | b2822620 | 0000 | 0000 | 00 | 0105 | RGBA_8888   |    0.0,    0.0,  768.0, 1024.0 |    0,    0,  768, 1024 | HWC_
02-24 17:05:42.896   286   286 D SurfaceFlinger: FRAMEBUFFER_TARGET
02-24 17:05:42.924 27842 27842 D TextView: SYANI: Clipboard API is calling: clearFilter()
02-24 17:05:42.924 27842 27842 D TextView: SYANI: Clipboard API is calling: unregisterClipboardEventListener()
02-24 17:05:42.960 27842 27842 D ViewRootImpl@15b4fd[GalaxyFinderActivity]: mHardwareRenderer.destroy()#4
02-24 17:05:42.960 27842 27842 D ViewRootImpl@15b4fd[GalaxyFinderActivity]: dispatchDetachedFromWindow
02-24 17:05:42.961   286   535 I SurfaceFlinger: id=1216 Removed com.samsung.android.app.galaxyfinder/com.samsung.android.app.galaxyfinder.GalaxyFinderActivity (3/5)
02-24 17:05:42.961   286   304 I SurfaceFlinger: id=1216 Removed com.samsung.android.app.galaxyfinder/com.samsung.android.app.galaxyfinder.GalaxyFinderActivity (-2/5)
02-24 17:05:42.962   286   286 W SurfaceFlinger: couldn't log to binary event log: overflow.
02-24 17:05:42.967   733 28804 D InputTransport: Input channel destroyed: fd=500
02-24 17:05:42.968 27842 27842 D InputTransport: Input channel destroyed: fd=61
02-24 17:05:43.097   733  2628 D InputDispatcher: Inject key (27782): action=0, eventTime=140869245000000
02-24 17:05:43.102   733  1450 I InputDispatcher: Delivering key to (2660): action: 0x0 (0)
02-24 17:05:43.106  2274  2274 D InputMethodService: onKeyDown B key
02-24 17:05:43.106  2274  2274 D InputMethodService: handleBack doIt  : false mShowInputRequested : false mWindowVisible : false
02-24 17:05:43.106  2274  2274 D InputMethodService: handleBack return false
02-24 17:05:43.106  2274  2274 D InputMethodService: onKeyDown handleback false
02-24 17:05:43.114  2660  3066 W OpenGLRenderer: Incorrectly called buildLayer on View: WorkspaceCellLayoutChildren, destroying layer...
02-24 17:05:43.115  2660  3066 W OpenGLRenderer: Incorrectly called buildLayer on View: WorkspaceCellLayoutChildren, destroying layer...
02-24 17:05:43.117  2660  2660 D ViewRootImpl@c29b6ce[LauncherActivity]: ViewPostImeInputStage processKey 0
02-24 17:05:43.119   733  2202 D InputDispatcher: Inject key (27782): action=1, eventTime=140869245000000
02-24 17:05:43.124   733  1450 I InputDispatcher: Delivering key to (2660): action: 0x1 (0)
02-24 17:05:43.125  2274  2274 D InputMethodService: onKeyUp B key
02-24 17:05:43.125  2274  2274 D InputMethodService: onKeyUp not B key
02-24 17:05:43.126  2660  2660 D ViewRootImpl@c29b6ce[LauncherActivity]: ViewPostImeInputStage processKey 1
02-24 17:05:43.172 23870 23890 E ContactsProvider_EventLog: Flush buffer to file cnt : 1 size : 0Kb duration : 2ms lastUpdatedAfter : 3992 ms mFlush_time_threasold : 2000 mCurrentSize : 201
02-24 17:05:44.128 27799 27814 W InteractionController: runAndwaitForEvents timed out waiting for events
02-24 17:05:44.129   733  2699 D InputDispatcher: Inject key (27782): action=0, eventTime=140870278000000
02-24 17:05:44.129   733  2699 D InputManager-JNI: !@interceptKeyBeforeQueueing(0), action=0, interactive=true
02-24 17:05:44.131   733  2699 D InputManager-JNI: !@handleInterceptActions(0), action=0, wmActions=1
02-24 17:05:44.138   733  2456 D InputDispatcher: Inject key (27782): action=1, eventTime=140870278000000
02-24 17:05:44.138   733  2456 D InputManager-JNI: !@interceptKeyBeforeQueueing(0), action=1, interactive=true
02-24 17:05:44.139   733  2456 D InputManager-JNI: !@handleInterceptActions(0), action=1, wmActions=1
02-24 17:05:44.152   733   733 D InputMethodManagerService: isImeSwitcherDisabledPackage : false
02-24 17:05:44.153  1636  1757 D vol.VolumeDialogControl: onReceive ACTION_CLOSE_SYSTEM_DIALOGS
02-24 17:05:44.154  1636  1636 D vol.SecVolumeDialog: dismissH reason: 2
02-24 17:05:44.154  1636  1636 D vol.SecVolumeDialog: dismissH : false
02-24 17:05:44.155  1636  1636 D PopupUI : PopupUIReceiver.onReceive() action : android.intent.action.CLOSE_SYSTEM_DIALOGS
02-24 17:05:44.155  1636  1636 D PopupUI.PopupUINotifications: dismissAlertDialogs()
02-24 17:05:44.155  1636  1636 D ToggleSlider: onReceive : android.intent.action.CLOSE_SYSTEM_DIALOGS
02-24 17:05:44.155  1636  1897 D LocationControllerImpl: onReceive   android.intent.action.CLOSE_SYSTEM_DIALOGS
02-24 17:05:44.156  1636  1636 D Tile.MobileDataTile: action:android.intent.action.CLOSE_SYSTEM_DIALOGS
02-24 17:05:44.157   733  1450 D PackageManager: resolving Home intent, isUnlockingOrUnlocked : true
02-24 17:05:44.157  1636  1636 I StatusBarWindowManager: isExpanded:true, false, false, false, false, false
02-24 17:05:44.157  1636  1636 I StatusBarWindowManager: applyHeight:27
02-24 17:05:44.157  1636  1636 I StatusBarWindowManager: isExpanded:true, false, false, false, false, false
02-24 17:05:44.173   733  1450 D PackageManager: resolving Home intent, isUnlockingOrUnlocked : true
02-24 17:05:44.175  2660  2660 V Launcher: Launcher.onPause()
02-24 17:05:44.176  2660  2660 D Launcher: setHotWordDetection : call requestHotwordDetection false
02-24 17:05:44.193  2660  2660 D Launcher: onNewIntent
02-24 17:05:44.194  2660  2660 D InputMethodManager: HSIFW - flag : 0 Pid : 2660
02-24 17:05:44.195   733  2698 V InputMethodManagerService: Client requesting input be hidden, flags : 0
02-24 17:05:44.195   733  2698 V InputMethodManagerService: hideCurrentInputLocked : shouldHideSoftInput is false
02-24 17:05:44.195  2660  2660 V Launcher: Launcher.onResume()
02-24 17:05:44.200  2570  2570 I GsaVoiceInteractionSrv: Handling ACTION_STOP_HOTWORD
02-24 17:05:44.202  2570  3031 E HwDetectorWithState: a: 3
02-24 17:05:44.215  1636  1636 D ToggleSlider: onReceive : android.intent.action.CLOSE_SYSTEM_DIALOGS
02-24 17:05:44.215  1636  1636 D BrightnessMirror: hideMirror cancelled since it's not visible
02-24 17:05:44.216  1636  1636 D ToggleSlider: onReceive : android.intent.action.CLOSE_SYSTEM_DIALOGS
02-24 17:05:44.216  2660  2660 D ExternalRequestQueue: Getting and clearing EXTERNAL_REQUEST_LIST: []
02-24 17:05:44.216  2660  2660 D ExternalMethodQueue: Getting and clearing EXTERNAL_METHOD_LIST: null
02-24 17:05:44.217  2660  2660 D Launcher: setHotWordDetection : call requestHotwordDetection true
02-24 17:05:44.217  2660  2660 D Launcher.HomeController: onResume HomeContainer current alpha = 1.0
02-24 17:05:44.219  2660  2660 D AppsCustomAdapter: notifyupdate : com.android.launcher3.Launcher@32a117d
02-24 17:05:44.219  2660  2660 D AppsDragController: needDeferToBind : true , false
02-24 17:05:44.219  2570  2570 I GsaVoiceInteractionSrv: Handling ACTION_START_HOTWORD
02-24 17:05:44.220  2570  3031 I GsaVoiceInteractionSrv: disregardVoiceMatch: false
02-24 17:05:44.221  2570  3031 I GsaVoiceInteractionSrv: Cannot start hotword, hotword has been explicitly disabled.
02-24 17:05:44.221  2660  2660 D InputMethodManager: HSIFW - flag : 0 Pid : 2660
02-24 17:05:44.222   733 28804 V InputMethodManagerService: Client requesting input be hidden, flags : 0
02-24 17:05:44.222   733 28804 V InputMethodManagerService: hideCurrentInputLocked : shouldHideSoftInput is false
02-24 17:05:44.224  2660  2660 D AppsAdapter: notifyupdate start : com.android.launcher3.Launcher@32a117d
02-24 17:05:44.224  2660  2660 D AppsCustomAdapter: no change items
02-24 17:05:44.225  2660  2660 D AppsAdapter: notifyupdate end : com.android.launcher3.Launcher@32a117d
02-24 17:05:44.351 30076 30076 D BoundBrokerSvc: onUnbind: Intent { act=com.google.android.gms.findmydevice.spot.service.locationreport.START dat=chimera-action:com.google.android.gms.findmydevice.spot.service.locationreport.START cmp=com.google.android.gms/.chimera.GmsApiService launchParam=MultiScreenLaunchParams { mDisplayId=0 mBaseDisplayId=0 mFlags=0 } }
02-24 17:05:44.873  1636  1897 D NetworkController.MobileSignalController(0/-2): onSignalStrengthsChanged signalStrength=SignalStrength: 27 99 -120 -160 -120 -1 -1 99 2147483647 2147483647 2147483647 2147483647 2147483647 0x4 gsm|lte level=4
02-24 17:05:44.876  1636  1897 D NetworkController.MobileSignalController(0/-2): getMobileIconGroup(): 0
02-24 17:05:44.999  2660  2660 D Launcher: setHotWordDetection : call requestHotwordDetection true
02-24 17:05:46.340 27799 27814 I QueryController: Matched selector: UiSelector[TEXT=Apps] <<==>> [android.view.accessibility.AccessibilityNodeInfo@800dbbab; boundsInParent: Rect(0, 0 - 32, 22); boundsInScreen: Rect(668, 951 - 700, 973); packageName: com.sec.android.app.launcher; className: android.widget.TextView; text: Apps; error: null; maxTextLength: -1; contentDescription: null; viewIdResName: com.sec.android.app.launcher:id/iconview_titleView; checkable: false; checked: false; focusable: false; focused: false; selected: false; clickable: false; longClickable: false; contextClickable: false; enabled: true; password: false; scrollable: false; actions: [AccessibilityAction: ACTION_SELECT - null, AccessibilityAction: ACTION_CLEAR_SELECTION - null, AccessibilityAction: ACTION_ACCESSIBILITY_FOCUS - null, AccessibilityAction: ACTION_NEXT_AT_MOVEMENT_GRANULARITY - null, AccessibilityAction: ACTION_PREVIOUS_AT_MOVEMENT_GRANULARITY - null, AccessibilityAction: ACTION_SET_SELECTION - null, AccessibilityAction: ACTION_SHOW_ON_SCREEN - null]]
02-24 17:05:46.344 27799 27814 D InteractionController: clickAndSync(684, 962)
02-24 17:05:46.345   733  2202 D InputDispatcher: Inject motion (27782): action=0x0, eventTime=140872493000000, displayId=0
02-24 17:05:46.345   733  1450 I InputDispatcher: Delivering touch to (1636): action: 0x4, toolType: 1
02-24 17:05:46.346   733  1450 I InputDispatcher: Delivering touch to (2660): action: 0x0, toolType: 1
02-24 17:05:46.346   733  1450 I InputDispatcher: Delivering touch to (1636): action: 0x0, toolType: 1
02-24 17:05:46.346  2660  2660 D ViewRootImpl@c29b6ce[LauncherActivity]: ViewPostImeInputStage processPointer 0
02-24 17:05:46.348  2660  2660 I System.out: Rect(0, 0 - 768, 63)
02-24 17:05:46.452   733  6024 D InputDispatcher: Inject motion (27782): action=0x1, eventTime=140872600000000, displayId=0
02-24 17:05:46.453   733  1450 I InputDispatcher: Delivering touch to (2660): action: 0x1, toolType: 1
02-24 17:05:46.453   733  1450 I InputDispatcher: Delivering touch to (1636): action: 0x1, toolType: 1
02-24 17:05:46.454  2660  2660 D ViewRootImpl@c29b6ce[LauncherActivity]: ViewPostImeInputStage processPointer 1
02-24 17:05:46.459  2660  2660 D Launcher: showAppsView:true resetToTop:false
02-24 17:05:46.459  2660  2660 I StageManager: startStage : 1 -> 2
02-24 17:05:46.476  2570  2570 I GsaVoiceInteractionSrv: Handling ACTION_STOP_HOTWORD
02-24 17:05:46.476  2660  2660 D Launcher: setHotWordDetection : call requestHotwordDetection false
02-24 17:05:46.477  2570  3031 E HwDetectorWithState: a: 3
02-24 17:05:46.479  2660  2660 D BixbyApi_0.2.7: isBixbySupported:false
02-24 17:05:46.479  2660  2660 D StageManager: start stageTransitionAnim : from com.android.launcher3.home.HomeController@43dae59 to com.android.launcher3.allapps.controller.AppsController@bdfcf68
02-24 17:05:46.483  2660  2660 I BlurUtils: blurByWindowManager with show = true, dest = com.android.internal.policy.PhoneWindow@e5a2c67, amount = 0.3, duration = 444, sBlur=false
02-24 17:05:46.483  2660  2660 D StageManager: dump stage
02-24 17:05:46.483  2660  2660 D StageManager: com.android.launcher3.home.HomeController@43dae59
02-24 17:05:46.483  2660  2660 D StageManager: com.android.launcher3.allapps.controller.AppsController@bdfcf68
02-24 17:05:46.490  2660  2838 D SamsungAnalytics:1.8.33: [QueueManager] queue size over. remove oldest log
02-24 17:05:46.490  2660  2838 D SamsungAnalytics:1.8.33: [DLCBinder] already send register request
02-24 17:05:46.506  2660  2660 D StageManager: stageTransitionAnim start runnable time gap : 24
02-24 17:05:46.533  2660  2660 D HomeContainer: setAlpha : 1.0
02-24 17:05:46.533  2660  2660 D HomeContainer: setAlpha : 1.0
02-24 17:05:46.534  2660  2660 D HomeContainer: setAlpha : 1.0
02-24 17:05:46.554  2660  2660 D HomeContainer: setAlpha : 0.7296232
02-24 17:05:46.557  2660  2660 D AppsDragController: needDeferToBind : true , false
02-24 17:05:46.580  2660  2660 D HomeContainer: setAlpha : 0.1613965
02-24 17:05:46.599  2660  2660 D HomeContainer: setAlpha : 0.0
02-24 17:05:46.624  2660  2660 D HomeContainer: setAlpha : 0.0
02-24 17:05:46.630  2660  2660 D HomeContainer: setAlpha : 0.0
02-24 17:05:46.647  2660  2660 D HomeContainer: setAlpha : 0.0
02-24 17:05:46.665  2660  2660 D HomeContainer: setAlpha : 0.0
02-24 17:05:46.681  2660  2660 D HomeContainer: setAlpha : 0.0
02-24 17:05:46.698  2660  2660 D HomeContainer: setAlpha : 0.0
02-24 17:05:46.714  2660  2660 D HomeContainer: setAlpha : 0.0
02-24 17:05:46.744  2660  2660 D HomeContainer: setAlpha : 0.0
02-24 17:05:46.749  2660  2660 D HomeContainer: setAlpha : 0.0
02-24 17:05:46.763  2660  2660 D HomeContainer: setAlpha : 0.0
02-24 17:05:46.782  2660  2660 D HomeContainer: setAlpha : 0.0
02-24 17:05:46.798  2660  2660 D HomeContainer: setAlpha : 0.0
02-24 17:05:46.815  2660  2660 D HomeContainer: setAlpha : 0.0
02-24 17:05:46.831  2660  2660 D HomeContainer: setAlpha : 0.0
02-24 17:05:46.848  2660  2660 D HomeContainer: setAlpha : 0.0
02-24 17:05:46.864  2660  2660 D HomeContainer: setAlpha : 0.0
02-24 17:05:46.882  2660  2660 D HomeContainer: setAlpha : 0.0
02-24 17:05:46.898  2660  2660 D HomeContainer: setAlpha : 0.0
02-24 17:05:46.914  2660  2660 D HomeContainer: setAlpha : 0.0
02-24 17:05:46.931  2660  2660 D HomeContainer: setAlpha : 0.0
02-24 17:05:46.951  2660  2660 D HomeContainer: setAlpha : 0.0
02-24 17:05:46.964  2660  2660 D HomeContainer: setAlpha : 0.0
02-24 17:05:46.985  2660  2660 D HomeContainer: setVisibility : 8
02-24 17:05:46.986  2660  2660 D HomeContainer: setAlpha : 0.0
02-24 17:05:46.986  2660  2660 D StageManager: stageTransitionAnim onAnimationEnd
02-24 17:05:46.987  2660  2660 D StageManager: dump stageview info : mode(2), visible(0) , alpha(1.000000)
02-24 17:05:48.674 27799 27814 I QueryController: Matched selector: UiSelector[RESOURCE_ID=android:id/search_src_text] <<==>> [android.view.accessibility.AccessibilityNodeInfo@8007ed1f; boundsInParent: Rect(0, 0 - 560, 50); boundsInScreen: Rect(58, 34 - 618, 84); packageName: com.sec.android.app.launcher; className: android.widget.EditText; text:   Search tablet; error: null; maxTextLength: 1000; contentDescription: null; viewIdResName: android:id/search_src_text; checkable: false; checked: false; focusable: true; focused: false; selected: false; clickable: true; longClickable: false; contextClickable: false; enabled: true; password: false; scrollable: false; actions: [AccessibilityAction: ACTION_FOCUS - null, AccessibilityAction: ACTION_SELECT - null, AccessibilityAction: ACTION_CLEAR_SELECTION - null, AccessibilityAction: ACTION_CLICK - null, AccessibilityAction: ACTION_ACCESSIBILITY_FOCUS - null, AccessibilityAction: ACTION_SET_TEXT - null, AccessibilityAction: ACTION_SHOW_ON_SCREEN - null]]
02-24 17:05:48.749 27799 27814 I QueryController: Matched selector: UiSelector[RESOURCE_ID=android:id/search_src_text] <<==>> [android.view.accessibility.AccessibilityNodeInfo@8007ed1f; boundsInParent: Rect(0, 0 - 513, 50); boundsInScreen: Rect(58, 34 - 571, 84); packageName: com.sec.android.app.launcher; className: android.widget.EditText; text: Settings; error: null; maxTextLength: 1000; contentDescription: null; viewIdResName: android:id/search_src_text; checkable: false; checked: false; focusable: true; focused: false; selected: false; clickable: true; longClickable: false; contextClickable: false; enabled: true; password: false; scrollable: false; actions: [AccessibilityAction: ACTION_FOCUS - null, AccessibilityAction: ACTION_SELECT - null, AccessibilityAction: ACTION_CLEAR_SELECTION - null, AccessibilityAction: ACTION_CLICK - null, AccessibilityAction: ACTION_ACCESSIBILITY_FOCUS - null, AccessibilityAction: ACTION_NEXT_AT_MOVEMENT_GRANULARITY - null, AccessibilityAction: ACTION_PREVIOUS_AT_MOVEMENT_GRANULARITY - null, AccessibilityAction: ACTION_SET_SELECTION - null, AccessibilityAction: ACTION_SET_TEXT - null, AccessibilityAction: ACTION_SHOW_ON_SCREEN - null]]
02-24 17:05:48.755 27799 27814 D InteractionController: clickAndSync(314, 59)
02-24 17:05:48.756   733  2633 D InputDispatcher: Inject motion (27782): action=0x0, eventTime=140874904000000, displayId=0
02-24 17:05:48.756   733  1450 I InputDispatcher: Delivering touch to (1636): action: 0x4, toolType: 1
02-24 17:05:48.756   733  1450 I InputDispatcher: Delivering touch to (2660): action: 0x0, toolType: 1
02-24 17:05:48.757   733  1450 I InputDispatcher: Delivering touch to (1636): action: 0x0, toolType: 1
02-24 17:05:48.758  2660  2660 D ViewRootImpl@c29b6ce[LauncherActivity]: ViewPostImeInputStage processPointer 0
02-24 17:05:48.759  2660  2660 I System.out: Rect(0, 0 - 768, 92)
02-24 17:05:48.862   733 16597 D InputDispatcher: Inject motion (27782): action=0x1, eventTime=140875010000000, displayId=0
02-24 17:05:48.863   733  1450 I InputDispatcher: Delivering touch to (2660): action: 0x1, toolType: 1
02-24 17:05:48.863   733  1450 I InputDispatcher: Delivering touch to (1636): action: 0x1, toolType: 1
02-24 17:05:48.864  2660  2660 D ViewRootImpl@c29b6ce[LauncherActivity]: ViewPostImeInputStage processPointer 1
02-24 17:05:48.865  2660  2660 D InputMethodManager: HSIFW - flag : 0 Pid : 2660
02-24 17:05:48.866   733  2628 V InputMethodManagerService: Client requesting input be hidden, flags : 0
02-24 17:05:48.866   733  2628 V InputMethodManagerService: hideCurrentInputLocked : shouldHideSoftInput is false
02-24 17:05:48.866  2660  2838 D SamsungAnalytics:1.8.33: [QueueManager] queue size over. remove oldest log
02-24 17:05:48.866  2660  2838 D SamsungAnalytics:1.8.33: [DLCBinder] already send register request
02-24 17:05:48.868  2660  2660 D StageManager: onStartForResult : result -1 to com.android.launcher3.allapps.controller.AppsController@bdfcf68
02-24 17:05:48.888   733  2203 D ActivityTrigger: activityStartTrigger: Activity is Triggerred in full screen ApplicationInfo{bc8a864 com.samsung.android.app.galaxyfinder}
02-24 17:05:48.888   733  2203 E ActivityTrigger: activityStartTrigger: not whiteListedcom.samsung.android.app.galaxyfinder/com.samsung.android.app.galaxyfinder.GalaxyFinderActivity/714000100
02-24 17:05:48.891   733  2203 D InputDispatcher: Focused application set to: xxxx
02-24 17:05:48.892   733  2203 D InputDispatcher: Focus left window: 2660
02-24 17:05:48.894   733  2203 D ActivityTrigger: activityResumeTrigger: The activity in ApplicationInfo{bc8a864 com.samsung.android.app.galaxyfinder} is now in focus and seems to be in full-screen mode
02-24 17:05:48.894   733  2203 E ActivityTrigger: activityResumeTrigger: not whiteListedcom.samsung.android.app.galaxyfinder/com.samsung.android.app.galaxyfinder.GalaxyFinderActivity/714000100
02-24 17:05:48.894   733  2203 D ActivityTrigger: ActivityTrigger activityPauseTrigger
02-24 17:05:48.911  2660  2660 D ViewRootImpl@c29b6ce[LauncherActivity]: MSG_WINDOW_FOCUS_CHANGED 0
02-24 17:05:48.913  2660  2660 V InputMethodManager: Starting input: tba=android.view.inputmethod.EditorInfo@9a3faf9 nm : com.sec.android.app.launcher ic=null
02-24 17:05:48.913  2660  2660 I InputMethodManager: startInputInner - mService.startInputOrWindowGainedFocus
02-24 17:05:48.915   733  1928 D InputMethodManagerService: setCurrentInputInfo - inputContext : null eidtorInfo : android.view.inputmethod.EditorInfo@499e6d0 missingMethods : 0
02-24 17:05:48.916   733  1928 D InputTransport: Input channel constructed: fd=411
02-24 17:05:48.916   733  1928 D InputTransport: Input channel destroyed: fd=411
02-24 17:05:48.916  2660  2660 D InputTransport: Input channel constructed: fd=83
02-24 17:05:48.916  2274  2274 I SKBD    : SamsungKeypad [IMI] onStartInput - caller pid : 2660, caller uid : 10043
02-24 17:05:48.916  2660  2660 D InputTransport: Input channel destroyed: fd=65
02-24 17:05:48.921  2660  2660 V Launcher: Launcher.onPause()
02-24 17:05:48.922  2660  2660 D Launcher: setHotWordDetection : call requestHotwordDetection false
02-24 17:05:48.928   733 29981 D ActivityTrigger: activityResumeTrigger: The activity in ApplicationInfo{bc8a864 com.samsung.android.app.galaxyfinder} is now in focus and seems to be in full-screen mode
02-24 17:05:48.928   733 29981 E ActivityTrigger: activityResumeTrigger: not whiteListedcom.samsung.android.app.galaxyfinder/com.samsung.android.app.galaxyfinder.GalaxyFinderActivity/714000100
02-24 17:05:48.963 10326 10326 I SettingSearch/SearchIntentReceiver: action : com.samsung.android.app.galaxyfinder.LAUNCH_SFINDER
02-24 17:05:48.963 10326 10326 D InterestingConfigChanges: isConfigChanged=true
02-24 17:05:48.993 10326 10326 I TileUtils: getTilesForIntent results count : 41
02-24 17:05:49.023 10326 10326 I TileUtils: getTilesForIntent results count : 0
02-24 17:05:49.026 10326 10326 I TileUtils: getTilesForIntent results count : 5
02-24 17:05:49.027 27842 27842 D ScrollView: initGoToTop
02-24 17:05:49.043 10326 10326 I TileUtils: getTilesForIntent results count : 1
02-24 17:05:49.049 10326 10326 W ResourceType: ResTable_typeSpec entry count inconsistent: given 76, previously 78
02-24 17:05:49.050 10326 10326 W ResourceType: ResTable_typeSpec entry count inconsistent: given 3262, previously 3285
02-24 17:05:49.074 10326 27944 D SecMenutree: initLogging()
02-24 17:05:49.088 10326 27944 W ResourceType: For resource 0x7f070027, entry index(39) is beyond type entryCount(5)
02-24 17:05:49.088 10326 27944 W ResourceType: Failure getting entry for 0x7f070027 (t=6 e=39) (error -75)
02-24 17:05:49.088 10326 27944 E Settings_Utils: (Res error)Failed to translate : android.content.res.Resources$NotFoundException: String resource ID #0x7f070027
02-24 17:05:49.088 10326 27944 D SecMenutree: skip keyword : Wallpaper
02-24 17:05:49.091 10326 27944 W ResourceType: No package identifier when getting value for resource number 0x00000000
02-24 17:05:49.092 10326 27944 E Settings_Utils: (Res error)Failed to translate : android.content.res.Resources$NotFoundException: String resource ID #0x0
02-24 17:05:49.092 10326 27944 D SecMenutree: skip keyword : Device maintenance
02-24 17:05:49.100 10326 27944 W ResourceType: Failure getting entry for 0x7f1506e4 (t=20 e=1764) (error -2147483647)
02-24 17:05:49.100 10326 27944 E Settings_Utils: (Res error)Failed to translate : android.content.res.Resources$NotFoundException: String resource ID #0x7f1506e4
02-24 17:05:49.100 10326 27944 D SecMenutree: skip keyword : Google
02-24 17:05:49.103 27842 27842 D ViewRootImpl@24f61a[GalaxyFinderActivity]: ThreadedRenderer.create() translucent=true
02-24 17:05:49.105   733  2456 D InputTransport: Input channel constructed: fd=411
02-24 17:05:49.105   733  2456 D InputTransport: Input channel constructed: fd=412
02-24 17:05:49.106   733  2456 D InputTransport: Input channel destroyed: fd=412
02-24 17:05:49.107 27842 27842 D InputTransport: Input channel constructed: fd=65
02-24 17:05:49.108 27842 27842 D ViewRootImpl@24f61a[GalaxyFinderActivity]: setView = DecorView@4d4e54b[GalaxyFinderActivity] touchMode=true
02-24 17:05:49.108   733  1712 D ActivityManager: post active user change for 0 fullscreen true isHomeActivity() true
02-24 17:05:49.108   733   733 D KnoxKeyguardDelegate: clear Flag
02-24 17:05:49.115 10326 27944 D Settings_Utils: isHideMobileNetworks: isEnabled = 0
02-24 17:05:49.118 10326 27944 I Settings_Utils: disable_offslot SIM1 Status : ABSENT, SIM2 Status : NOTREADY
02-24 17:05:49.118 10326 27944 I Settings_Utils: disable_offslot SIM1 icc_type : true, SIM2 icc_type : true
02-24 17:05:49.119 10326 27944 D TAG     : isSupportDeviceVisibility - isSupportD2d false
02-24 17:05:49.121 10326 27944 D WifiCalling: isSupportWifiCalling: false
02-24 17:05:49.122 10326 27944 D WifiCalling: isEnabledWifiCallingActivity: false
02-24 17:05:49.122 10326 27944 D Settings_Utils: isSupportMptcp: false
02-24 17:05:49.122 10326 27944 D Settings_Utils: isSupportMptcp: false
02-24 17:05:49.122   733 29981 D Tethering: tetherableWifiRegexs
02-24 17:05:49.122   733 29981 D Tethering: showLog() wlan0
02-24 17:05:49.122   733 29981 D Tethering: NAP Supported by CSCFeature and not Wifi Model
02-24 17:05:49.123   733 29981 D Tethering: mTetherableWifiRegexs
02-24 17:05:49.123   733 29981 D Tethering: showLog() wlan0
02-24 17:05:49.126   733 29981 E Tethering: No numeric data
02-24 17:05:49.132 27842 27842 D ViewRootImpl@24f61a[GalaxyFinderActivity]: dispatchAttachedToWindow
02-24 17:05:49.138 10326 27944 E CustomizedTextParser: getCustomizedText Rule is empty. mRuleMap={}
02-24 17:05:49.156   286   286 I SurfaceFlinger: id=1218 createSurf (1x1),1 flag=4, com.samsung.android.app.galaxyfinder/com.samsung.android.app.galaxyfinder.GalaxyFinderActivity
02-24 17:05:49.180   733  1928 D InputDispatcher: Focus entered window: 27842
02-24 17:05:49.182  1636 21772 D WallpaperService: resized:[frame]Rect(0, 0 - 768, 1024) [newConfig] is null
02-24 17:05:49.182  1636  1636 D WallpaperService: MSG_WINDOW_RESIZED
02-24 17:05:49.182  1636  1636 D WallpaperService: updateSurface forceRelayout=true redrawNeeded=false myWidth=768 myHeight=1024 fixedSize=true x = 0 y = 0 mWidth=768 mHeight=1024
02-24 17:05:49.183  1636  1636 V WallpaperService: Changes: creating=false format=false size=false
02-24 17:05:49.188 27842 27842 D ViewRootImpl@24f61a[GalaxyFinderActivity]: Relayout returned: oldFrame=[0,0][0,0] newFrame=[0,0][768,1024] result=0x27 surface={isValid=true 1746190336} surfaceGenerationChanged=true
02-24 17:05:49.188 27842 27842 D ViewRootImpl@24f61a[GalaxyFinderActivity]: mHardwareRenderer.initialize() mSurface={isValid=true 1746190336} hwInitialized=true
02-24 17:05:49.194  1636  1636 V WallpaperService: New surface=Surface(name=null)/@0x13ce3e3, frame=Rect(0, 0 - 768, 1024),relayoutResult=1, mConfiguration={0 1.0 showBtnBg = -1 ?mcc?mnc ?localeList ?layoutDir ?swdp ?wdp ?hdp ?density ?lsize ?long ?orien ?uimode ?night ?touch ?keyb/?/? ?nav/?}
02-24 17:05:49.194  1636  1636 V WallpaperService: Wallpaper size has changed : 768, 1024
02-24 17:05:49.195  1636  1636 D ImageWallpaper: onOffsetsChanged: xOffset=0.0, yOffset=0.0, xOffsetStep=0.0, yOffsetStep=0.0, xPixels=0, yPixels=0
02-24 17:05:49.195  1636  1636 D ImageWallpaper: drawFrame=false rotation=0 mLastRotation=0 deviceWidth=768 deviceHeight=1024
02-24 17:05:49.195  1636  1636 D ImageWallpaper: drawFrame:[frame.width()]768[frame.height()]1024
02-24 17:05:49.195  1636  1636 D ImageWallpaper: surfaceDimensionsChanged=false mLastSurfaceRotation=0 mDisplayWidth=-1 mDisplayHeight=-1
02-24 17:05:49.195  1636  1636 D ImageWallpaper: redrawNeeded = false, mOffsetsChanged = false
02-24 17:05:49.196  1636  1636 D ImageWallpaper: Suppressed drawFrame since redraw is not needed and offsets have not changed.
02-24 17:05:49.202 10326 27944 E CustomizedTextParser: getCustomizedText Rule is empty. mRuleMap={}
02-24 17:05:49.209 10326 27944 E CustomizedTextParser: getCustomizedText Rule is empty. mRuleMap={}
02-24 17:05:49.212 27842 27842 D ScrollView:  onsize change changed
02-24 17:05:49.212   733  2202 D Tethering: tetherableWifiRegexs
02-24 17:05:49.212   733  2202 D Tethering: showLog() wlan0
02-24 17:05:49.213   733  2202 D Tethering: NAP Supported by CSCFeature and not Wifi Model
02-24 17:05:49.213   733  2202 D Tethering: mTetherableWifiRegexs
02-24 17:05:49.213   733  2202 D Tethering: showLog() wlan0
02-24 17:05:49.216   733  2202 E Tethering: No numeric data
02-24 17:05:49.220   733  2460 D Tethering: tetherableWifiRegexs
02-24 17:05:49.220   733  2460 D Tethering: showLog() wlan0
02-24 17:05:49.221   733  2460 D Tethering: NAP Supported by CSCFeature and not Wifi Model
02-24 17:05:49.221   733  2460 D Tethering: mTetherableWifiRegexs
02-24 17:05:49.221   733  2460 D Tethering: showLog() wlan0
02-24 17:05:49.223   733  2460 E Tethering: No numeric data
02-24 17:05:49.225   733 29981 D Tethering: tetherableWifiRegexs
02-24 17:05:49.225   733 29981 D Tethering: showLog() wlan0
02-24 17:05:49.225   733 29981 D Tethering: NAP Supported by CSCFeature and not Wifi Model
02-24 17:05:49.225   733 29981 D Tethering: mTetherableWifiRegexs
02-24 17:05:49.225   733 29981 D Tethering: showLog() wlan0
02-24 17:05:49.228   733 29981 E Tethering: No numeric data
02-24 17:05:49.235   733 29981 D Tethering: mTetherableBluetoothRegexs : 1
02-24 17:05:49.241 27842 27842 D ViewRootImpl@24f61a[GalaxyFinderActivity]: MSG_RESIZED_REPORT: frame=Rect(0, 0 - 768, 1024) ci=Rect(0, 27 - 0, 0) vi=Rect(0, 27 - 0, 0) or=1
02-24 17:05:49.241 27842 27842 D ViewRootImpl@24f61a[GalaxyFinderActivity]: MSG_WINDOW_FOCUS_CHANGED 1
02-24 17:05:49.241 27842 27842 D ViewRootImpl@24f61a[GalaxyFinderActivity]: mHardwareRenderer.initializeIfNeeded()#2 mSurface={isValid=true 1746190336}
02-24 17:05:49.242 27842 27842 D InputMethodManager: SSI - flag : 0 Pid : 27842 view : com.samsung.android.app.galaxyfinder
02-24 17:05:49.243 27842 27842 V InputMethodManager: Starting input: tba=android.view.inputmethod.EditorInfo@7e7c243 nm : com.samsung.android.app.galaxyfinder ic=com.android.internal.widget.EditableInputConnection@db050c0
02-24 17:05:49.243 27842 27842 I InputMethodManager: startInputInner - mService.startInputOrWindowGainedFocus
02-24 17:05:49.248  2660  2660 I Launcher: onWindowVisibilityChanged : false
02-24 17:05:49.253   733  2434 D InputMethodManagerService: isImeSwitcherDisabledPackage : false
02-24 17:05:49.254   733  2434 D InputMethodManagerService: setCurrentInputInfo - inputContext : com.android.internal.view.IInputContext$Stub$Proxy@2b136e7 eidtorInfo : android.view.inputmethod.EditorInfo@1d8f294 missingMethods : 0
02-24 17:05:49.254   733  2434 D InputTransport: Input channel constructed: fd=412
02-24 17:05:49.254   733  2434 D InputTransport: Input channel destroyed: fd=412
02-24 17:05:49.254 27842 27842 D InputTransport: Input channel constructed: fd=66
02-24 17:05:49.254  2274  2274 I SKBD    : SamsungKeypad [IMI] onStartInput - caller pid : 27842, caller uid : 10020
02-24 17:05:49.254  2274  2274 I SKBD    : abx getDefaultInputRange : UNKNOWN
02-24 17:05:49.255  2274  2274 I SKBD    : act resetBinderManager()
02-24 17:05:49.255  2274  2274 I SKBD_SYNC: SamsungKeypad onStartInput: import DLM
02-24 17:05:49.255   733  1928 V InputMethodManagerService: Client requesting input be shown, flags : 0
02-24 17:05:49.255  2274  2274 V InputMethodService: showSoftInput(), flags : 1
02-24 17:05:49.257  2274  2274 I SKBD    : SamsungKeypad onStartInputView
02-24 17:05:49.257  2274  2274 I SKBD    : LegalAgreementActivity check legal agreement: false , false , false
02-24 17:05:49.258  2274  2274 I SKBD    : act resetBinderManager()
02-24 17:05:49.265  2274  2274 I SKBD    : wf [startInputView] info.inputType = 1 info.imeOptions = 10000003
02-24 17:05:49.265  2274  2274 I SKBD    : aea [Utils] isKNOX is ver2.0
02-24 17:05:49.265   733  1249 I ActivityManager: Displayed com.samsung.android.app.galaxyfinder/.GalaxyFinderActivity: +336ms
02-24 17:05:49.265  2274  2274 I SKBD    : uz onStartInput() took nanoTime:  35052
02-24 17:05:49.265  2274  2274 I SKBD    : abx setPrivateImeOptionsToTable imeOptions ( nm )
02-24 17:05:49.265  2274  2274 I SKBD    : abx PrivateImeOptionsTable is empty
02-24 17:05:49.268  2274  2274 I SKBD    : Update SetupWizard State usc : 1 pss : false
02-24 17:05:49.270  2274  2274 I SKBD    : abx getDefaultInputRange : UNKNOWN
02-24 17:05:49.270  2274  2274 I SKBD    : abx getDefaultInputRange : UNKNOWN
02-24 17:05:49.271  2274  2274 I SKBD    : abx setPrivateImeOptionsToTable imeOptions ( nm )
02-24 17:05:49.272  2274  2274 I SKBD    : abx PrivateImeOptionsTable is empty
02-24 17:05:49.272 27842 27842 V InputMethodManager: Starting input: tba=android.view.inputmethod.EditorInfo@b40b53e nm : com.samsung.android.app.galaxyfinder ic=com.android.internal.widget.EditableInputConnection@dba3f9f
02-24 17:05:49.272  2660  2660 D ViewRootImpl@c29b6ce[LauncherActivity]: mHardwareRenderer.destroy()#1
02-24 17:05:49.272 27842 27842 I InputMethodManager: startInputInner - mService.startInputOrWindowGainedFocus
02-24 17:05:49.273   733 16597 D InputMethodManagerService: windowGainedFocus : mCurrentFocusedUserId - 0 and mSecureKeypadEnabled-false
02-24 17:05:49.273 10326 27944 I WirelessSettings: getNonIndexableKeys() mTetheredDataML : -1
02-24 17:05:49.273  2274  2274 I SKBD    : Update SetupWizard State usc : 1 pss : false
02-24 17:05:49.273  2274  2274 I SKBD    : abx getDefaultInputRange : UNKNOWN
02-24 17:05:49.273  2274  2274 I SKBD    : abx getDefaultInputRange : UNKNOWN
02-24 17:05:49.275   733  2202 D Tethering: tetherableWifiRegexs
02-24 17:05:49.275   733  2202 D Tethering: showLog() wlan0
02-24 17:05:49.275   733  2202 D Tethering: NAP Supported by CSCFeature and not Wifi Model
02-24 17:05:49.275   733  2202 D Tethering: mTetherableWifiRegexs
02-24 17:05:49.275   733  2202 D Tethering: showLog() wlan0
02-24 17:05:49.278   733  2202 E Tethering: No numeric data
02-24 17:05:49.281   286   286 D SurfaceFlinger:   Display[0] configurations (* current):
02-24 17:05:49.281   286   286 D SurfaceFlinger:     * 0: 768x1024, xdpi=159.895004, ydpi=159.567993, refresh=16666667
02-24 17:05:49.281   286   286 D SurfaceFlinger:   numHwLayers=5, flags=00000000
02-24 17:05:49.281   286   286 D SurfaceFlinger:     type   |  handle  | hint | flag | tr | blnd |   format    |     source crop (l,t,r,b)      |          frame         | name
02-24 17:05:49.281   286   286 D SurfaceFlinger: -----------+----------+------+------+----+------+-------------+--------------------------------+------------------------+------
02-24 17:05:49.281   286   286 D SurfaceFlinger:        HWC | aecc4300 | 0002 | 0000 | 00 | 0100 | RGB_888     |    0.0,    0.0,  768.0, 1024.0 |    0,    0,  768, 1024 | com.android.systemui.ImageWallpaper
02-24 17:05:49.281   286   286 D SurfaceFlinger:        HWC | aecc4fc0 | 0002 | 0000 | 00 | 0105 | RGBA_8888   |    0.0,    0.0,  768.0, 1024.0 |    0,    0,  768, 1024 | com.sec.android.app.launcher/com.sec.android.app.launcher.activities.LauncherActivity
02-24 17:05:49.281   286   286 D SurfaceFlinger:        HWC | aecc4ba0 | 0002 | 0000 | 00 | 0105 | RGBA_8888   |    0.0,    0.0,  768.0, 1024.0 |    0,    0,  768, 1024 | com.samsung.android.app.galaxyfinder/com.samsung.android.app.galaxyfinder.GalaxyFinderActivity
02-24 17:05:49.281   286   286 D SurfaceFlinger:        HWC | aecc4060 | 0002 | 0000 | 00
02-24 17:05:49.281   286   286 D SurfaceFlinger: | 0105 | RGBA_8888   |    0.0,    0.0,  768.0,   27.0 |    0,    0,  768,   27 | StatusBar
02-24 17:05:49.281   286   286 D SurfaceFlinger:  FB TARGET | b2822620 | 0000 | 0000 | 00 | 0105 | RGBA_8888   |    0.0,    0.0,  768.0, 1024.0 |    0,    0,  768, 1024 | HWC_FRAMEBUFFER_TARGET
02-24 17:05:49.283   733  2460 D Tethering: tetherableWifiRegexs
02-24 17:05:49.283   733  2460 D Tethering: showLog() wlan0
02-24 17:05:49.283   733  2460 D Tethering: NAP Supported by CSCFeature and not Wifi Model
02-24 17:05:49.283   733  2460 D Tethering: mTetherableWifiRegexs
02-24 17:05:49.283   733  2460 D Tethering: showLog() wlan0
02-24 17:05:49.286   733 16597 V InputMethodManagerService: windowGainedFocus : reason=WINDOW_FOCUS_GAIN client=android.os.BinderProxy@39022a0 inputContext=com.android.internal.view.IInputContext$Stub$Proxy@daa0439 missingMethods= attribute=android.view.inputmethod.EditorInfo@bc35a7e nm = com.samsung.android.app.galaxyfinder controlFlags=#107 softInputMode=#131 windowFlags=#81910102
02-24 17:05:49.286   733 16597 V InputMethodManagerService: Window asks to unchanged
02-24 17:05:49.286  2660  2660 D ViewRootImpl@c29b6ce[LauncherActivity]: Relayout returned: oldFrame=[0,0][768,1024] newFrame=[0,0][768,1024] result=0x5 surface={isValid=false 0} surfaceGenerationChanged=true
