02-23 11:36:10.923  1636  1897 D CachedBluetoothDevice: fillData :: [Name] Display name = DeviceName, Device Name = Mi Smart Band 4, [BondState] 10, [COD] 1f00, [Appearance] 0
02-23 11:36:10.925 10326 10326 D BluetoothExpListAdapter: getChildView :: 6B:0A:38:84:3C:XXisBonded = 10
02-23 11:36:10.928  1636  1897 D BluetoothEventManager: onReceive :: getAction = android.bluetooth.device.action.NAME_CHANGED
02-23 11:36:10.931  1618  1711 D ScanRecord: parseFromBytes
02-23 11:36:10.931  1618  1711 D ScanRecord: first manudata for manu ID
02-23 11:36:10.931  1618  1711 D ScanRecord: Not a Multi Manu data
02-23 11:36:10.931  1618  1711 D ScanRecord: parseFromBytes
02-23 11:36:10.931  1618  1711 D ScanRecord: first manudata for manu ID
02-23 11:36:10.931 10326 10326 D CachedBluetoothDevice: getBtClassDrawable :: 6B:0A:38:84:3C:XX, BluetoothClass = 1f00, Appearance = 0
02-23 11:36:10.931  1618  1711 D ScanRecord: Not a Multi Manu data
02-23 11:36:10.931  1618  1711 D ScanRecord: Not a Multi Manu data
02-23 11:36:10.931  1618  1711 D ScanRecord: Not a Multi Manu data
02-23 11:36:10.931  1618  1711 D ScanRecord: Not a Multi Manu data
02-23 11:36:10.931  1618  1711 D ScanRecord: Not a Multi Manu data
02-23 11:36:10.931  1618  1711 D ScanRecord: Not a Multi Manu data
02-23 11:36:10.933 10326 10326 D BluetoothExpListAdapter: getGroupView :: groupPosition = 3,  getPreferenceCount = 0 , isExpanded = true
02-23 11:36:10.941  1636  1897 D BluetoothEventManager: onReceive :: getAction = android.bluetooth.device.action.CLASS_CHANGED
02-23 11:36:10.956 10326 10326 D BluetoothEventManager: onReceive :: getAction = android.bluetooth.device.action.NAME_CHANGED
02-23 11:36:10.958 10326 10326 D BluetoothEventManager: onReceive :: getAction = android.bluetooth.device.action.CLASS_CHANGED
02-23 11:36:10.958 10326 10326 D BluetoothEventManager: onReceive :: getAction = android.bluetooth.device.action.FOUND
02-23 11:36:10.968  1618  1711 D ScanRecord: parseFromBytes
02-23 11:36:10.969 10326 10326 E CachedBluetoothDevice: updateProfiles :: uuids is null
02-23 11:36:10.969  1618  1711 D ScanRecord: Not a Multi Manu data
02-23 11:36:10.969  1618  1711 D ScanRecord: parseFromBytes
02-23 11:36:10.969  1618  1711 D ScanRecord: Not a Multi Manu data
02-23 11:36:10.969  1618  1711 D ScanRecord: Not a Multi Manu data
02-23 11:36:10.969  1618  1711 D ScanRecord: Not a Multi Manu data
02-23 11:36:10.969  1618  1711 D ScanRecord: Not a Multi Manu data
02-23 11:36:10.969  1618  1711 D ScanRecord: Not a Multi Manu data
02-23 11:36:10.969  1618  1711 D ScanRecord: Not a Multi Manu data
02-23 11:36:10.970 10326 10326 D CachedBluetoothDevice: setManufacturerData to null
02-23 11:36:10.971 10326 10326 D CachedBluetoothDevice: fetchManufacturerData : null
02-23 11:36:10.972 10326 10326 D CachedBluetoothDevice: fillData :: [Name] Display name = DeviceName, Device Name = Mi Smart Band 4, [BondState] 10, [COD] 1f00, [Appearance] 0
02-23 11:36:10.975 10326 10326 D BluetoothExpListController: readyToInsertAnimation :: mIsOnProgressAddVI = false
02-23 11:36:10.975 10326 10326 D BluetoothExpListController: setInsertAnimation :: insert index = 5 , sortedIndex = 10
02-23 11:36:10.991 10326 10326 I DeviceListPreferenceFragment: putDevicePreferenceMap :: Display name = DeviceName, Device Name = Mi Smart Band 4
02-23 11:36:10.991 10326 10326 I BluetoothDevicePreference: onDeviceAttributesChanged :: Device = Display name = DeviceName, Device Name = Mi Smart Band 4isBonded = 10 , mIsOnProgressAddVI = true
02-23 11:36:10.991 10326 10326 D BluetoothEventManager: onReceive :: getAction = android.bluetooth.device.action.NAME_CHANGED
02-23 11:36:10.996 10326 10326 I BluetoothDevicePreference: onDeviceAttributesChanged :: Device = Display name = DeviceName, Device Name = Mi Smart Band 4isBonded = 10 , mIsOnProgressAddVI = true
02-23 11:36:10.998 10326 10326 D BluetoothEventManager: onReceive :: getAction = android.bluetooth.device.action.CLASS_CHANGED
02-23 11:36:11.001 10326 10326 I BluetoothDevicePreference: onDeviceAttributesChanged :: Device = Display name = DeviceName, Device Name = Mi Smart Band 4isBonded = 10 , mIsOnProgressAddVI = true
02-23 11:36:11.026 10326 10326 D BluetoothExpListAdapter: getGroupView :: groupPosition = 0,  getPreferenceCount = 0 , isExpanded = true
02-23 11:36:11.030 10326 10326 D BluetoothExpListAdapter: getGroupView :: groupPosition = 1,  getPreferenceCount = 2 , isExpanded = true
02-23 11:36:11.033 10326 10326 D BluetoothExpListAdapter: getChildView :: Display name = DeviceName, Device Name = Nexus 4isBonded = 12
02-23 11:36:11.034 10326 10326 D CachedBluetoothDevice: getConnectionSummary :: profile ::PAN  connectionStatus::0
02-23 11:36:11.035 10326 10326 D CachedBluetoothDevice: getBtClassDrawable :: Display name = DeviceName, Device Name = Nexus 4, BluetoothClass = 5a020c, Appearance = 0
02-23 11:36:11.038 10326 10326 D BluetoothExpListAdapter: getChildView :: Display name = DeviceName, Device Name = neeratisBonded = 12
02-23 11:36:11.040 10326 10326 D CachedBluetoothDevice: getConnectionSummary :: profile ::PAN  connectionStatus::0
02-23 11:36:11.041 10326 10326 D CachedBluetoothDevice: getBtClassDrawable :: Display name = DeviceName, Device Name = neerat, BluetoothClass = 7a020c, Appearance = 0
02-23 11:36:11.042 10326 10326 D BluetoothExpListAdapter: getGroupView :: groupPosition = 2,  getPreferenceCount = 6 , isExpanded = true
02-23 11:36:11.044 10326 10326 D BluetoothExpListAdapter: getChildView :: Display name = DeviceName, Device Name = Nokia 8210 4GisBonded = 10
02-23 11:36:11.047 10326 10326 D CachedBluetoothDevice: getBtClassDrawable :: Display name = DeviceName, Device Name = Nokia 8210 4G, BluetoothClass = 5a0204, Appearance = 0
02-23 11:36:11.048 10326 10326 D BluetoothExpListAdapter: getChildView :: Display name = DeviceName, Device Name = R90C2KTDisBonded = 10
02-23 11:36:11.050 10326 10326 D CachedBluetoothDevice: getBtClassDrawable :: Display name = DeviceName, Device Name = R90C2KTD, BluetoothClass = 2a010c, Appearance = 0
02-23 11:36:11.052 10326 10326 D BluetoothExpListAdapter: getChildView :: Display name = DeviceName, Device Name = Nokia222isBonded = 10
02-23 11:36:11.054 10326 10326 D CachedBluetoothDevice: getBtClassDrawable :: Display name = DeviceName, Device Name = Nokia222, BluetoothClass = 5a0204, Appearance = 0
02-23 11:36:11.056 10326 10326 D BluetoothExpListAdapter: getChildView :: Display name = DeviceName, Device Name = Amazfit Bip LiteisBonded = 10
02-23 11:36:11.059 10326 10326 D CachedBluetoothDevice: getBtClassDrawable :: Display name = DeviceName, Device Name = Amazfit Bip Lite, BluetoothClass = 1f00, Appearance = 0
02-23 11:36:11.061 10326 10326 D BluetoothExpListAdapter: getChildView :: 6B:0A:38:84:3C:XXisBonded = 10
02-23 11:36:11.065 10326 10326 D CachedBluetoothDevice: getBtClassDrawable :: 6B:0A:38:84:3C:XX, BluetoothClass = 1f00, Appearance = 0
02-23 11:36:11.070 10326 10326 D BluetoothExpListAdapter: getChildView :: Display name = DeviceName, Device Name = Mi Smart Band 4isBonded = 10
02-23 11:36:11.073 10326 10326 D CachedBluetoothDevice: getBtClassDrawable :: Display name = DeviceName, Device Name = Mi Smart Band 4, BluetoothClass = 1f00, Appearance = 0
02-23 11:36:11.075 10326 10326 D BluetoothExpListAdapter: getGroupView :: groupPosition = 3,  getPreferenceCount = 0 , isExpanded = true
02-23 11:36:11.082 10326 10326 D BluetoothExpListController: onAnimationStart ::
02-23 11:36:11.222  1636  1897 D NetworkController.MobileSignalController(0/-2): onSignalStrengthsChanged signalStrength=SignalStrength: 28 99 -120 -160 -120 -1 -1 99 2147483647 2147483647 2147483647 2147483647 2147483647 0x4 gsm|lte level=4
02-23 11:36:11.222  1636  1897 D NetworkController.MobileSignalController(0/-2): getMobileIconGroup(): 0
02-23 11:36:11.679 10326 10326 D BluetoothExpListController: onAnimationEnd ::
02-23 11:36:12.196 10326 10326 D BluetoothExpListController: handleMessage :: Finish animation loop
02-23 11:36:12.196 10326 10326 D BluetoothExpListController: handleMessage :: mNeedUpdatePreference is true
02-23 11:36:12.214 10326 10326 D BluetoothExpListAdapter: getGroupView :: groupPosition = 0,  getPreferenceCount = 0 , isExpanded = true
02-23 11:36:12.222 10326 10326 D BluetoothExpListAdapter: getGroupView :: groupPosition = 1,  getPreferenceCount = 2 , isExpanded = true
02-23 11:36:12.224 10326 10326 D BluetoothExpListAdapter: getChildView :: Display name = DeviceName, Device Name = Nexus 4isBonded = 12
02-23 11:36:12.229 10326 10326 D CachedBluetoothDevice: getConnectionSummary :: profile ::PAN  connectionStatus::0
02-23 11:36:12.231 10326 10326 D CachedBluetoothDevice: getBtClassDrawable :: Display name = DeviceName, Device Name = Nexus 4, BluetoothClass = 5a020c, Appearance = 0
02-23 11:36:12.234 10326 10326 D BluetoothExpListAdapter: getChildView :: Display name = DeviceName, Device Name = neeratisBonded = 12
02-23 11:36:12.236 10326 10326 D CachedBluetoothDevice: getConnectionSummary :: profile ::PAN  connectionStatus::0
02-23 11:36:12.238 10326 10326 D CachedBluetoothDevice: getBtClassDrawable :: Display name = DeviceName, Device Name = neerat, BluetoothClass = 7a020c, Appearance = 0
02-23 11:36:12.243 10326 10326 D BluetoothExpListAdapter: getGroupView :: groupPosition = 2,  getPreferenceCount = 6 , isExpanded = true
02-23 11:36:12.248 10326 10326 D BluetoothExpListAdapter: getChildView :: Display name = DeviceName, Device Name = Nokia 8210 4GisBonded = 10
02-23 11:36:12.254 10326 10326 D CachedBluetoothDevice: getBtClassDrawable :: Display name = DeviceName, Device Name = Nokia 8210 4G, BluetoothClass = 5a0204, Appearance = 0
02-23 11:36:12.255 10326 10326 D BluetoothExpListAdapter: getChildView :: Display name = DeviceName, Device Name = R90C2KTDisBonded = 10
02-23 11:36:12.258 10326 10326 D CachedBluetoothDevice: getBtClassDrawable :: Display name = DeviceName, Device Name = R90C2KTD, BluetoothClass = 2a010c, Appearance = 0
02-23 11:36:12.260 10326 10326 D BluetoothExpListAdapter: getChildView :: Display name = DeviceName, Device Name = Nokia222isBonded = 10
02-23 11:36:12.263 10326 10326 D CachedBluetoothDevice: getBtClassDrawable :: Display name = DeviceName, Device Name = Nokia222, BluetoothClass = 5a0204, Appearance = 0
02-23 11:36:12.265 10326 10326 D BluetoothExpListAdapter: getChildView :: Display name = DeviceName, Device Name = Amazfit Bip LiteisBonded = 10
02-23 11:36:12.269 10326 10326 D CachedBluetoothDevice: getBtClassDrawable :: Display name = DeviceName, Device Name = Amazfit Bip Lite, BluetoothClass = 1f00, Appearance = 0
02-23 11:36:12.271 10326 10326 D BluetoothExpListAdapter: getChildView :: 6B:0A:38:84:3C:XXisBonded = 10
02-23 11:36:12.277 10326 10326 D CachedBluetoothDevice: getBtClassDrawable :: 6B:0A:38:84:3C:XX, BluetoothClass = 1f00, Appearance = 0
02-23 11:36:12.282 10326 10326 D BluetoothExpListAdapter: getChildView :: Display name = DeviceName, Device Name = Mi Smart Band 4isBonded = 10
02-23 11:36:12.289 10326 10326 D CachedBluetoothDevice: getBtClassDrawable :: Display name = DeviceName, Device Name = Mi Smart Band 4, BluetoothClass = 1f00, Appearance = 0
02-23 11:36:12.294 10326 10326 D BluetoothExpListAdapter: getGroupView :: groupPosition = 3,  getPreferenceCount = 0 , isExpanded = true
02-23 11:36:12.346  1618  1711 D ScanRecord: parseFromBytes
02-23 11:36:12.346  1618  1711 D ScanRecord: first manudata for manu ID
02-23 11:36:12.346  1618  1711 D ScanRecord: Not a Multi Manu data
02-23 11:36:12.346  1618  1711 D ScanRecord: parseFromBytes
02-23 11:36:12.346  1618  1711 D ScanRecord: first manudata for manu ID
02-23 11:36:12.346  1618  1711 D ScanRecord: Not a Multi Manu data
02-23 11:36:12.346  1618  1711 D ScanRecord: Not a Multi Manu data
02-23 11:36:12.346  1618  1711 D ScanRecord: Not a Multi Manu data
02-23 11:36:12.346  1618  1711 D ScanRecord: Not a Multi Manu data
02-23 11:36:12.346  1618  1711 D ScanRecord: Not a Multi Manu data
02-23 11:36:12.346  1618  1711 D ScanRecord: Not a Multi Manu data
02-23 11:36:12.396  1618  1711 D ScanRecord: parseFromBytes
02-23 11:36:12.396  1618  1711 D ScanRecord: first manudata for manu ID
02-23 11:36:12.396  1618  1711 D ScanRecord: Not a Multi Manu data
02-23 11:36:12.396  1618  1711 D ScanRecord: parseFromBytes
02-23 11:36:12.396  1618  1711 D ScanRecord: first manudata for manu ID
02-23 11:36:12.396  1618  1711 D ScanRecord: Not a Multi Manu data
02-23 11:36:12.396  1618  1711 D ScanRecord: Not a Multi Manu data
02-23 11:36:12.396  1618  1711 D ScanRecord: Not a Multi Manu data
02-23 11:36:12.396  1618  1711 D ScanRecord: Not a Multi Manu data
02-23 11:36:12.396  1618  1711 D ScanRecord: Not a Multi Manu data
02-23 11:36:12.396  1618  1711 D ScanRecord: Not a Multi Manu data
02-23 11:36:13.715  1618  1711 D ScanRecord: parseFromBytes
02-23 11:36:13.715  1618  1711 D ScanRecord: first manudata for manu ID
02-23 11:36:13.715  1618  1711 D ScanRecord: Not a Multi Manu data
02-23 11:36:13.715  1618  1711 D ScanRecord: parseFromBytes
02-23 11:36:13.715  1618  1711 D ScanRecord: first manudata for manu ID
02-23 11:36:13.715  1618  1711 D ScanRecord: Not a Multi Manu data
02-23 11:36:13.715  1618  1711 D ScanRecord: Not a Multi Manu data
02-23 11:36:13.715  1618  1711 D ScanRecord: Not a Multi Manu data
02-23 11:36:13.715  1618  1711 D ScanRecord: Not a Multi Manu data
02-23 11:36:13.715  1618  1711 D ScanRecord: Not a Multi Manu data
02-23 11:36:13.715  1618  1711 D ScanRecord: Not a Multi Manu data
02-23 11:36:13.765  1618  1711 D ScanRecord: parseFromBytes
02-23 11:36:13.765  1618  1711 D ScanRecord: first manudata for manu ID
02-23 11:36:13.765  1618  1711 D ScanRecord: Not a Multi Manu data
02-23 11:36:13.766  1618  1711 D ScanRecord: parseFromBytes
02-23 11:36:13.766  1618  1711 D ScanRecord: first manudata for manu ID
02-23 11:36:13.766  1618  1711 D ScanRecord: Not a Multi Manu data
02-23 11:36:13.766  1618  1711 D ScanRecord: Not a Multi Manu data
02-23 11:36:13.766  1618  1711 D ScanRecord: Not a Multi Manu data
02-23 11:36:13.766  1618  1711 D ScanRecord: Not a Multi Manu data
02-23 11:36:13.766  1618  1711 D ScanRecord: Not a Multi Manu data
02-23 11:36:13.766  1618  1711 D ScanRecord: Not a Multi Manu data
02-23 11:36:13.779  1618  1711 D ScanRecord: parseFromBytes
02-23 11:36:13.779  1618  1711 D ScanRecord: first manudata for manu ID
02-23 11:36:13.780  1618  1711 D ScanRecord: Not a Multi Manu data
02-23 11:36:13.780  1618  1711 D ScanRecord: parseFromBytes
02-23 11:36:13.780  1618  1711 D ScanRecord: first manudata for manu ID
02-23 11:36:13.780  1618  1711 D ScanRecord: Not a Multi Manu data
02-23 11:36:13.781  1618  1711 D ScanRecord: Not a Multi Manu data
02-23 11:36:13.782  1618  1711 D ScanRecord: Not a Multi Manu data
02-23 11:36:13.782  1618  1711 D ScanRecord: Not a Multi Manu data
02-23 11:36:13.782  1618  1711 D ScanRecord: Not a Multi Manu data
02-23 11:36:13.782  1618  1711 D ScanRecord: Not a Multi Manu data
02-23 11:36:13.783  1636  1897 D NetworkController.MobileSignalController(0/-2): onSignalStrengthsChanged signalStrength=SignalStrength: 27 99 -120 -160 -120 -1 -1 99 2147483647 2147483647 2147483647 2147483647 2147483647 0x4 gsm|lte level=4
02-23 11:36:13.783  1636  1897 D NetworkController.MobileSignalController(0/-2): getMobileIconGroup(): 0
02-23 11:36:13.809  1618  2346 W bt_btm  : btm_acl_update_busy_level :: evt.busy_level_flags : 0x13
02-23 11:36:13.809  1618  2346 W bt_btif : bta_dm_bl_change_cback : reason=0
02-23 11:36:13.810  1618  1711 W bt_btif : btif_dm_upstreams_cback  ev: BTA_DM_BUSY_LEVEL_EVT
02-23 11:36:13.810  1618  1711 W bt_btif : BTA_DM_BUSY_LEVEL_EVT :: p_data->busy_level.level_flags : 0x13
02-23 11:36:13.827  1618  1711 D ScanRecord: parseFromBytes
02-23 11:36:13.827  1618  1711 D ScanRecord: first manudata for manu ID
02-23 11:36:13.827  1618  1711 D ScanRecord: Not a Multi Manu data
02-23 11:36:13.827  1618  1711 D ScanRecord: parseFromBytes
02-23 11:36:13.827  1618  1711 D ScanRecord: first manudata for manu ID
02-23 11:36:13.827  1618  1711 D ScanRecord: Not a Multi Manu data
02-23 11:36:13.827  1618  1711 D ScanRecord: Not a Multi Manu data
02-23 11:36:13.827  1618  1711 D ScanRecord: Not a Multi Manu data
02-23 11:36:13.827  1618  1711 D ScanRecord: Not a Multi Manu data
02-23 11:36:13.827  1618  1711 D ScanRecord: Not a Multi Manu data
02-23 11:36:13.827  1618  1711 D ScanRecord: Not a Multi Manu data
02-23 11:36:13.849  1618  1711 D ScanRecord: parseFromBytes
02-23 11:36:13.849  1618  1711 D ScanRecord: first manudata for manu ID
02-23 11:36:13.849  1618  1711 D ScanRecord: Not a Multi Manu data
02-23 11:36:13.850  1618  1711 D ScanRecord: parseFromBytes
02-23 11:36:13.850  1618  1711 D ScanRecord: first manudata for manu ID
02-23 11:36:13.850  1618  1711 D ScanRecord: Not a Multi Manu data
02-23 11:36:13.850  1618  1711 D ScanRecord: Not a Multi Manu data
02-23 11:36:13.850  1618  1711 D ScanRecord: Not a Multi Manu data
02-23 11:36:13.850  1618  1711 D ScanRecord: Not a Multi Manu data
02-23 11:36:13.850  1618  1711 D ScanRecord: Not a Multi Manu data
02-23 11:36:13.850  1618  1711 D ScanRecord: Not a Multi Manu data
02-23 11:36:13.853  1618  1711 D ScanRecord: parseFromBytes
02-23 11:36:13.854  1618  1711 D ScanRecord: first manudata for manu ID
02-23 11:36:13.854  1618  1711 D ScanRecord: Not a Multi Manu data
02-23 11:36:13.854  1618  1711 D ScanRecord: parseFromBytes
02-23 11:36:13.854  1618  1711 D ScanRecord: first manudata for manu ID
02-23 11:36:13.854  1618  1711 D ScanRecord: Not a Multi Manu data
02-23 11:36:13.854  1618  1711 D ScanRecord: Not a Multi Manu data
02-23 11:36:13.854  1618  1711 D ScanRecord: Not a Multi Manu data
02-23 11:36:13.854  1618  1711 D ScanRecord: Not a Multi Manu data
02-23 11:36:13.854  1618  1711 D ScanRecord: Not a Multi Manu data
02-23 11:36:13.854  1618  1711 D ScanRecord: Not a Multi Manu data
02-23 11:36:13.870  1618  1711 D ScanRecord: parseFromBytes
02-23 11:36:13.870  1618  1711 D ScanRecord: first manudata for manu ID
02-23 11:36:13.870  1618  1711 D ScanRecord: Not a Multi Manu data
02-23 11:36:13.870  1618  1711 D ScanRecord: parseFromBytes
02-23 11:36:13.871  1618  1711 D ScanRecord: first manudata for manu ID
02-23 11:36:13.871  1618  1711 D ScanRecord: Not a Multi Manu data
02-23 11:36:13.871  1618  1711 D ScanRecord: Not a Multi Manu data
02-23 11:36:13.871  1618  1711 D ScanRecord: Not a Multi Manu data
02-23 11:36:13.871  1618  1711 D ScanRecord: Not a Multi Manu data
02-23 11:36:13.871  1618  1711 D ScanRecord: Not a Multi Manu data
02-23 11:36:13.871  1618  1711 D ScanRecord: Not a Multi Manu data
02-23 11:36:14.613 23870 23890 D ContactsProvider_EventLog: contents_sample_state: [ contacts(0) data(0) accounts({}) accounts deleted({}) calls([logtype:100 cnt:15]) countryIso(IN) userId(0)  ]
02-23 11:36:14.613 23870 23890 D ContactsProvider_EventLog: contents_sample_state: [ agr({})  ]
02-23 11:36:14.613 23870 23890 D ContactsProvider_EventLog: contents_sample_state: [ actCnt({android.process.acore=4, com.android.bluetooth=3})  ]
02-23 11:36:14.618 23870 23890 E ContactsProvider_EventLog: Flush buffer to file cnt : 1 size : 0Kb duration : 4ms lastUpdatedAfter : 10786 ms mFlush_time_threasold : 2000 mCurrentSize : 302
02-23 11:36:14.766 16901 16923 I QueryController: Matched selector: UiSelector[TEXT=ON, RESOURCE_ID=com.android.settings:id/switch_widget] <<==>> [android.view.accessibility.AccessibilityNodeInfo@8002f7ed; boundsInParent: Rect(0, 0 - 48, 46); boundsInScreen: Rect(693, 98 - 741, 144); packageName: com.android.settings; className: android.widget.Switch; text: ON; error: null; maxTextLength: -1; contentDescription: null; viewIdResName: com.android.settings:id/switch_widget; checkable: true; checked: true; focusable: true; focused: false; selected: false; clickable: true; longClickable: false; contextClickable: false; enabled: true; password: false; scrollable: false; actions: [AccessibilityAction: ACTION_FOCUS - null, AccessibilityAction: ACTION_SELECT - null, AccessibilityAction: ACTION_CLEAR_SELECTION - null, AccessibilityAction: ACTION_CLICK - null, AccessibilityAction: ACTION_ACCESSIBILITY_FOCUS - null, AccessibilityAction: ACTION_SHOW_ON_SCREEN - null]]
02-23 11:36:14.771 16901 16923 D InteractionController: clickAndSync(717, 121)
02-23 11:36:14.772   733  2203 D InputDispatcher: Inject motion (16888): action=0x0, eventTime=115100232000000, displayId=0
02-23 11:36:14.773   733  1450 I InputDispatcher: Delivering touch to (1636): action: 0x4, toolType: 1
02-23 11:36:14.773   733  1450 I InputDispatcher: Delivering touch to (10326): action: 0x0, toolType: 1
02-23 11:36:14.774 10326 10326 D ViewRootImpl@42a22a0[Settings]: ViewPostImeInputStage processPointer 0
02-23 11:36:14.879   733  1712 D InputDispatcher: Inject motion (16888): action=0x1, eventTime=115100339000000, displayId=0
02-23 11:36:14.880   733  1450 I InputDispatcher: Delivering touch to (10326): action: 0x1, toolType: 1
02-23 11:36:14.881 10326 10326 D ViewRootImpl@42a22a0[Settings]: ViewPostImeInputStage processPointer 1
02-23 11:36:14.899 10326 10326 D BluetoothEnabler: onSwitchChanged()
02-23 11:36:14.901 10326 10326 D BluetoothEnabler: onSwitchChanged :: isChecked = false, mIsUserInteraction = true, mPolicyEnabled = true
02-23 11:36:14.905 10326 10326 D BluetoothAdapter: cancelDiscovery
02-23 11:36:14.908  1618  1633 W bt_btif : btif_dm_cancel_discovery
02-23 11:36:14.908  1618  2346 W bt_btif : bta_dm_search_cancel
02-23 11:36:14.908  1618  2346 W bt_btif : bta_dm_search_cancel_cmpl
02-23 11:36:14.909  1618  1711 D BluetoothAdapterProperties: Callback:discoveryStateChangeCallback with state:0
02-23 11:36:14.910   733  6024 D SecContentProvider: query(), uri = 4 selection = bluetoothLogForDevice
02-23 11:36:14.911  1618  1633 D BluetoothAdapterService: cancelDiscovery = true
02-23 11:36:14.913  1636  1897 D BluetoothEventManager: onReceive :: getAction = android.bluetooth.adapter.action.DISCOVERY_FINISHED
02-23 11:36:14.914  1636  1636 D SystemUIAnalytics: sendEventLog 500, 1182, 0
02-23 11:36:14.914  1636  1636 W SamsungAnalytics: [SamsungAnalytics] Attempt to invoke virtual method 'int com.samsung.context.sdk.samsunganalytics.a.b.a(java.util.Map)' on a null object reference
02-23 11:36:14.915  1618  1711 D BluetoothUtils: getBtEnabledContainers(): btContainers = []
02-23 11:36:14.915  1618  1711 W bt_btif : btif_dm_generic_evt: event=33037
02-23 11:36:14.921 10326 10326 D SamsungAnalytics: [QueueManager] queue size over. remove oldest log
02-23 11:36:14.921  1618  1711 D BluetoothAdapterProperties: Callback:discoveryStateChangeCallback with state:0
02-23 11:36:14.921 10326 10326 D SamsungAnalytics: [DLCBinder] already send register request
02-23 11:36:14.922  1618  2346 E bt_btif : bte_scan_filt_param_cfg_evt, 23
02-23 11:36:14.923   733  1712 D SecContentProvider: query(), uri = 4 selection = bluetoothLogForDevice
02-23 11:36:14.925   733  2633 D SecContentProvider: insert(), uri = 2
02-23 11:36:14.925  1636  1897 D BluetoothEventManager: onReceive :: getAction = android.bluetooth.adapter.action.DISCOVERY_FINISHED
02-23 11:36:14.926  1636  1636 D SystemUIAnalytics: sendEventLog 500, 1182, 0
02-23 11:36:14.926  1618  1711 D BluetoothUtils: getBtEnabledContainers(): btContainers = []
02-23 11:36:14.926  1636  1636 W SamsungAnalytics: [SamsungAnalytics] Attempt to invoke virtual method 'int com.samsung.context.sdk.samsunganalytics.a.b.a(java.util.Map)' on a null object reference
02-23 11:36:14.932 10326 10326 D BluetoothEventManager: onReceive :: getAction = android.bluetooth.adapter.action.DISCOVERY_FINISHED
02-23 11:36:14.958 10326 10326 D GSIMBluetoothLogger: getTypeValues :: DEVICE_TYPE_TOTAL = 6000 , DEVICE_TYPE_UNKNOWN = 0 , DEVICE_TYPE_CLASSIC = 3000 , DEVICE_TYPE_LE = 3000 , DEVICE_TYPE_DUAL = 0
02-23 11:36:14.992 10326 10326 D BluetoothSALogger: insertSALog :: screenId = BT_710 , eventId = 1182
02-23 11:36:14.994 10326 10326 D SamsungAnalytics: [QueueManager] queue size over. remove oldest log
02-23 11:36:14.994 10326 10326 D SamsungAnalytics: [DLCBinder] already send register request
02-23 11:36:14.994 10326 10326 D BluetoothExpListController: onScanningStateChanged :: started = false
02-23 11:36:14.994 10326 10326 D BluetoothSettings: onScanningStateChanged :: is start scanning false
02-23 11:36:15.002 10326 10326 V BluetoothDiscoveryReceiver: Received: android.bluetooth.adapter.action.DISCOVERY_FINISHED
02-23 11:36:15.005 10326 10326 D BluetoothEventManager: onReceive :: getAction = android.bluetooth.adapter.action.DISCOVERY_FINISHED
02-23 11:36:15.030 10326 10326 D GSIMBluetoothLogger: getTypeValues :: DEVICE_TYPE_TOTAL = 6000 , DEVICE_TYPE_UNKNOWN = 0 , DEVICE_TYPE_CLASSIC = 3000 , DEVICE_TYPE_LE = 3000 , DEVICE_TYPE_DUAL = 0
02-23 11:36:15.067 10326 10326 D BluetoothSALogger: insertSALog :: screenId = BT_710 , eventId = 1182
02-23 11:36:15.069 10326 10326 D SamsungAnalytics: [QueueManager] queue size over. remove oldest log
02-23 11:36:15.069 10326 10326 D SamsungAnalytics: [DLCBinder] already send register request
02-23 11:36:15.069 10326 10326 D BluetoothExpListController: onScanningStateChanged :: started = false
02-23 11:36:15.070 10326 10326 D BluetoothSettings: onScanningStateChanged :: is start scanning false
02-23 11:36:15.086 10326 10326 D BluetoothExpListAdapter: getGroupView :: groupPosition = 0,  getPreferenceCount = 0 , isExpanded = true
02-23 11:36:15.090 10326 10326 D BluetoothExpListAdapter: getGroupView :: groupPosition = 1,  getPreferenceCount = 2 , isExpanded = true
02-23 11:36:15.092 10326 10326 D BluetoothExpListAdapter: getChildView :: Display name = DeviceName, Device Name = Nexus 4isBonded = 12
02-23 11:36:15.094 10326 10326 D CachedBluetoothDevice: getConnectionSummary :: profile ::PAN  connectionStatus::0
02-23 11:36:15.095 10326 10326 D CachedBluetoothDevice: getBtClassDrawable :: Display name = DeviceName, Device Name = Nexus 4, BluetoothClass = 5a020c, Appearance = 0
02-23 11:36:15.097 10326 10326 D BluetoothExpListAdapter: getChildView :: Display name = DeviceName, Device Name = neeratisBonded = 12
02-23 11:36:15.099 10326 10326 D CachedBluetoothDevice: getConnectionSummary :: profile ::PAN  connectionStatus::0
02-23 11:36:15.100 10326 10326 D CachedBluetoothDevice: getBtClassDrawable :: Display name = DeviceName, Device Name = neerat, BluetoothClass = 7a020c, Appearance = 0
02-23 11:36:15.102 10326 10326 D BluetoothExpListAdapter: getGroupView :: groupPosition = 2,  getPreferenceCount = 6 , isExpanded = true
02-23 11:36:15.104 10326 10326 D BluetoothExpListAdapter: getChildView :: Display name = DeviceName, Device Name = Nokia 8210 4GisBonded = 10
02-23 11:36:15.107 10326 10326 D CachedBluetoothDevice: getBtClassDrawable :: Display name = DeviceName, Device Name = Nokia 8210 4G, BluetoothClass = 5a0204, Appearance = 0
02-23 11:36:15.108 10326 10326 D BluetoothExpListAdapter: getChildView :: Display name = DeviceName, Device Name = R90C2KTDisBonded = 10
02-23 11:36:15.111 10326 10326 D CachedBluetoothDevice: getBtClassDrawable :: Display name = DeviceName, Device Name = R90C2KTD, BluetoothClass = 2a010c, Appearance = 0
02-23 11:36:15.113 10326 10326 D BluetoothExpListAdapter: getChildView :: Display name = DeviceName, Device Name = Nokia222isBonded = 10
02-23 11:36:15.116 10326 10326 D CachedBluetoothDevice: getBtClassDrawable :: Display name = DeviceName, Device Name = Nokia222, BluetoothClass = 5a0204, Appearance = 0
02-23 11:36:15.117 10326 10326 D BluetoothExpListAdapter: getChildView :: Display name = DeviceName, Device Name = Amazfit Bip LiteisBonded = 10
02-23 11:36:15.120 10326 10326 D CachedBluetoothDevice: getBtClassDrawable :: Display name = DeviceName, Device Name = Amazfit Bip Lite, BluetoothClass = 1f00, Appearance = 0
02-23 11:36:15.122 10326 10326 D BluetoothExpListAdapter: getChildView :: 6B:0A:38:84:3C:XXisBonded = 10
02-23 11:36:15.127 10326 10326 D CachedBluetoothDevice: getBtClassDrawable :: 6B:0A:38:84:3C:XX, BluetoothClass = 1f00, Appearance = 0
02-23 11:36:15.130 10326 10326 D BluetoothExpListAdapter: getChildView :: Display name = DeviceName, Device Name = Mi Smart Band 4isBonded = 10
02-23 11:36:15.133 10326 10326 D CachedBluetoothDevice: getBtClassDrawable :: Display name = DeviceName, Device Name = Mi Smart Band 4, BluetoothClass = 1f00, Appearance = 0
02-23 11:36:15.135 10326 10326 D BluetoothExpListAdapter: getGroupView :: groupPosition = 3,  getPreferenceCount = 0 , isExpanded = true
02-23 11:36:15.157 10326 10326 V BluetoothDiscoveryReceiver: Received: android.bluetooth.adapter.action.DISCOVERY_FINISHED
02-23 11:36:15.315 10326 10326 D BluetoothAdapter: disable()
02-23 11:36:15.324  1618  2513 D BluetoothAdapterService: updateEvent call by com.android.settings, isEnable : false
02-23 11:36:15.324  1618  2513 D AdapterProvider: query
02-23 11:36:15.345  1618  2513 D AdapterProvider: Created cursor android.database.sqlite.SQLiteCursor@9090e57
02-23 11:36:15.347  1618  2513 D BluetoothAdapterService: updateEvent - already set, update
02-23 11:36:15.348  1618  2513 W BluetoothAdapterService: updateEvent - alreadySet is true
02-23 11:36:15.348  1618  2513 D AdapterProvider: update
02-23 11:36:15.353  1618  2513 E BluetoothAdapterService: updateEvent - update success 1
02-23 11:36:15.362   733  1246 D SecContentProvider: insert(), uri = 2
02-23 11:36:15.365  1618  1704 D BluetoothAdapterState: Current state: ON, message: BLE_TURN_OFF
02-23 11:36:15.368  1618  1704 I BluetoothAdapterState: Bluetooth adapter state changed: 12-> 13
02-23 11:36:15.368  1618  1704 D BluetoothAdapterService: Bluetooth PBAP supported is true
02-23 11:36:15.371  1618  1618 I BluetoothPbapService: action: android.bluetooth.adapter.action.STATE_CHANGED, state: 13
02-23 11:36:15.375 10326 10326 D BluetoothPbap: Proxy object disconnected
02-23 11:36:15.375 10326 10326 D PbapServerProfile: Bluetooth service disconnected
02-23 11:36:15.377  1618  1704 D BluetoothAdapterService: Autoconnection is available
02-23 11:36:15.377  1636  1636 D BluetoothPbap: Proxy object disconnected
02-23 11:36:15.377  1636  1636 D PbapServerProfile: Bluetooth service disconnected
02-23 11:36:15.378  1618  1704 D BluetoothAdapterService: updateAdapterState prevState = 12newState = 13
02-23 11:36:15.378  1618  1704 D BluetoothAdapterService: terminating service from this receiver
02-23 11:36:15.385  8871 17125 I NearbyDiscovery: FastPairHandler: Received action android.bluetooth.adapter.action.BLE_STATE_CHANGED [CONTEXT service_id=265 ]
02-23 11:36:15.387  1618  1618 D DOWNLOADABLE_DB: onReceive of BR
02-23 11:36:15.387  1618  1618 D DOWNLOADABLE_DB: android.bluetooth.adapter.action.BLE_STATE_CHANGED
02-23 11:36:15.387  1618  1618 D BluetoothAdapterService: getAdapterService() - returning com.android.bluetooth.btservice.AdapterService@17f43e6
02-23 11:36:15.387  1618  1618 D BluetoothAdapterService: getAdapterService() - returning com.android.bluetooth.btservice.AdapterService@17f43e6
02-23 11:36:15.390  1618  1704 W bt_btif : btif_dm_cancel_discovery
02-23 11:36:15.391  1618  1711 D BluetoothAdapterProperties: Callback:discoveryStateChangeCallback with state:0
02-23 11:36:15.392   733  1715 D SecContentProvider: query(), uri = 3 selection = isDiscoverableEnabled
02-23 11:36:15.394  4234  4234 I [+5]oneconnect[1.7.65.43_01][CORE]: GattActionManagerImpl.onReceive - action: com.samsung.bluetooth.adapter.action.BLE_STATE_CHANGED
02-23 11:36:15.394   733   733 I InputMethodManagerService: [BT Setting State] state = 13 prevState = 12
02-23 11:36:15.395   733   733 I InputMethodManagerService: [BT Setting on -> off] mBTKeyboardCount =0, KEYBOARD_BT(0)
02-23 11:36:15.395   733   733 I InputMethodManagerService: resetBTKeyboardState : keyboardState = 0
02-23 11:36:15.395   733  1519 D SecContentProvider: insert(), uri = 2
02-23 11:36:15.395  1618  2346 E bt_btif : bte_scan_filt_param_cfg_evt, 23
02-23 11:36:15.396  4573  4573 D BeaconManager[7.1.17.0]: BleScanHelper.onReceive - action:com.samsung.bluetooth.adapter.action.BLE_STATE_CHANGED, state:13
02-23 11:36:15.396   733   733 D BluetoothPhoneService: Bluetooth Adapter state : 13
02-23 11:36:15.396  1636  1897 D BluetoothEventManager: onReceive :: getAction = android.bluetooth.adapter.action.STATE_CHANGED
02-23 11:36:15.397  1636  1897 D BluetoothEventManager: AdapterStateChangedHandler :: BluetoothAdapter.ACTION_STATE_CHANGED, state = 13
02-23 11:36:15.398  4234  4234 I [+5]oneconnect[1.7.65.43_01][CORE]: BTStateChangeReceiver.onReceive - Action : android.bluetooth.adapter.action.STATE_CHANGED
02-23 11:36:15.398  2274  2274 I SKBD    : wz SKBD mConnectedBTSetting onReceive()
02-23 11:36:15.398  4234  4234 I [+5]oneconnect[1.7.65.43_01][CORE]: BluetoothHelper.handleBluetoothActionStateChanged - STATE_TURNING_OFF
02-23 11:36:15.398  1618  1704 I BluetoothAdapterState: Entering PendingCommandState
02-23 11:36:15.398  2274  2274 I SKBD    : wu STATE_CHANGED = 13, KEYBOARD_BT = 0, mBTKeyboardCount = 0
02-23 11:36:15.398   733   733 D KnoxKeyguardUpdateMonitor: BroadcastReceiver onReceive
02-23 11:36:15.399   733   733 D KnoxKeyguardUpdateMonitor: BroadcastReceiver onReceive action: android.bluetooth.adapter.action.STATE_CHANGED
02-23 11:36:15.399   733   733 D KnoxKeyguardUpdateMonitor: BroadcastReceiver onReceive BT state is changed
02-23 11:36:15.399   733  2700 D SecContentProvider: query(), uri = 4 selection = bluetoothLogForDevice
02-23 11:36:15.402  8871  8911 I NearbySharing: Bluetooth is disabled [CONTEXT service_id=194 ]
02-23 11:36:15.403 10326 10326 D BluetoothEventManager: onReceive :: getAction = android.bluetooth.adapter.action.STATE_CHANGED
02-23 11:36:15.404 10326 10326 D BluetoothEventManager: AdapterStateChangedHandler :: BluetoothAdapter.ACTION_STATE_CHANGED, state = 13
02-23 11:36:15.408  8871  8911 I NearbySharing: Failed to stop scanning because weren't scanning. [CONTEXT service_id=194 ]
02-23 11:36:15.409 10326 10326 W BluetoothSettings: updateContent : 13, startScan = false
02-23 11:36:15.411  8871  8911 I NearbySharing: Stopping discovery because Bluetooth is disabled. [CONTEXT service_id=194 ]
02-23 11:36:15.412  8871  8911 I NearbySharing: Can't stop advertising FastInitiation. Not advertising. [CONTEXT service_id=194 ]
02-23 11:36:15.412  8871  8911 I NearbySharing: Stopping Fast Init advertisement because Bluetooth is off. [CONTEXT service_id=194 ]
02-23 11:36:15.413  8871  8911 I NearbySharing: Stopping advertising because Bluetooth is disabled. [CONTEXT service_id=194 ]
02-23 11:36:15.413  8871 17125 I NearbyDiscovery: FastPairHandler: Received action android.bluetooth.adapter.action.STATE_CHANGED [CONTEXT service_id=265 ]
02-23 11:36:15.415  8871  8911 I NearbySharing: Can't stop scanning for FastInitiation. Not scanning. [CONTEXT service_id=194 ]
02-23 11:36:15.416  8871  8911 I NearbySharing: Cancelling in use notification [CONTEXT service_id=194 ]
02-23 11:36:15.417  1618  1711 D BluetoothUtils: getBtEnabledContainers(): btContainers = []
02-23 11:36:15.417  1636  1897 D CachedBluetoothDevice:  Clearing all connection state for dev:Display name = DeviceName, Device Name = neerat
02-23 11:36:15.417  1636  1897 D CachedBluetoothDevice:  Clearing all connection state for dev:Display name = DeviceName, Device Name = Nexus 4
02-23 11:36:15.419  1618  1711 D BluetoothUtils: getBtEnabledContainers(): btContainers = []
02-23 11:36:15.419  1618  1704 D BluetoothAdapterState: Current state: PENDING_COMMAND, message: BEGIN_DISABLE
02-23 11:36:15.421  1636  1897 D BluetoothEventManager: onReceive :: getAction = android.bluetooth.adapter.action.DISCOVERY_FINISHED
02-23 11:36:15.422  1618  1704 E BluetoothServiceJni: disableBrEdrNative:
02-23 11:36:15.423  1618  1704 E bt_btif : disable_bredr
02-23 11:36:15.423  1618 17127 W bt_osi_thread: run_thread: thread id 17127, thread name btif_sock exited
02-23 11:36:15.423  1618  1711 W bt_btif : btif_dm_generic_evt: event=33037
02-23 11:36:15.424 10326 10326 I BluetoothEnabler: onBluetoothStateChanged bluetoothState =13
02-23 11:36:15.424 10326 10326 D BluetoothEnabler: handleStateChanged:: state : 13
02-23 11:36:15.424  1618  1706 E bt_btif : SOCK_LIST: free(id = 2) - NO app_fd!
02-23 11:36:15.424  1618 17136 V ObexServerSockets: Accept exception: (expected at shutdown)java.io.IOException: read failed, socket might closed or timeout, read ret: -1
02-23 11:36:15.424  1618  1706 E bt_btif : SOCK_LIST: free(id = 1) - NO app_fd!
02-23 11:36:15.424  1618 17136 D ObexServerSockets: AcceptThread ended for: ServerSocket: Type: TYPE_RFCOMM Channel: 5
02-23 11:36:15.424  1618  1706 E bt_btif : BTA_DisableBluetoothOnly
02-23 11:36:15.425  1618  2346 W bt_btif : bta_dm_disable_bt BTA_DISABLE_DELAY set to 200 ms
02-23 11:36:15.425  1618 17137 V ObexServerSockets: Accept exception: (expected at shutdown)java.io.IOException: read failed, socket might closed or timeout, read ret: -1
02-23 11:36:15.425  1618 17137 D ObexServerSockets: AcceptThread ended for: ServerSocket: Type: TYPE_L2CAP Channel: 4099
02-23 11:36:15.425  1618 17142 E BtOppRfcommListener: Error accept connection java.io.IOException: read failed, socket might closed or timeout, read ret: -1
02-23 11:36:15.425  1618 17134 V ObexServerSockets: Accept exception: (expected at shutdown)java.io.IOException: read failed, socket might closed or timeout, read ret: -1
02-23 11:36:15.425  1618 17132 V ObexServerSockets: Accept exception: (expected at shutdown)java.io.IOException: read failed, socket might closed or timeout, read ret: -1
02-23 11:36:15.425  1618 17134 D ObexServerSockets: AcceptThread ended for: ServerSocket: Type: TYPE_L2CAP Channel: 4097
02-23 11:36:15.425  1618 17132 D ObexServerSockets: AcceptThread ended for: ServerSocket: Type: TYPE_RFCOMM Channel: 4
02-23 11:36:15.424  8871  8911 I NearbySharing: Fast Initiation Scanning has stopped [CONTEXT service_id=194 ]
02-23 11:36:15.426  8871  8911 I NearbySharing: Stopping FastInitiation scanning because location is disabled. [CONTEXT service_id=194 ]
02-23 11:36:15.427  1618  1711 W bt_btif : btif_dm_generic_evt: event=33037
02-23 11:36:15.427  1618  1618 D DOWNLOADABLE_DB: onReceive of BR
02-23 11:36:15.427  1618  1618 D DOWNLOADABLE_DB: com.samsung.bluetooth.adapter.action.BLE_STATE_CHANGED
02-23 11:36:15.427  1618  1618 D BluetoothAdapterService: getAdapterService() - returning com.android.bluetooth.btservice.AdapterService@17f43e6
02-23 11:36:15.427  1618  1618 D BluetoothAdapterService: getAdapterService() - returning com.android.bluetooth.btservice.AdapterService@17f43e6
02-23 11:36:15.427  1618  1618 D PanService: onReceive : android.bluetooth.adapter.action.STATE_CHANGED
02-23 11:36:15.428  1618  1618 I BtOppRfcommListener: stopping Accept Thread
02-23 11:36:15.428  1618 17119 D BluetoothSdpJni: sdpRemoveSdpRecordNative:
02-23 11:36:15.428  1618 17119 D BluetoothSdpJni: SDP Remove record success - handle: 0
02-23 11:36:15.428  1618 17119 D BluetoothMapMasInstance: RemoveSDPrecord returns true
02-23 11:36:15.428  1618 17119 D ObexServerSockets: shutdown(block = true)
02-23 11:36:15.428  1618 17119 D ObexServerSockets: shutdown called from another thread - interrupt().
02-23 11:36:15.428  1618 17119 D ObexServerSockets: shutdown called from another thread - interrupt().
02-23 11:36:15.428  1618 17119 D BluetoothSdpJni: sdpRemoveSdpRecordNative:
02-23 11:36:15.428  1618 17119 D BluetoothSdpJni: SDP Remove record success - handle: 1
02-23 11:36:15.428  1618 17119 D BluetoothMapMasInstance: RemoveSDPrecord returns true
02-23 11:36:15.428  1618 17119 D ObexServerSockets: shutdown(block = true)
02-23 11:36:15.429  1618 17119 D ObexServerSockets: shutdown called from another thread - interrupt().
02-23 11:36:15.429  1618 17119 D ObexServerSockets: shutdown called from another thread - interrupt().
02-23 11:36:15.429  1618 17142 I BtOppRfcommListener: BluetoothSocket listen thread finished
02-23 11:36:15.429 10326 10326 D CachedBluetoothDevice:  Clearing all connection state for dev:Display name = DeviceName, Device Name = neerat
02-23 11:36:15.430 10326 10326 D CachedBluetoothDevice:  Clearing all connection state for dev:Display name = DeviceName, Device Name = Nexus 4
02-23 11:36:15.432  8871  8911 I NearbySharing: Dismissing HUN as there's no device nearby. [CONTEXT service_id=194 ]
02-23 11:36:15.432  1618  1711 W bt_btif : btif_dm_generic_evt: event=33037
02-23 11:36:15.434  8871  8911 I NearbySharing: Cancelling in use notification [CONTEXT service_id=194 ]
02-23 11:36:15.437  1636  1918 V SystemUIAnalytics: SAPreference : 1106 / 0
02-23 11:36:15.440  1618  1618 V BluetoothOppManager: cleanUp...
02-23 11:36:15.450 10326 10326 D BluetoothStatusReceiver: Received :: com.samsung.bluetooth.adapter.action.BLE_STATE_CHANGED
02-23 11:36:15.450 10326 10326 D BluetoothEventManager: onReceive :: getAction = android.bluetooth.adapter.action.DISCOVERY_FINISHED
02-23 11:36:15.454  1618  1618 D BtServiceBroadcastReceiver: onReceive :: action : android.bluetooth.adapter.action.STATE_CHANGED
02-23 11:36:15.467 10326 10326 D GSIMBluetoothLogger: getTypeValues :: DEVICE_TYPE_TOTAL = 0 , DEVICE_TYPE_UNKNOWN = 0 , DEVICE_TYPE_CLASSIC = 0 , DEVICE_TYPE_LE = 0 , DEVICE_TYPE_DUAL = 0
02-23 11:36:15.467  1636  1636 D SystemUIAnalytics: sendEventLog 500, 1182, 0
02-23 11:36:15.468  1636  1636 W SamsungAnalytics: [SamsungAnalytics] Attempt to invoke virtual method 'int com.samsung.context.sdk.samsunganalytics.a.b.a(java.util.Map)' on a null object reference
02-23 11:36:15.472 10326 10326 D BluetoothSALogger: insertSALog :: screenId = BT_710 , eventId = 1182
02-23 11:36:15.474 10326 10326 D SamsungAnalytics: [QueueManager] queue size over. remove oldest log
02-23 11:36:15.474 10326 10326 D SamsungAnalytics: [DLCBinder] already send register request
02-23 11:36:15.474 10326 10326 D BluetoothExpListController: onScanningStateChanged :: started = false
02-23 11:36:15.474 10326 10326 D BluetoothSettings: onScanningStateChanged :: is start scanning false
02-23 11:36:15.478 10326 10326 D BluetoothSettings: onReceive :: getAction = android.bluetooth.adapter.action.SCAN_MODE_CHANGED
02-23 11:36:15.511 10326 10326 D DockEventReceiver: finishStartingService: stopping service
02-23 11:36:15.512 10326 10326 D BluetoothStatusReceiver: Received :: android.bluetooth.adapter.action.STATE_CHANGED
02-23 11:36:15.512 10326 10326 D BluetoothStatusReceiver: AdapterStateChanged :: state = 13
02-23 11:36:15.538  8686  8686 D SideSync30_SideSyncReceiver: [53:onReceive] onReceive() action : android.bluetooth.adapter.action.STATE_CHANGED
02-23 11:36:15.554 10326 10326 V BluetoothDiscoveryReceiver: Received: android.bluetooth.adapter.action.DISCOVERY_FINISHED
02-23 11:36:15.570  8871  8871 I NearbyDiscovery: FastPair: onAdapterStateChange: state=13 [CONTEXT service_id=265 ]
02-23 11:36:15.570  8871 17125 I NearbyDiscovery: FastPairHandler: Received action android.bluetooth.adapter.action.STATE_CHANGED [CONTEXT service_id=265 ]
02-23 11:36:15.571  8871 17125 I NearbyDiscovery: EventStreamManager: Disconnect all event streams (0) [CONTEXT service_id=265 ]
02-23 11:36:15.573  8871  8022 I NearbyDiscovery: SdpManager: Remove all pending sdp actions (0) [CONTEXT service_id=265 ]
02-23 11:36:15.624  1618  1711 W bt_btif : btif_dm_upstreams_cback  ev: BTA_DM_DISABLE_BT_EVT
02-23 11:36:15.624  1618  1711 E BluetoothAdapterState: stateChangeCallback : 16
02-23 11:36:15.624  1618  1704 D BluetoothAdapterState: Current state: PENDING_COMMAND, message: BREDR_NATIVE_STOPED
02-23 11:36:15.626  1618  1704 D BtConfig.SecureMode: isSecureModeOn:false
02-23 11:36:15.627  1618  1704 D BtSettings.ProfileConfig: getProfileSaveSetting: com.android.bluetooth.hfp.HeadsetService
02-23 11:36:15.629 12116 12207 I System.out: (HTTPLog)-Static: isSBSettingEnabled false
02-23 11:36:15.631  1618  1618 D BluetoothAdapterService: getAdapterService() - returning com.android.bluetooth.btservice.AdapterService@17f43e6
02-23 11:36:15.633  1618  1618 D HeadsetService: Received stop request...Stopping profile...
02-23 11:36:15.633 12116 12207 I System.out: (HTTPLog)-Static: isSBSettingEnabled false
02-23 11:36:15.635  1618  1618 D BluetoothAdapterService: getAdapterService() - returning com.android.bluetooth.btservice.AdapterService@17f43e6
02-23 11:36:15.635  1618  1704 D BtSettings.ProfileConfig: getProfileSaveSetting: com.android.bluetooth.a2dp.A2dpService
02-23 11:36:15.635  1618  1618 E BluetoothAdapterService: onProfileServiceStateChanged() serviceName=com.android.bluetooth.hfp.HeadsetService, state=10, Message sending
02-23 11:36:15.635  1618  1618 D HeadsetService: notifyProfileServiceStateChanged
02-23 11:36:15.638   431  1419 D EnterpriseController: netId is 0
02-23 11:36:15.638 10326 10326 D HeadsetProfile: Bluetooth service disconnected
02-23 11:36:15.638   431  1419 D DnsProxyListener: DNSDBG::dns addrinfo af 0
02-23 11:36:15.639  1618  1618 E BluetoothAdapterService: handleMessage() - Message: 1
02-23 11:36:15.639  1618  1618 E BluetoothAdapterService: processProfileServiceStateChanged() serviceName=com.android.bluetooth.hfp.HeadsetService, state=10, Before synchronized
02-23 11:36:15.639  1618  1618 V BluetoothAdapterState: isTurningOff()=true
02-23 11:36:15.639  1618  1618 V BluetoothAdapterState: isTurningOn()=false
02-23 11:36:15.639  1618  1618 V BluetoothAdapterState: isBleTurningOn()=false
02-23 11:36:15.639  1618  1618 V BluetoothAdapterState: isBleTurningOff()=false
02-23 11:36:15.640  1618  1618 D BluetoothAdapterService: getAdapterService() - returning com.android.bluetooth.btservice.AdapterService@17f43e6
02-23 11:36:15.642  8871  8871 I NearbyShared: BTConnStateMgr: onServiceDisconnected with profile 1.
02-23 11:36:15.643  8871  8871 E BluetoothHeadset: BTStateChangeCB is unregisted
02-23 11:36:15.647  1636  1636 D HeadsetProfile: Bluetooth service disconnected
02-23 11:36:15.647   733   733 I Telecom : CallAudioRoutePeripheralAdapter : onBluetoothStateChange 1 => 1
02-23 11:36:15.648   733   733 D BluetoothHeadset: unRegisterMessageListener : 11
02-23 11:36:15.648   733   733 W BluetoothHeadset: Proxy not attached to service
02-23 11:36:15.648   733   733 I Telecom : SecBluetoothManager : unregister MessageListener
02-23 11:36:15.649   733  2212 I Telecom : SecBluetoothManager : mBluetoothHeadset is null
02-23 11:36:15.650  8871  8871 I NearbyShared: BTConnStateMgr:disconnected with profile, auto reconnect disabled
02-23 11:36:15.650  1618  1618 W BluetoothHeadsetServiceJni: Cleaning up Bluetooth Handsfree Interface...
02-23 11:36:15.650  1618  1704 D BtSettings.ProfileConfig: getProfileSaveSetting: com.android.bluetooth.hid.HidService
02-23 11:36:15.650  1618  1618 W BluetoothHeadsetServiceJni: Cleaning up Bluetooth Handsfree callback object
02-23 11:36:15.655  1618  1618 I HeadsetService: clearAllHeadsetSettings(0) - complete : 0
02-23 11:36:15.656  1618  1618 D BluetoothAdapterService: getAdapterService() - returning com.android.bluetooth.btservice.AdapterService@17f43e6
02-23 11:36:15.657  1618  1618 D A2dpService: Received stop request...Stopping profile...
02-23 11:36:15.658  1618  1704 D BtSettings.ProfileConfig: getProfileSaveSetting: com.android.bluetooth.hdp.HealthService
02-23 11:36:15.660  1618 17114 D A2dpStateMachine: Exit Disconnected: -1
02-23 11:36:15.667  1618  1704 D BtSettings.ProfileConfig: getProfileSaveSetting: com.android.bluetooth.pan.PanService
02-23 11:36:15.667  1618  1618 D Avrcp   : unregisterContentObserver
02-23 11:36:15.669  1618  1618 D Avrcp   : removeOnActiveSessionsChangedListener
02-23 11:36:15.671  1618  1618 D BluetoothAdapterService: getAdapterService() - returning com.android.bluetooth.btservice.AdapterService@17f43e6
02-23 11:36:15.671  1618  1618 E BluetoothAdapterService: onProfileServiceStateChanged() serviceName=com.android.bluetooth.a2dp.A2dpService, state=10, Message sending
02-23 11:36:15.671  1618  1618 D A2dpService: notifyProfileServiceStateChanged
02-23 11:36:15.674  1618  1704 D BtSettings.ProfileConfig: getProfileSaveSetting: com.android.bluetooth.map.BluetoothMapService
02-23 11:36:15.675  1636  1636 D A2dpProfile: Bluetooth service disconnected
02-23 11:36:15.676 10326 10326 D A2dpProfile: Bluetooth service disconnected
02-23 11:36:15.677  8871  8871 I NearbyShared: BTConnStateMgr: onServiceDisconnected with profile 2.
02-23 11:36:15.678  1618  1618 D BluetoothAdapterService: getAdapterService() - returning com.android.bluetooth.btservice.AdapterService@17f43e6
02-23 11:36:15.679  1618  1618 D HidService: Received stop request...Stopping profile...
02-23 11:36:15.680  1618  1618 D HidService: Stopping Bluetooth HidService
02-23 11:36:15.680  1618  1618 D BluetoothAdapterService: getAdapterService() - returning com.android.bluetooth.btservice.AdapterService@17f43e6
02-23 11:36:15.680  1618  1618 E BluetoothAdapterService: onProfileServiceStateChanged() serviceName=com.android.bluetooth.hid.HidService, state=10, Message sending
02-23 11:36:15.680  1618  1618 D HidService: notifyProfileServiceStateChanged
02-23 11:36:15.681  8871  8871 I NearbyShared: BTConnStateMgr:disconnected with profile, auto reconnect disabled
02-23 11:36:15.684  1636  1636 D BluetoothInputDevice: Proxy object disconnected
02-23 11:36:15.684  1636  1636 D HidProfile: Bluetooth service disconnected
02-23 11:36:15.684 10326 10326 D BluetoothInputDevice: Proxy object disconnected
02-23 11:36:15.684 10326 10326 D HidProfile: Bluetooth service disconnected
02-23 11:36:15.685  1618  1704 D BtSettings.ProfileConfig: getProfileSaveSetting: com.android.bluetooth.sap.SapService
02-23 11:36:15.685  1618  1618 D BluetoothAdapterService: getAdapterService() - returning com.android.bluetooth.btservice.AdapterService@17f43e6
02-23 11:36:15.685  4234  4234 D BluetoothInputDevice: Proxy object disconnected
02-23 11:36:15.686  1618  1618 D HealthService: Received stop request...Stopping profile...
02-23 11:36:15.686  1618  1618 D BluetoothAdapterService: getAdapterService() - returning com.android.bluetooth.btservice.AdapterService@17f43e6
