02-24 17:05:24.878   286   286 D SurfaceFlinger:        HWC | aecc4300 | 0002 | 0000 | 00 | 0100 | RGB_888     |    0.0,    0.0,  768.0, 1024.0 |    0,    0,  768, 1024 | com.android.systemui.ImageWallpaper
02-24 17:05:24.878   286   286 D SurfaceFlinger:       GLES | 00000000 | 0000 | 0001 | 00 | 0105 | ? ffffffff  |    0.0,    0.0,   -1.0,   -1.0 |    0,    0,  768, 1024 | DimLayerController/Stack=0
02-24 17:05:24.878   286   286 D SurfaceFlinger:       GLES | aecc4240 | 0000 | 0000 | 00 | 0105 | RGBA_8888   |    0.0,    0.0,  768.0, 1024.0 |    0,    0,  768, 1024 | com.samsung.android.app.galaxyfinder/com.samsung.android.app.galaxyfinder.GalaxyFinderActivity
02-24 17:05:24.878   286   286 D SurfaceFlinger:       GLES | aecc4000 | 0000 | 0000 | 00 | 0105 | RGBA_8888   |    0.0,    0.0,  768.0,   27.0 |
02-24 17:05:24.878   286   286 D SurfaceFlinger: 0,    0,  768,   27 | StatusBar
02-24 17:05:24.878   286   286 D SurfaceFlinger:  FB TARGET | b2822620 | 0000 | 0000 | 00 | 0105 | RGBA_8888   |    0.0,    0.0,  768.0, 1024.0 |    0,    0,  768, 1024 | HWC_FRAMEBUFFER_TARGET
02-24 17:05:24.928 10326 27860 I com.samsung.android.settings.UCMHelpUtils: isSmartCardAuthenticationAvailable: false
02-24 17:05:24.928 10326 27860 D com.samsung.android.settings.UCMHelpUtils: isSmartcardAvailable : false
02-24 17:05:24.936   733  6023 D ActivityTrigger: activityResumeTrigger: The activity in ApplicationInfo{bafe90c com.android.settings} is now in focus and seems to be in full-screen mode
02-24 17:05:24.936   733  6023 E ActivityTrigger: activityResumeTrigger: not whiteListedcom.android.settings/com.android.settings.Settings/25
02-24 17:05:24.948 10326 10326 D ViewRootImpl@42a22a0[Settings]: mHardwareRenderer.destroy()#1
02-24 17:05:24.960 10326 10326 D ViewRootImpl@42a22a0[Settings]: Relayout returned: oldFrame=[0,0][768,1024] newFrame=[0,0][768,1024] result=0x1 surface={isValid=false 0} surfaceGenerationChanged=false
02-24 17:05:24.962   286   306 I SurfaceFlinger: id=1203 Removed com.android.settings/com.android.settings.Settings (3/4)
02-24 17:05:24.962   286  2318 I SurfaceFlinger: id=1203 Removed com.android.settings/com.android.settings.Settings (-2/4)
02-24 17:05:24.983 10326 10326 D DashboardSummary: onStart took 1 ms
02-24 17:05:25.008 10326 10326 D SamsungAnalytics: [QueueManager] queue size over. remove oldest log
02-24 17:05:25.008 10326 10326 D SamsungAnalytics: [DLCBinder] already send register request
02-24 17:05:25.008 10326 10326 D SamsungAnalytics: [QueueManager] queue size over. remove oldest log
02-24 17:05:25.008 10326 10326 D SamsungAnalytics: [DLCBinder] already send register request
02-24 17:05:25.009 10326 10326 D SamsungAnalytics: [QueueManager] queue size over. remove oldest log
02-24 17:05:25.009 10326 10326 D SamsungAnalytics: [DLCBinder] already send register request
02-24 17:05:25.009 10326 10326 D SamsungAnalytics: [QueueManager] queue size over. remove oldest log
02-24 17:05:25.009 10326 10326 D SamsungAnalytics: [DLCBinder] already send register request
02-24 17:05:25.011   733  6023 D SecContentProvider2: query(), uri = 20 selection = isWifiStateChangeAllowed
02-24 17:05:25.017   733  1928 D SecContentProvider: query(), uri = 18 selection = isWifiEnabled
02-24 17:05:25.027 10326 10326 W Settings: Setting location_providers_allowed has moved from android.provider.Settings.System to android.provider.Settings.Secure, returning Secure URI.
02-24 17:05:25.029   286   286 D SurfaceFlinger:   Display[0] configurations (* current):
02-24 17:05:25.029   286   286 D SurfaceFlinger:     * 0: 768x1024, xdpi=159.895004, ydpi=159.567993, refresh=16666667
02-24 17:05:25.029   286   286 D SurfaceFlinger:   numHwLayers=4, flags=00000000
02-24 17:05:25.029   286   286 D SurfaceFlinger:     type   |  handle  | hint | flag | tr | blnd |   format    |     source crop (l,t,r,b)      |          frame         | name
02-24 17:05:25.029   286   286 D SurfaceFlinger: -----------+----------+------+------+----+------+-------------+--------------------------------+------------------------+------
02-24 17:05:25.029   286   286 D SurfaceFlinger:        HWC | aecc4300 | 0002 | 0000 | 00 | 0100 | RGB_888     |    0.0,    0.0,  768.0, 1024.0 |    0,    0,  768, 1024 | com.android.systemui.ImageWallpaper
02-24 17:05:25.029   286   286 D SurfaceFlinger:        HWC | aecc4240 | 0002 | 0000 | 00 | 0105 | RGBA_8888   |    0.0,    0.0,  768.0, 1024.0 |    0,    0,  768, 1024 | com.samsung.android.app.galaxyfinder/com.samsung.android.app.galaxyfinder.GalaxyFinderActivity
02-24 17:05:25.029   286   286 D SurfaceFlinger:        HWC | aecc4000 | 0002 | 0000 | 00 | 0105 | RGBA_8888   |    0.0,    0.0,  768.0,   27.0 |    0,    0,  768,   27 | StatusBar
02-24 17:05:25.029   286   286 D SurfaceFlinger:  FB TARGET | b28226e0 | 0000 | 0000 | 00 | 0105 | RGBA_8888   |    0.0,    0.0,  768.0, 1024.0 |    0,    0,  768, 10
02-24 17:05:25.029   286   286 D SurfaceFlinger: 24 | HWC_FRAMEBUFFER_TARGET
02-24 17:05:25.032 10326 10326 I LocationSettingsBase: Location mode has been changed
02-24 17:05:25.034   733  2698 D SecContentProvider: query(), uri = 17 selection = isSettingsChangesAllowed
02-24 17:05:25.038   733 28804 D SecContentProvider: query(), uri = 12 selection = isLocationProviderBlocked
02-24 17:05:25.041   733   759 D SecContentProvider: query(), uri = 12 selection = isLocationProviderBlocked
02-24 17:05:25.043   733  1519 D SecContentProvider: query(), uri = 12 selection = isGPSStateChangeAllowed
02-24 17:05:25.044 10326 10326 I LocationSettingsBase: isSettingsChangesAllowed = -1, isLocationProviderBlockedGPS = -1, isLocationProviderBlockedNetwork = -1, isLocationGPSStateChangeAllowed = -1
02-24 17:05:25.044 10326 10326 I LocationSettingsBase: isRestricted()   mdmRestricted= false UserRestricted = false
02-24 17:05:25.044 10326 10326 I LocationSettingsEnabler: onModeChanged : mSwitch = false
02-24 17:05:25.049   733   760 D SecContentProvider: query(), uri = 3 selection = isBluetoothEnabled
02-24 17:05:25.050 10326 27860 D Jansky::: cscFeature:
02-24 17:05:25.051 10326 10326 D BluetoothEnabler: handleStateChanged:: state : 10
02-24 17:05:25.058  4234  6532 I [+5]oneconnect[1.7.65.43_01][CORE]: ExternalSettingsProvider.getCachedValue - key:device_visibility_enabled - ($)
02-24 17:05:25.067 10326 10326 D WifiCalling: isEnabledWifiCallingActivity: false
02-24 17:05:25.068 10326 10326 D Settings_Utils: isHideMobileNetworks: isEnabled = 0
02-24 17:05:25.070 10326 10326 I Settings_Utils: disable_offslot SIM1 Status : ABSENT, SIM2 Status : NOTREADY
02-24 17:05:25.070 10326 10326 I Settings_Utils: disable_offslot SIM1 icc_type : true, SIM2 icc_type : true
02-24 17:05:25.080   733  2696 D ActivityManager: post active user change for 0 fullscreen true isHomeActivity() false
02-24 17:05:25.096   286   286 I SurfaceFlinger: id=1215 createSurf (768x1024),1 flag=404, com.android.settings/com.android.settings.Settings
02-24 17:05:25.104   733 29981 D InputDispatcher: Focus entered window: 10326
02-24 17:05:25.106 10326 10326 D ViewRootImpl@42a22a0[Settings]: Relayout returned: oldFrame=[0,0][768,1024] newFrame=[0,0][768,1024] result=0x7 surface={isValid=true -2071689216} surfaceGenerationChanged=true
02-24 17:05:25.107 10326 10326 D ViewRootImpl@42a22a0[Settings]: mHardwareRenderer.initialize() mSurface={isValid=true -2071689216} hwInitialized=true
02-24 17:05:25.116 10326 10326 D WifiCalling: isEnabledWifiCallingActivity: false
02-24 17:05:25.116 10326 10326 D Settings_Utils: isHideMobileNetworks: isEnabled = 0
02-24 17:05:25.118 10326 10326 I Settings_Utils: disable_offslot SIM1 Status : ABSENT, SIM2 Status : NOTREADY
02-24 17:05:25.119 10326 10326 I Settings_Utils: disable_offslot SIM1 icc_type : true, SIM2 icc_type : true
02-24 17:05:25.139 27917 27928 D BadgeProvider: query, [selection] : package=? AND class=?
02-24 17:05:25.144 10326 10326 I Settings_Utils: getSmartManagerBadgeCount badgeCount : 0
02-24 17:05:25.160   733  2456 D UcmService: getKeyguardStorageForCurrentUser : 0
02-24 17:05:25.161   733  2456 D UcmService: isFileExist : false
02-24 17:05:25.186 10326 10326 D ViewRootImpl@42a22a0[Settings]: MSG_WINDOW_FOCUS_CHANGED 1
02-24 17:05:25.186 10326 10326 D ViewRootImpl@42a22a0[Settings]: mHardwareRenderer.initializeIfNeeded()#2 mSurface={isValid=true -2071689216}
02-24 17:05:25.190 10326 10326 V InputMethodManager: Starting input: tba=android.view.inputmethod.EditorInfo@b8d5ff8 nm : com.android.settings ic=null
02-24 17:05:25.191 10326 10326 I InputMethodManager: startInputInner - mService.startInputOrWindowGainedFocus
02-24 17:05:25.191   733   759 D InputMethodManagerService: windowGainedFocus : mCurrentFocusedUserId - 0 and mSecureKeypadEnabled-false
02-24 17:05:25.207   733   759 V InputMethodManagerService: windowGainedFocus : reason=WINDOW_FOCUS_GAIN client=android.os.BinderProxy@56ad3d2 inputContext=null missingMethods= attribute=android.view.inputmethod.EditorInfo@88885c7 nm = com.android.settings controlFlags=#105 softInputMode=#110 windowFlags=#81810100
02-24 17:05:25.207   733   759 V InputMethodManagerService: Unspecified window will hide input
02-24 17:05:25.208   733   759 V InputMethodManagerService: hideCurrentInputLocked : shouldHideSoftInput is false
02-24 17:05:25.208   733   759 D InputMethodManagerService: isImeSwitcherDisabledPackage : false
02-24 17:05:25.208   733   759 D InputMethodManagerService: setCurrentInputInfo - inputContext : null eidtorInfo : android.view.inputmethod.EditorInfo@88885c7 missingMethods : 0
02-24 17:05:25.209   733   759 D InputTransport: Input channel constructed: fd=503
02-24 17:05:25.209   733   759 D InputTransport: Input channel destroyed: fd=503
02-24 17:05:25.209 10326 10326 D InputTransport: Input channel constructed: fd=68
02-24 17:05:25.210 10326 10326 I SecAirPlaneModeEnabler: onAirplaneModeChanged= true
02-24 17:05:25.210  2274  2274 I SKBD    : SamsungKeypad [IMI] onStartInput - caller pid : 10326, caller uid : 1000
02-24 17:05:25.213  2274  2274 I SKBD    : we writeDBdataToFileOnFinishInput()
02-24 17:05:25.239 27842 27866 D OpenGLRenderer: endAllActiveAnimators on 0xa1c07500 (GridView) with handle 0x6812a520
02-24 17:05:25.240 27842 27842 D ViewRootImpl@15b4fd[GalaxyFinderActivity]: mHardwareRenderer.destroy()#1
02-24 17:05:25.249 27842 27842 D ViewRootImpl@15b4fd[GalaxyFinderActivity]: Relayout returned: oldFrame=[0,0][768,1024] newFrame=[0,0][768,1024] result=0x5 surface={isValid=false 0} surfaceGenerationChanged=true
02-24 17:05:25.249 27842 27842 D InputTransport: Input channel destroyed: fd=204
02-24 17:05:25.300   286   286 D SurfaceFlinger:   Display[0] configurations (* current):
02-24 17:05:25.300   286   286 D SurfaceFlinger:     * 0: 768x1024, xdpi=159.895004, ydpi=159.567993, refresh=16666667
02-24 17:05:25.300   286   286 D SurfaceFlinger:   numHwLayers=5, flags=00000000
02-24 17:05:25.300   286   286 D SurfaceFlinger:     type   |  handle  | hint | flag | tr | blnd |   format    |     source crop (l,t,r,b)      |          frame         | name
02-24 17:05:25.300   286   286 D SurfaceFlinger: -----------+----------+------+------+----+------+-------------+--------------------------------+------------------------+------
02-24 17:05:25.300   286   286 D SurfaceFlinger:        HWC | aecc4300 | 0002 | 0000 | 00 | 0100 | RGB_888     |    0.0,    0.0,  768.0, 1024.0 |    0,    0,  768, 1024 | com.android.systemui.ImageWallpaper
02-24 17:05:25.300   286   286 D SurfaceFlinger:        HWC | aecc4600 | 0002 | 0000 | 00 | 0105 | RGBA_8888   |   22.0,   28.0,  746.0,  994.0 |    0,    0,  768, 1024 | com.samsung.android.app.galaxyfinder/com.samsung.android.app.galaxyfinder.GalaxyFinderActivity
02-24 17:05:25.300   286   286 D SurfaceFlinger:       GLES | aecc42a0 | 0000 | 0000 | 00 | 0100 | RGBA_8888   |    0.0,    0.0,  768.0, 1023.0 |  141,  188,  626,  834 | com.android.settings/com.android.settings.Settings
02-24 17:05:25.300   286   286 D SurfaceFlinger:       GLES | aecc4060 | 0000 | 0000 | 00 | 0105 | RGBA_8888   |    0.0,    0
02-24 17:05:25.300   286   286 D SurfaceFlinger: .0,  768.0,   27.0 |    0,    0,  768,   27 | StatusBar
02-24 17:05:25.300   286   286 D SurfaceFlinger:  FB TARGET | b2822620 | 0000 | 0000 | 00 | 0105 | RGBA_8888   |    0.0,    0.0,  768.0, 1024.0 |    0,    0,  768, 1024 | HWC_FRAMEBUFFER_TARGET
02-24 17:05:25.403 10326 27860 D InputMethodAndLanguageSettings: isInstalledAnySpellCheckerPakcage = false
02-24 17:05:25.403 10326 27860 D InputMethodAndLanguageSettings: cannot find spellcheckerinfo, tsm=android.view.textservice.TextServicesManager@1503b56
02-24 17:05:25.420 10326 27860 D InputMethodAndLanguageSettings: isInstalledAnySpellCheckerPakcage = false
02-24 17:05:25.420 10326 27860 D InputMethodAndLanguageSettings: cannot find spellcheckerinfo, tsm=android.view.textservice.TextServicesManager@1503b56
02-24 17:05:25.517 10326 27860 D PrivacyResetSettings: Package not found : IQToggle
02-24 17:05:25.518 10326 27860 D PrivacyResetSettings: NameNotFoundException : MyAccount
02-24 17:05:25.647   286   286 D SurfaceFlinger:   Display[0] configurations (* current):
02-24 17:05:25.647   286   286 D SurfaceFlinger:     * 0: 768x1024, xdpi=159.895004, ydpi=159.567993, refresh=16666667
02-24 17:05:25.647   286   286 D SurfaceFlinger:   numHwLayers=3, flags=00000000
02-24 17:05:25.647   286   286 D SurfaceFlinger:     type   |  handle  | hint | flag | tr | blnd |   format    |     source crop (l,t,r,b)      |          frame         | name
02-24 17:05:25.647   286   286 D SurfaceFlinger: -----------+----------+------+------+----+------+-------------+--------------------------------+------------------------+------
02-24 17:05:25.647   286   286 D SurfaceFlinger:        HWC | aecc42a0 | 0002 | 0000 | 00 | 0100 | RGBA_8888   |    0.0,    0.0,  768.0, 1024.0 |    0,    0,  768, 1024 | com.android.settings/com.android.settings.Settings
02-24 17:05:25.647   286   286 D SurfaceFlinger:        HWC | aecc4000 | 0002 | 0000 | 00 | 0105 | RGBA_8888   |    0.0,    0.0,  768.0,   27.0 |    0,    0,  768,   27 | StatusBar
02-24 17:05:25.647   286   286 D SurfaceFlinger:  FB TARGET | b28226e0 | 0000 | 0000 | 00 | 0105 | RGBA_8888   |    0.0,    0.0,  768.0, 1024.0 |    0,    0,  768, 1024 | HWC_FRAMEBUFFER_TARGET
02-24 17:05:25.686  1636  1636 D ImageWallpaper: onVisibilityChanged: mVisible=true visible=false
02-24 17:05:25.686  1636  1636 D ImageWallpaper: Visibility changed to visible=false
02-24 17:05:25.697   733   864 D ActivityTrigger: ActivityTrigger activityStopTrigger
02-24 17:05:25.714   286  2318 I SurfaceFlinger: id=1213 Removed com.samsung.android.app.galaxyfinder/com.samsung.android.app.galaxyfinder.GalaxyFinderActivity (2/4)
02-24 17:05:25.714   286   535 I SurfaceFlinger: id=1213 Removed com.samsung.android.app.galaxyfinder/com.samsung.android.app.galaxyfinder.GalaxyFinderActivity (-2/4)
02-24 17:05:25.729   286   286 W SurfaceFlinger: couldn't log to binary event log: overflow.
02-24 17:05:25.762 10326 27860 E VaultKeeperManager: VaultKeeperService is null
02-24 17:05:25.762 10326 27860 E VaultKeeperManager: Unauthorized Pkg. Manager can't be provided.
02-24 17:05:25.762 10326 27860 I RlcManager: query(void)
02-24 17:05:25.762 10326 27860 E RlcManager: [-5]Error from VaultKeeper Manager is null object
02-24 17:05:25.762 10326 27860 W System.err: com.samsung.android.service.RemoteLockControl.RemoteLockControlException: [-5]Error from VaultKeeper Manager is null object
02-24 17:05:25.763 10326 27860 W System.err: 	at com.samsung.android.service.RemoteLockControl.RemoteLockControlManager.throwException(RemoteLockControlManager.java:116)
02-24 17:05:25.763 10326 27860 W System.err: 	at com.samsung.android.service.RemoteLockControl.RemoteLockControlManager.query(RemoteLockControlManager.java:832)
02-24 17:05:25.763 10326 27860 W System.err: 	at com.android.settings.DevelopmentSettings.showEnableOemUnlockPreference(DevelopmentSettings.java:1269)
02-24 17:05:25.763 10326 27860 W System.err: 	at com.android.settings.DevelopmentSettings.-wrap1(DevelopmentSettings.java)
02-24 17:05:25.763 10326 27860 W System.err: 	at com.android.settings.DevelopmentSettings$2.getNonIndexableKeys(DevelopmentSettings.java:2728)
02-24 17:05:25.763 10326 27860 W System.err: 	at com.android.settings.search.SecMenu.initInnerSubMenu(SecMenu.java:115)
02-24 17:05:25.763 10326 27860 W System.err: 	at com.android.settings.search.SecInnerMenu.initSubMenu(SecInnerMenu.java:34)
02-24 17:05:25.763 10326 27860 W System.err: 	at com.android.settings.search.SecMenutree.initMainMenues(SecMenutree.java:74)
02-24 17:05:25.763 10326 27860 W System.err: 	at com.android.settings.search.SecIndex$UpdateIndexTask.doInBackground(SecIndex.java:623)
02-24 17:05:25.763 10326 27860 W System.err: 	at com.android.settings.search.SecIndex$UpdateIndexTask.doInBackground(SecIndex.java:610)
02-24 17:05:25.763 10326 27860 W System.err: 	at android.os.AsyncTask$2.call(AsyncTask.java:305)
02-24 17:05:25.763 10326 27860 W System.err: 	at java.util.concurrent.FutureTask.run(FutureTask.java:237)
02-24 17:05:25.763 10326 27860 W System.err: 	at android.os.AsyncTask$SerialExecutor$1.run(AsyncTask.java:243)
02-24 17:05:25.763 10326 27860 W System.err: 	at java.util.concurrent.ThreadPoolExecutor.runWorker(ThreadPoolExecutor.java:1133)
02-24 17:05:25.763 10326 27860 W System.err: 	at java.util.concurrent.ThreadPoolExecutor$Worker.run(ThreadPoolExecutor.java:607)
02-24 17:05:25.763 10326 27860 W System.err: 	at java.lang.Thread.run(Thread.java:762)
02-24 17:05:25.811 10326 27860 E CustomizedTextParser: getCustomizedText Rule is empty. mRuleMap={}
02-24 17:05:25.813 10326 27860 E CustomizedTextParser: getCustomizedText Rule is empty. mRuleMap={}
02-24 17:05:25.814 10326 27860 E CustomizedTextParser: getCustomizedText Rule is empty. mRuleMap={}
02-24 17:05:26.531 27799 27814 I System.out: *************************Settings Application found **************************
02-24 17:05:26.576 27799 27814 I QueryController: Matched selector: UiSelector[RESOURCE_ID=com.android.settings:id/dashboard_container] <<==>> [android.view.accessibility.AccessibilityNodeInfo@800081a6; boundsInParent: Rect(0, 0 - 338, 934); boundsInScreen: Rect(0, 90 - 338, 1024); packageName: com.android.settings; className: android.support.v7.widget.RecyclerView; text: null; error: null; maxTextLength: -1; contentDescription: null; viewIdResName: com.android.settings:id/dashboard_container; checkable: false; checked: false; focusable: true; focused: true; selected: false; clickable: false; longClickable: false; contextClickable: false; enabled: true; password: false; scrollable: true; actions: [AccessibilityAction: ACTION_CLEAR_FOCUS - null, AccessibilityAction: ACTION_SELECT - null, AccessibilityAction: ACTION_CLEAR_SELECTION - null, AccessibilityAction: ACTION_ACCESSIBILITY_FOCUS - null, AccessibilityAction: ACTION_SCROLL_FORWARD - null, AccessibilityAction: ACTION_SHOW_ON_SCREEN - null]]
02-24 17:05:26.580   733  1712 D InputDispatcher: Inject motion (27782): action=0x0, eventTime=140852729000000, displayId=0
02-24 17:05:26.580   733  1450 I InputDispatcher: Delivering touch to (1636): action: 0x4, toolType: 1
02-24 17:05:26.581   733  1450 I InputDispatcher: Delivering touch to (10326): action: 0x0, toolType: 1
02-24 17:05:26.583 10326 10326 D ViewRootImpl@42a22a0[Settings]: ViewPostImeInputStage processPointer 0
02-24 17:05:26.605   733  2434 D InputDispatcher: Inject motion (27782): action=0x1, eventTime=140852754000000, displayId=0
02-24 17:05:26.606   733  1450 I InputDispatcher: Delivering touch to (10326): action: 0x1, toolType: 1
02-24 17:05:26.607 10326 10326 D ViewRootImpl@42a22a0[Settings]: ViewPostImeInputStage processPointer 1
02-24 17:05:26.627 27799 27814 I QueryController: Matched selector: UiSelector[TEXT=Connections] <<==>> [android.view.accessibility.AccessibilityNodeInfo@8007c014; boundsInParent: Rect(0, 0 - 123, 30); boundsInScreen: Rect(85, 107 - 208, 137); packageName: com.android.settings; className: android.widget.TextView; text: Connections; error: null; maxTextLength: -1; contentDescription: null; viewIdResName: android:id/title; checkable: false; checked: false; focusable: false; focused: false; selected: false; clickable: false; longClickable: false; contextClickable: false; enabled: true; password: false; scrollable: false; actions: [AccessibilityAction: ACTION_SELECT - null, AccessibilityAction: ACTION_CLEAR_SELECTION - null, AccessibilityAction: ACTION_ACCESSIBILITY_FOCUS - null, AccessibilityAction: ACTION_NEXT_AT_MOVEMENT_GRANULARITY - null, AccessibilityAction: ACTION_PREVIOUS_AT_MOVEMENT_GRANULARITY - null, AccessibilityAction: ACTION_SET_SELECTION - null, AccessibilityAction: ACTION_SHOW_ON_SCREEN - null]]
02-24 17:05:26.629 27799 27814 D InteractionController: clickAndSync(146, 122)
02-24 17:05:26.631   733  2628 D InputDispatcher: Inject motion (27782): action=0x0, eventTime=140852779000000, displayId=0
02-24 17:05:26.632   733  1450 I InputDispatcher: Delivering touch to (1636): action: 0x4, toolType: 1
02-24 17:05:26.632   733  1450 I InputDispatcher: Delivering touch to (10326): action: 0x0, toolType: 1
02-24 17:05:26.632 10326 10326 D ViewRootImpl@42a22a0[Settings]: ViewPostImeInputStage processPointer 0
02-24 17:05:26.736   733  6025 D InputDispatcher: Inject motion (27782): action=0x1, eventTime=140852884000000, displayId=0
02-24 17:05:26.736   733  1450 I InputDispatcher: Delivering touch to (10326): action: 0x1, toolType: 1
02-24 17:05:26.737 10326 10326 D ViewRootImpl@42a22a0[Settings]: ViewPostImeInputStage processPointer 1
02-24 17:05:27.495 10326 27860 D Index   : Indexing locale 'en_GB' took 5242 millis
02-24 17:05:27.495 10326 27860 D SecMenutree: writeLogFile()
02-24 17:05:27.506 10326 27944 D Settings_Utils: isSupportMptcp: false
02-24 17:05:27.506 10326 27944 D Settings_Utils: isSupportTwoPhoneService: false
02-24 17:05:27.508 10326 27944 V NFC     : this device does not have NFC support
02-24 17:05:27.512   733  1715 D Tethering: tetherableWifiRegexs
02-24 17:05:27.512   733  1715 D Tethering: showLog() wlan0
02-24 17:05:27.512   733  1715 D Tethering: NAP Supported by CSCFeature and not Wifi Model
02-24 17:05:27.512   733  1715 D Tethering: mTetherableWifiRegexs
02-24 17:05:27.513   733  1715 D Tethering: showLog() wlan0
02-24 17:05:27.515   733  1715 E Tethering: No numeric data
02-24 17:05:27.517   733  1519 D Tethering: tetherableWifiRegexs
02-24 17:05:27.517   733  1519 D Tethering: showLog() wlan0
02-24 17:05:27.517   733  1519 D Tethering: NAP Supported by CSCFeature and not Wifi Model
02-24 17:05:27.517   733  1519 D Tethering: mTetherableWifiRegexs
02-24 17:05:27.517   733  1519 D Tethering: showLog() wlan0
02-24 17:05:27.519   733  1519 E Tethering: No numeric data
02-24 17:05:27.522   733  2630 D Tethering: tetherableWifiRegexs
02-24 17:05:27.522   733  2630 D Tethering: showLog() wlan0
02-24 17:05:27.522   733  2630 D Tethering: NAP Supported by CSCFeature and not Wifi Model
02-24 17:05:27.522   733  2630 D Tethering: mTetherableWifiRegexs
02-24 17:05:27.522   733  2630 D Tethering: showLog() wlan0
02-24 17:05:27.524   733  2630 E Tethering: No numeric data
02-24 17:05:27.525   733  2630 D Tethering: mTetherableBluetoothRegexs : 1
02-24 17:05:27.529 10326 27944 D Settings_Utils: isSupportBoostMode: false
02-24 17:05:27.529 10326 27944 D Settings_Utils: isGameModeEnabled: false
02-24 17:05:27.529 10326 27944 D Settings_Utils: easy mode is not displayed.(false,false,false,false)
02-24 17:05:27.557 10326 27945 I TileUtils: getTilesForIntent results count : 41
02-24 17:05:27.559 10326 27945 I TileUtils: getTilesForIntent results count : 0
02-24 17:05:27.562 10326 27945 I TileUtils: getTilesForIntent results count : 5
02-24 17:05:27.564 10326 27945 I TileUtils: getTilesForIntent results count : 1
02-24 17:05:27.571 10326 27860 W SuggestionParser: readSuggestions category : com.android.settings.suggested.category.DOCOMO
02-24 17:05:27.574 10326 27860 I TileUtils: getTilesForIntent results count : 0
02-24 17:05:27.574 10326 27860 W SuggestionParser: suggestions.size : 0
02-24 17:05:27.574 10326 27860 W SuggestionParser: readSuggestions category : com.android.settings.suggested.category.SEC_NEW_UPDATE
02-24 17:05:27.578 10326 27860 I TileUtils: getTilesForIntent results count : 2
02-24 17:05:27.578 10326 27860 W SuggestionParser: suggestions.size : 2
02-24 17:05:27.578 10326 27860 W SuggestionParser: readSuggestions category : com.android.settings.suggested.category.SEC_SETTINGS_ONLY
02-24 17:05:27.588 10326 27860 I TileUtils: getTilesForIntent results count : 3
02-24 17:05:27.588 10326 27860 W SuggestionParser: suggestions.size : 3
02-24 17:05:27.588 10326 27860 D DashboardSummary: suggestions.size() : 3
02-24 17:05:27.588 10326 27860 D DashboardSummary: suggestions.get(i).size() : 0
02-24 17:05:27.588 10326 27860 D DashboardSummary: suggestions.get(i).size() : 2
02-24 17:05:27.591 27917 27929 D BadgeProvider: query, [selection] : package=? AND class=?
02-24 17:05:27.595 27917 27928 D BadgeProvider: query, [selection] : package=? AND class=?
02-24 17:05:27.597  1636  1897 D NetworkController.MobileSignalController(0/-2): onSignalStrengthsChanged signalStrength=SignalStrength: 26 99 -120 -160 -120 -1 -1 99 2147483647 2147483647 2147483647 2147483647 2147483647 0x4 gsm|lte level=4
02-24 17:05:27.597  1636  1897 D NetworkController.MobileSignalController(0/-2): getMobileIconGroup(): 0
02-24 17:05:27.598 10326 10326 I Settings_Utils: getSmartManagerBadgeCount badgeCount : 0
02-24 17:05:27.601 10326 27860 D com.android.settings.dashboard.SuggestionsChecks: hadBadgeCount : com.wssyncmldm, count : 0
02-24 17:05:27.601 10326 27860 D DashboardSummary: isSuggestionComplete : Software update
02-24 17:05:27.605 27917 27928 D BadgeProvider: query, [selection] : package=? AND class=?
02-24 17:05:27.610 10326 27860 D com.android.settings.dashboard.SuggestionsChecks: hadBadgeCount : com.sec.android.inputmethod, count : 0
02-24 17:05:27.610 10326 27860 D DashboardSummary: isSuggestionComplete : Samsung Keyboard
02-24 17:05:27.610 10326 27860 D DashboardSummary: suggestions.get(i).size() : 3
02-24 17:05:27.616 27917 27929 D BadgeProvider: query, [selection] : package=? AND class=?
02-24 17:05:27.621 10326 27860 D com.android.settings.dashboard.SuggestionsChecks: hadBadgeCount : com.samsung.android.lool, count : 0
02-24 17:05:27.621 10326 27860 D DashboardSummary: isSuggestionComplete : Device maintenance
02-24 17:05:27.624 27917 27951 D BadgeProvider: query, [selection] : package=? AND class=?
02-24 17:05:27.626 27917 27928 D BadgeProvider: query, [selection] : package=? AND class=?
02-24 17:05:27.628 10326 10326 I Settings_Utils: getSmartManagerBadgeCount badgeCount : 0
02-24 17:05:27.631 10326 27860 D com.android.settings.dashboard.SuggestionsChecks: hadBadgeCount : com.samsung.android.lool, count : 0
02-24 17:05:27.631 10326 27860 D DashboardSummary: isSuggestionComplete : Extend your battery life
02-24 17:05:27.636 27917 27951 D BadgeProvider: query, [selection] : package=? AND class=?
02-24 17:05:27.641 10326 27860 D com.android.settings.dashboard.SuggestionsChecks: hadBadgeCount : com.samsung.android.lool, count : 0
02-24 17:05:27.641 10326 27860 D DashboardSummary: isSuggestionComplete : Device security
02-24 17:05:27.662 10326 10326 D DashboardAdapter: hasSettingsSuggestion() : 0
02-24 17:05:27.662 10326 10326 D DashboardAdapter: hasSettingsSuggestion() : 0
02-24 17:05:27.662 10326 10326 D DashboardAdapter: hasSettingsSuggestion() : 0
02-24 17:05:27.684 27917 27951 D BadgeProvider: query, [selection] : package=? AND class=?
02-24 17:05:27.688 10326 10326 I Settings_Utils: getSmartManagerBadgeCount badgeCount : 0
02-24 17:05:27.805 27799 27814 I QueryController: Matched selector: UiSelector[TEXT=Bluetooth, CLASS=android.widget.TextView] <<==>> [android.view.accessibility.AccessibilityNodeInfo@803475bd; boundsInParent: Rect(0, 0 - 109, 30); boundsInScreen: Rect(365, 195 - 474, 225); packageName: com.android.settings; className: android.widget.TextView; text: Bluetooth; error: null; maxTextLength: -1; contentDescription: null; viewIdResName: android:id/title; checkable: false; checked: false; focusable: false; focused: false; selected: false; clickable: false; longClickable: false; contextClickable: false; enabled: true; password: false; scrollable: false; actions: [AccessibilityAction: ACTION_SELECT - null, AccessibilityAction: ACTION_CLEAR_SELECTION - null, AccessibilityAction: ACTION_ACCESSIBILITY_FOCUS - null, AccessibilityAction: ACTION_NEXT_AT_MOVEMENT_GRANULARITY - null, AccessibilityAction: ACTION_PREVIOUS_AT_MOVEMENT_GRANULARITY - null, AccessibilityAction: ACTION_SET_SELECTION - null, AccessibilityAction: ACTION_SHOW_ON_SCREEN - null]]
02-24 17:05:27.809 27799 27814 D InteractionController: clickAndSync(419, 210)
02-24 17:05:27.811   733   759 D InputDispatcher: Inject motion (27782): action=0x0, eventTime=140853959000000, displayId=0
02-24 17:05:27.811   733  1450 I InputDispatcher: Delivering touch to (1636): action: 0x4, toolType: 1
02-24 17:05:27.811   733  1450 I InputDispatcher: Delivering touch to (10326): action: 0x0, toolType: 1
02-24 17:05:27.813 10326 10326 D ViewRootImpl@42a22a0[Settings]: ViewPostImeInputStage processPointer 0
02-24 17:05:27.919   733  1928 D InputDispatcher: Inject motion (27782): action=0x1, eventTime=140854066000000, displayId=0
02-24 17:05:27.921   733  1450 I InputDispatcher: Delivering touch to (10326): action: 0x1, toolType: 1
02-24 17:05:27.924 10326 10326 D ViewRootImpl@42a22a0[Settings]: ViewPostImeInputStage processPointer 1
02-24 17:05:27.926 10326 10326 D AbsListView: onTouchUp() mTouchMode : 2
02-24 17:05:27.929 10326 10326 D WifiCalling: isEnabledWifiCallingActivity: false
02-24 17:05:27.929 10326 10326 D DeviceListPreferenceFragment: setFilter :: filterType = 0
02-24 17:05:27.940 10326 10326 W BluetoothSettings: onAttach, mIsBtScanDialog : false
02-24 17:05:27.941 10326 10326 W BluetoothSettings: onCreate
02-24 17:05:27.951 10326 10326 D DeviceListPreferenceFragment: onCreate
02-24 17:05:28.003   733  2202 D SecContentProvider2: query(), uri = 20 selection = isWifiStateChangeAllowed
02-24 17:05:28.004 30076  4549 D ConnectivityManager: unregisterNetworkCallback; CallingUid : 10007, CallingPid : 30076
02-24 17:05:28.007 30076  4549 I CastDatabase: Saving the database
02-24 17:05:28.009   733 29981 D SecContentProvider: query(), uri = 18 selection = isWifiEnabled
02-24 17:05:28.013 10326 10326 D BluetoothEnabler: pause :: unregister BroadcastReceiver
02-24 17:05:28.015   733  2698 D SecContentProvider: query(), uri = 3 selection = isBluetoothEnabled
02-24 17:05:28.027 30076  4549 I SQLiteCastStore: [CastNetworkInfo] saved: 1, skipped: 0, [CastDeviceInfo]: saved 1, skipped 0, [Paired Guest Mode DeviceInfo] saved: 0, skipped: 0. [ProbedNetworks]: saved 0, skipped: 0, [ProbedSocketAddress]: saved 7, skipped: 0, [Network-Device pairs]: saved: 1
02-24 17:05:28.044 10326 10326 E SemExpandableListView: setDivider() height=1
02-24 17:05:28.049 10326 10326 D BluetoothExpListAdapter: setDiscoveryHelpMsgPreference ::
02-24 17:05:28.049 10326 10326 D BluetoothSettings: onActivityCreated :: mInitiateScan : true
02-24 17:05:28.057 10326 10326 D LocalBluetoothManager: setting foreground activity to non-null context
02-24 17:05:28.057 10326 10326 D LocalBluetoothManager: setForegroundActivity :: mForegroundCount = 1
02-24 17:05:28.062   733  1928 D SecContentProvider: query(), uri = 3 selection = isBluetoothEnabled
02-24 17:05:28.066 10326 10326 D BluetoothEnabler: handleStateChanged:: state : 10
02-24 17:05:28.069 10326 10326 D SamsungAnalytics: [QueueManager] queue size over. remove oldest log
02-24 17:05:28.069 10326 10326 D SamsungAnalytics: [DLCBinder] already send register request
02-24 17:05:28.069 10326 10326 D SamsungAnalytics: [QueueManager] queue size over. remove oldest log
02-24 17:05:28.069 10326 10326 D SamsungAnalytics: [DLCBinder] already send register request
02-24 17:05:28.071   733  2203 D SecContentProvider: query(), uri = 3 selection = isDiscoverableEnabled
02-24 17:05:28.072 10326 10326 D BluetoothSettings: isDiscoverableEnabled = true mPolicyEnabled = false
02-24 17:05:28.073 10326 10326 W BluetoothSettings: updateContent : 10, startScan = true
02-24 17:05:28.075 10326 10326 E BluetoothSettings: showing help dialog in tablet failed
02-24 17:05:28.075 10326 10326 D BluetoothSALogger: insertSALog :: screenId = BT_100
02-24 17:05:28.076 10326 10326 D SamsungAnalytics: [QueueManager] queue size over. remove oldest log
02-24 17:05:28.076 10326 10326 D SamsungAnalytics: [DLCBinder] already send register request
02-24 17:05:28.076 10326 10326 D BluetoothSettings: onChildViewAdded() :: child - android.widget.ImageButton{fe42d9b VFED..C.. ......ID 0,0-63,63}
02-24 17:05:28.089 10326 10326 D ViewRootImpl@42a22a0[Settings]: Relayout returned: oldFrame=[0,0][768,1024] newFrame=[0,0][768,1024] result=0x1 surface={isValid=true -2071689216} surfaceGenerationChanged=false
02-24 17:05:32.960 27799 27814 I QueryController: Matched selector: UiSelector[RESOURCE_ID=com.android.settings:id/switch_text] <<==>> [android.view.accessibility.AccessibilityNodeInfo@8002ed0b; boundsInParent: Rect(0, 0 - 328, 30); boundsInScreen: Rect(365, 106 - 693, 136); packageName: com.android.settings; className: android.widget.TextView; text: OFF; error: null; maxTextLength: -1; contentDescription: null; viewIdResName: com.android.settings:id/switch_text; checkable: false; checked: false; focusable: false; focused: false; selected: false; clickable: false; longClickable: false; contextClickable: false; enabled: true; password: false; scrollable: false; actions: [AccessibilityAction: ACTION_SELECT - null, AccessibilityAction: ACTION_CLEAR_SELECTION - null, AccessibilityAction: ACTION_ACCESSIBILITY_FOCUS - null, AccessibilityAction: ACTION_NEXT_AT_MOVEMENT_GRANULARITY - null, AccessibilityAction: ACTION_PREVIOUS_AT_MOVEMENT_GRANULARITY - null, AccessibilityAction: ACTION_SET_SELECTION - null, AccessibilityAction: ACTION_SHOW_ON_SCREEN - null]]
02-24 17:05:32.961 27799 27814 D UiObject: getText() = OFF
02-24 17:05:36.068 27493 27542 I ReschedulableTimer: [#CMH#] ReschedulableTimer started
02-24 17:05:37.194  1636  1897 D NetworkController.MobileSignalController(0/-2): onSignalStrengthsChanged signalStrength=SignalStrength: 25 99 -120 -160 -120 -1 -1 99 2147483647 2147483647 2147483647 2147483647 2147483647 0x4 gsm|lte level=4
02-24 17:05:37.194  1636  1897 D NetworkController.MobileSignalController(0/-2): getMobileIconGroup(): 0
02-24 17:05:37.918 25251 25333 I System.out: (HTTPLog)-Static: isSBSettingEnabled false
02-24 17:05:37.918 25251 25333 I System.out: (HTTPLog)-Static: isSBSettingEnabled false
02-24 17:05:37.921   431  1419 D EnterpriseController: netId is 0
02-24 17:05:37.921   431  1419 D DnsProxyListener: DNSDBG::dns addrinfo af 0
02-24 17:05:37.991 27799 27814 I QueryController: Matched selector: UiSelector[TEXT=OFF, RESOURCE_ID=com.android.settings:id/switch_widget] <<==>> [android.view.accessibility.AccessibilityNodeInfo@8002f84e; boundsInParent: Rect(0, 0 - 48, 46); boundsInScreen: Rect(693, 98 - 741, 144); packageName: com.android.settings; className: android.widget.Switch; text: OFF; error: null; maxTextLength: -1; contentDescription: null; viewIdResName: com.android.settings:id/switch_widget; checkable: true; checked: false; focusable: true; focused: false; selected: false; clickable: true; longClickable: false; contextClickable: false; enabled: true; password: false; scrollable: false; actions: [AccessibilityAction: ACTION_FOCUS - null, AccessibilityAction: ACTION_SELECT - null, AccessibilityAction: ACTION_CLEAR_SELECTION - null, AccessibilityAction: ACTION_CLICK - null, AccessibilityAction: ACTION_ACCESSIBILITY_FOCUS - null, AccessibilityAction: ACTION_SHOW_ON_SCREEN - null]]
02-24 17:05:37.994 27799 27814 D InteractionController: clickAndSync(717, 121)
02-24 17:05:37.995   733  2696 D InputDispatcher: Inject motion (27782): action=0x0, eventTime=140864144000000, displayId=0
02-24 17:05:37.996   733  1450 I InputDispatcher: Delivering touch to (1636): action: 0x4, toolType: 1
02-24 17:05:37.996   733  1450 I InputDispatcher: Delivering touch to (10326): action: 0x0, toolType: 1
02-24 17:05:37.997 10326 10326 D ViewRootImpl@42a22a0[Settings]: ViewPostImeInputStage processPointer 0
02-24 17:05:38.103   733  2630 D InputDispatcher: Inject motion (27782): action=0x1, eventTime=140864251000000, displayId=0
02-24 17:05:38.104   733  1450 I InputDispatcher: Delivering touch to (10326): action: 0x1, toolType: 1
02-24 17:05:38.106 10326 10326 D ViewRootImpl@42a22a0[Settings]: ViewPostImeInputStage processPointer 1
02-24 17:05:38.116 10326 10326 D BluetoothEnabler: onSwitchChanged()
02-24 17:05:38.117 10326 10326 D BluetoothEnabler: onSwitchChanged :: isChecked = true, mIsUserInteraction = true, mPolicyEnabled = true
02-24 17:05:38.124 10326 10326 D SamsungAnalytics: [QueueManager] queue size over. remove oldest log
02-24 17:05:38.124 10326 10326 D SamsungAnalytics: [DLCBinder] already send register request
02-24 17:05:38.125   733 29981 D SecContentProvider: insert(), uri = 2
02-24 17:05:38.523 10326 10326 D BluetoothAdapter: enable()
02-24 17:05:38.531  1618  2513 D BluetoothAdapterService: updateEvent call by com.android.settings, isEnable : true
02-24 17:05:38.533  1618  2513 D AdapterProvider: query
02-24 17:05:38.564  1618  2513 D AdapterProvider: Created cursor android.database.sqlite.SQLiteCursor@d1c3eaa
02-24 17:05:38.567  1618  2513 D BluetoothAdapterService: updateEvent - already set, update
02-24 17:05:38.567  1618  2513 W BluetoothAdapterService: updateEvent - alreadySet is true
02-24 17:05:38.568  1618  2513 D AdapterProvider: update
02-24 17:05:38.575  1618  2513 E BluetoothAdapterService: updateEvent - update success 1
02-24 17:05:38.586   733  6023 D SecContentProvider: query(), uri = 3 selection = isBluetoothEnabled
02-24 17:05:38.595  1618  1633 E BluetoothBondStateMachine: initStateMachine
02-24 17:05:38.595  1618  1704 D BluetoothAdapterState: Current state: BLE ON, message: USER_TURN_ON
02-24 17:05:38.599  1618  1704 I BluetoothAdapterState: Bluetooth adapter state changed: 15-> 11
02-24 17:05:38.599  1618  1704 D BluetoothAdapterService: Bluetooth PBAP supported is true
02-24 17:05:38.600  1618  1704 D BluetoothAdapterService: Autoconnection is available
02-24 17:05:38.600  1618  1704 D BluetoothAdapterService: updateAdapterState prevState = 15newState = 11
02-24 17:05:38.601  1618  1704 W BluetoothAdapterService: processStart(): removed Client profile: com.android.bluetooth.hfpclient.HeadsetClientService
02-24 17:05:38.601  1618  1704 W BluetoothAdapterService: processStart(): removed Client profile: com.android.bluetooth.a2dpsink.A2dpSinkService
02-24 17:05:38.601  1618  1704 D BtSettings.ProfileConfig: getProfileSaveSetting: com.android.bluetooth.hfp.HeadsetService
02-24 17:05:38.603  4234  4234 I [+5]oneconnect[1.7.65.43_01][CORE]: GattActionManagerImpl.onReceive - action: com.samsung.bluetooth.adapter.action.BLE_STATE_CHANGED
02-24 17:05:38.603  4573  4573 D BeaconManager[7.1.17.0]: BleScanHelper.onReceive - action:com.samsung.bluetooth.adapter.action.BLE_STATE_CHANGED, state:11
02-24 17:05:38.607 10326 10326 D BluetoothStatusReceiver: Received :: com.samsung.bluetooth.adapter.action.BLE_STATE_CHANGED
02-24 17:05:38.611  1618  1618 D DOWNLOADABLE_DB: onReceive of BR
02-24 17:05:38.612  1618  1618 D DOWNLOADABLE_DB: com.samsung.bluetooth.adapter.action.BLE_STATE_CHANGED
02-24 17:05:38.612  1618  1618 D BluetoothAdapterService: getAdapterService() - returning com.android.bluetooth.btservice.AdapterService@17f43e6
02-24 17:05:38.612  1618  1618 D BluetoothAdapterService: getAdapterService() - returning com.android.bluetooth.btservice.AdapterService@17f43e6
02-24 17:05:38.616  1618  1618 D BluetoothAdapterService: getAdapterService() - returning com.android.bluetooth.btservice.AdapterService@17f43e6
02-24 17:05:38.616  1618  1618 D HeadsetService: Received start request. Starting profile...
02-24 17:05:38.620   733   733 I InputMethodManagerService: [BT Setting State] state = 11 prevState = 10
02-24 17:05:38.620   733   733 I InputMethodManagerService: [BT] mBTKeyboardCount =0, KEYBOARD_BT(0)
02-24 17:05:38.620  1618  1704 D BtSettings.ProfileConfig: getProfileSaveSetting: com.android.bluetooth.a2dp.A2dpService
02-24 17:05:38.621  1636  1897 D BluetoothEventManager: onReceive :: getAction = android.bluetooth.adapter.action.STATE_CHANGED
02-24 17:05:38.621  1636  1897 D BluetoothEventManager: AdapterStateChangedHandler :: BluetoothAdapter.ACTION_STATE_CHANGED, state = 11
02-24 17:05:38.622  2274  2274 I SKBD    : wz SKBD mConnectedBTSetting onReceive()
02-24 17:05:38.622  2274  2274 I SKBD    : wu STATE_CHANGED = 11, KEYBOARD_BT = 0, mBTKeyboardCount = 0
02-24 17:05:38.622  4234  4234 I [+5]oneconnect[1.7.65.43_01][CORE]: BTStateChangeReceiver.onReceive - Action : android.bluetooth.adapter.action.STATE_CHANGED
02-24 17:05:38.623 10326 10326 D BluetoothEventManager: onReceive :: getAction = android.bluetooth.adapter.action.STATE_CHANGED
02-24 17:05:38.623 10326 10326 D BluetoothEventManager: AdapterStateChangedHandler :: BluetoothAdapter.ACTION_STATE_CHANGED, state = 11
02-24 17:05:38.624   733   733 D BluetoothPhoneService: Bluetooth Adapter state : 11
02-24 17:05:38.624   733   733 D KnoxKeyguardUpdateMonitor: BroadcastReceiver onReceive
02-24 17:05:38.624   733   733 D KnoxKeyguardUpdateMonitor: BroadcastReceiver onReceive action: android.bluetooth.adapter.action.STATE_CHANGED
02-24 17:05:38.624   733   733 D KnoxKeyguardUpdateMonitor: BroadcastReceiver onReceive BT state is changed
02-24 17:05:38.629  1618  1618 I HeadsetService: clearAllHeadsetSettings(0) - complete : 0
02-24 17:05:38.629  1618  1618 D HeadsetStateMachine: make
02-24 17:05:38.633 10326 10326 W BluetoothSettings: updateContent : 11, startScan = true
02-24 17:05:38.636 10326 10326 I BluetoothEnabler: onBluetoothStateChanged bluetoothState =11
02-24 17:05:38.636 10326 10326 D BluetoothEnabler: handleStateChanged:: state : 11
02-24 17:05:38.638 10326 10326 D CachedBluetoothDevice:  Clearing all connection state for dev:Display name = DeviceName, Device Name = neerat
02-24 17:05:38.638 10326 10326 D CachedBluetoothDevice:  Clearing all connection state for dev:Display name = DeviceName, Device Name = Nexus 4
02-24 17:05:38.641 29982 30022 I NearbySharing: Bluetooth is disabled [CONTEXT service_id=194 ]
02-24 17:05:38.651  1618  1704 D BtSettings.ProfileConfig: getProfileSaveSetting: com.android.bluetooth.hid.HidService
02-24 17:05:38.652  1618  1618 E HeadsetStateMachine: # of Max HF connection is 3
02-24 17:05:38.656  1618  1618 D BluetoothAtMessage: createCMTIContentObservers
02-24 17:05:38.657  1636  1897 D CachedBluetoothDevice:  Clearing all connection state for dev:Display name = DeviceName, Device Name = neerat
02-24 17:05:38.657  1636  1897 D CachedBluetoothDevice:  Clearing all connection state for dev:Display name = DeviceName, Device Name = Nexus 4
02-24 17:05:38.657 29982 30022 I NearbySharing: Failed to stop scanning because weren't scanning. [CONTEXT service_id=194 ]
02-24 17:05:38.658  1636  1918 V SystemUIAnalytics: SAPreference : 1106 / 1
02-24 17:05:38.658 29982 30022 I NearbySharing: Stopping discovery because Bluetooth is disabled. [CONTEXT service_id=194 ]
02-24 17:05:38.658  1618  1618 I HeadsetConnectionManager: HeadsetConnectionManager already instantiated
02-24 17:05:38.659  1618  1618 I HeadsetAudioManager: HeadsetAudioManager already instantiated
02-24 17:05:38.660 29982 30022 I NearbySharing: Can't stop advertising FastInitiation. Not advertising. [CONTEXT service_id=194 ]
02-24 17:05:38.671  1618  1704 D BtSettings.ProfileConfig: getProfileSaveSetting: com.android.bluetooth.hdp.HealthService
02-24 17:05:38.681  1618  1704 D BtSettings.ProfileConfig: getProfileSaveSetting: com.android.bluetooth.pan.PanService
02-24 17:05:38.683  1618  1618 D HeadsetProvider: Created cursor android.database.sqlite.SQLiteCursor@154e605
02-24 17:05:38.685  1618  1618 I HeadsetService: getHeadsetDB(true) - 7C:0B:C6:B4:F0:XX, 300, 1
02-24 17:05:38.686  1618  1618 I BluetoothUtils: isAutoAppInstalled : false
02-24 17:05:38.686  1618  1618 I HeadsetStateMachine: IBR : true (SysA : 1 / DB : 1)
02-24 17:05:38.688 29982 30022 I NearbySharing: Stopping Fast Init advertisement because Bluetooth is off. [CONTEXT service_id=194 ]
02-24 17:05:38.688  1618  1618 D BluetoothAdapterService: getAdapterService() - returning com.android.bluetooth.btservice.AdapterService@17f43e6
02-24 17:05:38.688  1618  1618 D HeadsetStateMachine: refreshNotAllowedVoiceRecognitionDeviceList()
02-24 17:05:38.689 29982 30022 I NearbySharing: Stopping advertising because Bluetooth is disabled. [CONTEXT service_id=194 ]
02-24 17:05:38.689  1618  1618 D DOWNLOADABLE_DB: getNotAllowedVoiceRecognitionDeviceList
02-24 17:05:38.690  1618  1704 D BtSettings.ProfileConfig: getProfileSaveSetting: com.android.bluetooth.map.BluetoothMapService
02-24 17:05:38.694 29982 30022 I NearbySharing: Can't stop scanning for FastInitiation. Not scanning. [CONTEXT service_id=194 ]
02-24 17:05:38.694 29982 30022 I NearbySharing: Cancelling in use notification [CONTEXT service_id=194 ]
02-24 17:05:38.697  1618 27978 D HeadsetStateMachine: Enter Disconnected: -2, size: 0/0
02-24 17:05:38.702 29982 30022 I NearbySharing: Fast Initiation Scanning has stopped [CONTEXT service_id=194 ]
02-24 17:05:38.702  1618  1704 D BtSettings.ProfileConfig: getProfileSaveSetting: com.android.bluetooth.sap.SapService
02-24 17:05:38.702 29982 30022 I NearbySharing: Stopping FastInitiation scanning because location is disabled. [CONTEXT service_id=194 ]
02-24 17:05:38.703 29982 30022 I NearbySharing: Dismissing HUN as there's no device nearby. [CONTEXT service_id=194 ]
02-24 17:05:38.703 29982 30022 I NearbySharing: Cancelling in use notification [CONTEXT service_id=194 ]
02-24 17:05:38.704  1618  1618 D BluetoothAdapterService: getAdapterService() - returning com.android.bluetooth.btservice.AdapterService@17f43e6
02-24 17:05:38.704  1618  1618 E BluetoothAdapterService: onProfileServiceStateChanged() serviceName=com.android.bluetooth.hfp.HeadsetService, state=12, Message sending
02-24 17:05:38.704  1618  1618 D HeadsetService: notifyProfileServiceStateChanged
02-24 17:05:38.704  1618  1618 D BtServiceBroadcastReceiver: onReceive :: action : android.bluetooth.adapter.action.STATE_CHANGED
02-24 17:05:38.705  1618  1618 D BluetoothAdapterService: getAdapterService() - returning com.android.bluetooth.btservice.AdapterService@17f43e6
02-24 17:05:38.706  1618  1618 D A2dpService: Received start request. Starting profile...
02-24 17:05:38.711  1618 27978 I HeadsetStateMachine: Clear mHeadsetBrsf
02-24 17:05:38.716  1618  1704 D BtSettings.ProfileConfig: getProfileSaveSetting: com.android.bluetooth.hfpclient.HeadsetClientService
02-24 17:05:38.717  1618  1704 W BluetoothAdapterService: setProfileServiceState() Profile supported, But not enabled com.android.bluetooth.hfpclient.HeadsetClientService
02-24 17:05:38.717  1618  1704 D BtSettings.ProfileConfig: getProfileSaveSetting: com.android.bluetooth.a2dpsink.A2dpSinkService
02-24 17:05:38.718  1618  1704 W BluetoothAdapterService: setProfileServiceState() Profile supported, But not enabled com.android.bluetooth.a2dpsink.A2dpSinkService
02-24 17:05:38.718  1618  1704 D BtSettings.ProfileConfig: getProfileSaveSetting: com.android.bluetooth.hid.HidDevService
02-24 17:05:38.738  1618  1704 I BluetoothAdapterState: Entering PendingCommandState
02-24 17:05:38.741  1618  1618 I Avrcp   : No of Audio players :: 1
02-24 17:05:38.741  1618  1618 I Avrcp   : App Package name is SM
02-24 17:05:38.754  1618  1618 V Avrcp   : MediaPlayerInfo: mPlayerId=1
02-24 17:05:38.756  1618  1618 I Avrcp   : No of Video players :: 2
02-24 17:05:38.757  1618  1618 I Avrcp   : Video App Package name is VP
02-24 17:05:38.764  1618  1618 V Avrcp   : MediaPlayerInfo: mPlayerId=2
02-24 17:05:38.764  1618  1618 I Avrcp   : Video App Package name is others
02-24 17:05:38.770  1618  1618 W ResourceType: ResTable_typeSpec entry count inconsistent: given 2602, previously 3192
02-24 17:05:38.771  1618  1618 W ResourceType: ResTable_typeSpec entry count inconsistent: given 2039, previously 2050
02-24 17:05:38.773  1618  1618 V Avrcp   : MediaPlayerInfo: mPlayerId=3
02-24 17:05:38.773  1618  1618 I Avrcp   : Add tempPlayer
02-24 17:05:38.773  1618  1618 V Avrcp   : MediaPlayerInfo: mPlayerId=4
02-24 17:05:38.773  1618  1618 V Avrcp   : no_of_players : 4
02-24 17:05:38.773  1618  1618 I Avrcp   : Total no of players: 4
02-24 17:05:38.773  1618  1618 V Avrcp   : Samsung player is the 1st player
02-24 17:05:38.773  1618  1618 D Avrcp   : Compose Browsing Service Candidate
02-24 17:05:38.776  1618  1618 D Avrcp   : ResolveInfo info ResolveInfo{32a8a67 com.android.bluetooth/.a2dpsink.mbs.A2dpMediaBrowserService m=0x108000}
02-24 17:05:38.776  1618  1618 D Avrcp   : ResolveInfo info ResolveInfo{1f28014 com.google.android.apps.books/com.google.android.apps.play.books.audio.BooksMediaBrowseService m=0x108000}
02-24 17:05:38.776  1618  1618 D Avrcp   : ResolveInfo info ResolveInfo{abed0bd com.google.android.googlequicksearchbox/com.google.android.apps.gsa.staticplugins.mediabrowser.PodcastsMediaBrowserService m=0x108000}
02-24 17:05:38.776  1618  1618 D Avrcp   : ResolveInfo info ResolveInfo{606a6b2 com.google.android.youtube/com.google.android.apps.youtube.app.extensions.mediabrowser.impl.MainAppMediaBrowserService m=0x108000}
02-24 17:05:38.776  1618  1618 D Avrcp   : ResolveInfo info ResolveInfo{74b6603 com.sec.android.app.music/com.samsung.android.app.music.service.browser.PlayerMediaBrowserService m=0x108000}
02-24 17:05:38.776  1618  1618 D Avrcp   : ResolveInfo info ResolveInfo{d818980 flipboard.boxer.app/flipboard.media.MediaPlaybackService m=0x108000}
02-24 17:05:38.776  1618  1618 D Avrcp   : Initialize Media Controller
