02-24 17:05:56.389 10326 10326 D BluetoothExpListAdapter: getGroupView :: groupPosition = 1,  getPreferenceCount = 2 , isExpanded = true
02-24 17:05:56.392 10326 10326 D BluetoothExpListAdapter: getChildView :: Display name = DeviceName, Device Name = Nexus 4isBonded = 12
02-24 17:05:56.394 10326 10326 D CachedBluetoothDevice: getConnectionSummary :: profile ::PAN  connectionStatus::0
02-24 17:05:56.395 10326 10326 D CachedBluetoothDevice: getBtClassDrawable :: Display name = DeviceName, Device Name = Nexus 4, BluetoothClass = 5a020c, Appearance = 0
02-24 17:05:56.398 10326 10326 D BluetoothExpListAdapter: getChildView :: Display name = DeviceName, Device Name = neeratisBonded = 12
02-24 17:05:56.401 10326 10326 D CachedBluetoothDevice: getConnectionSummary :: profile ::PAN  connectionStatus::0
02-24 17:05:56.402 10326 10326 D CachedBluetoothDevice: getBtClassDrawable :: Display name = DeviceName, Device Name = neerat, BluetoothClass = 7a020c, Appearance = 0
02-24 17:05:56.403 10326 10326 D BluetoothExpListAdapter: getGroupView :: groupPosition = 2,  getPreferenceCount = 7 , isExpanded = true
02-24 17:05:56.405 10326 10326 D BluetoothExpListAdapter: getChildView :: Display name = DeviceName, Device Name = Nokia 8210 4GisBonded = 10
02-24 17:05:56.408 10326 10326 D CachedBluetoothDevice: getBtClassDrawable :: Display name = DeviceName, Device Name = Nokia 8210 4G, BluetoothClass = 5a0204, Appearance = 0
02-24 17:05:56.415 10326 10326 D BluetoothExpListAdapter: getChildView :: Display name = DeviceName, Device Name = OPPO Reno8 Pro 5GisBonded = 10
02-24 17:05:56.419 10326 10326 D CachedBluetoothDevice: getBtClassDrawable :: Display name = DeviceName, Device Name = OPPO Reno8 Pro 5G, BluetoothClass = 5a020c, Appearance = 0
02-24 17:05:56.426 10326 10326 D BluetoothExpListAdapter: getChildView :: Display name = DeviceName, Device Name = R90C2KTDisBonded = 10
02-24 17:05:56.429 10326 10326 D CachedBluetoothDevice: getBtClassDrawable :: Display name = DeviceName, Device Name = R90C2KTD, BluetoothClass = 2a010c, Appearance = 0
02-24 17:05:56.437 10326 10326 D BluetoothExpListAdapter: getChildView :: Display name = DeviceName, Device Name = Nokia 3.1isBonded = 10
02-24 17:05:56.440 10326 10326 D CachedBluetoothDevice: getBtClassDrawable :: Display name = DeviceName, Device Name = Nokia 3.1, BluetoothClass = 5a020c, Appearance = 0
02-24 17:05:56.447 10326 10326 D BluetoothExpListAdapter: getChildView :: Display name = DeviceName, Device Name = Nokia 8210 4GisBonded = 10
02-24 17:05:56.449 10326 10326 D CachedBluetoothDevice: getBtClassDrawable :: Display name = DeviceName, Device Name = Nokia 8210 4G, BluetoothClass = 5a0204, Appearance = 0
02-24 17:05:56.455 10326 10326 D BluetoothExpListAdapter: getChildView :: Display name = DeviceName, Device Name = Nokia 8210 isBonded = 10
02-24 17:05:56.457 10326 10326 D CachedBluetoothDevice: getBtClassDrawable :: Display name = DeviceName, Device Name = Nokia 8210 , BluetoothClass = 5a0204, Appearance = 0
02-24 17:05:56.463 10326 10326 D BluetoothExpListAdapter: getChildView :: 72:D7:24:AA:31:XXisBonded = 10
02-24 17:05:56.468 10326 10326 D CachedBluetoothDevice: getBtClassDrawable :: 72:D7:24:AA:31:XX, BluetoothClass = 1f00, Appearance = 0
02-24 17:05:56.472 10326 10326 D BluetoothExpListAdapter: getGroupView :: groupPosition = 3,  getPreferenceCount = 0 , isExpanded = true
02-24 17:05:56.482 10326 10326 D BluetoothExpListController: onAnimationStart ::
02-24 17:05:57.047 23870 23890 E ContactsProvider_EventLog: Flush buffer to file cnt : 1 size : 0Kb duration : 3ms lastUpdatedAfter : 4022 ms mFlush_time_threasold : 2000 mCurrentSize : 201
02-24 17:05:57.089  1618  1711 E bt_btif : property type:241, len:0 is invalid
02-24 17:05:57.096  1618  1711 D BluetoothUtils: getBtEnabledContainers(): btContainers = []
02-24 17:05:57.096  1636  1897 D BluetoothEventManager: onReceive :: getAction = android.bluetooth.device.action.NAME_CHANGED
02-24 17:05:57.102  1618  1711 D BluetoothUtils: getBtEnabledContainers(): btContainers = []
02-24 17:05:57.102  1618  1711 E BluetoothRemoteDevices: devicePropertyChangedCallback: bdDevice: 30:0D:43:2F:54:XX, value is empty for type: 241
02-24 17:05:57.105  1636  1897 D BluetoothEventManager: onReceive :: getAction = android.bluetooth.device.action.CLASS_CHANGED
02-24 17:05:57.107  1618  1711 D BluetoothUtils: getBtEnabledContainers(): btContainers = []
02-24 17:05:57.107 10326 10326 D BluetoothExpListController: onAnimationEnd ::
02-24 17:05:57.107  1636  1897 D BluetoothEventManager: onReceive :: getAction = android.bluetooth.device.action.FOUND
02-24 17:05:57.114 10326 10326 D BluetoothEventManager: onReceive :: getAction = android.bluetooth.device.action.NAME_CHANGED
02-24 17:05:57.116 10326 10326 D BluetoothEventManager: onReceive :: getAction = android.bluetooth.device.action.CLASS_CHANGED
02-24 17:05:57.117 10326 10326 D BluetoothEventManager: onReceive :: getAction = android.bluetooth.device.action.FOUND
02-24 17:05:57.127 10326 10326 E CachedBluetoothDevice: updateProfiles :: uuids is null
02-24 17:05:57.130 10326 10326 D CachedBluetoothDevice: setManufacturerData to null
02-24 17:05:57.130 10326 10326 D CachedBluetoothDevice: fetchManufacturerData : null
02-24 17:05:57.132 10326 10326 D CachedBluetoothDevice: fillData :: [Name] Display name = DeviceName, Device Name = Nokia222, [BondState] 10, [COD] 5a0204, [Appearance] 0
02-24 17:05:57.135 10326 10326 D BluetoothExpListController: readyToInsertAnimation :: mIsOnProgressAddVI = true
02-24 17:05:57.135 10326 10326 I BluetoothDevicePreference: onDeviceAttributesChanged :: Device = Display name = DeviceName, Device Name = Nokia222isBonded = 10 , mIsOnProgressAddVI = true
02-24 17:05:57.137  1636  1897 E CachedBluetoothDevice: updateProfiles :: uuids is null
02-24 17:05:57.139  1636  1897 D CachedBluetoothDevice: setManufacturerData to null
02-24 17:05:57.139  1636  1897 D CachedBluetoothDevice: fetchManufacturerData : null
02-24 17:05:57.141  1636  1897 D CachedBluetoothDevice: fillData :: [Name] Display name = DeviceName, Device Name = Nokia222, [BondState] 10, [COD] 5a0204, [Appearance] 0
02-24 17:05:57.418 27257 27278 I Finsky:background: [7840] kjo.run(10): Stats for Executor: bgExecutor mvg@e62f3f6[Running, pool size = 4, active threads = 0, queued tasks = 0, completed tasks = 9]
02-24 17:05:57.440 27257 27278 I Finsky:background: [7840] kjo.run(10): Stats for Executor: LightweightExecutor mvg@cbb03f7[Running, pool size = 0, active threads = 0, queued tasks = 0, completed tasks = 0]
02-24 17:05:57.618 10326 10326 D BluetoothExpListController: handleMessage :: It is needed to setInsertAnimation additionally
02-24 17:05:57.618 10326 10326 D BluetoothExpListController: setInsertAnimation :: insert index = 7 , sortedIndex = 12
02-24 17:05:57.641  1636  1897 D BluetoothEventManager: onReceive :: getAction = android.bluetooth.device.action.NAME_CHANGED
02-24 17:05:57.643  1618  1711 D BluetoothUtils: getBtEnabledContainers(): btContainers = []
02-24 17:05:57.646  1636  1897 D BluetoothEventManager: onReceive :: getAction = android.bluetooth.device.action.CLASS_CHANGED
02-24 17:05:57.648  1618  1711 D BluetoothUtils: getBtEnabledContainers(): btContainers = []
02-24 17:05:57.650  1618  1711 D ScanRecord: parseFromBytes
02-24 17:05:57.650  1618  1711 D ScanRecord: first manudata for manu ID
02-24 17:05:57.650  1618  1711 D ScanRecord: Not a Multi Manu data
02-24 17:05:57.650  1618  1711 D ScanRecord: parseFromBytes
02-24 17:05:57.650  1618  1711 D ScanRecord: first manudata for manu ID
02-24 17:05:57.651  1618  1711 D ScanRecord: Not a Multi Manu data
02-24 17:05:57.651  1618  1711 D ScanRecord: Not a Multi Manu data
02-24 17:05:57.651  1618  1711 D ScanRecord: Not a Multi Manu data
02-24 17:05:57.651  1618  1711 D ScanRecord: Not a Multi Manu data
02-24 17:05:57.651  1618  1711 D ScanRecord: Not a Multi Manu data
02-24 17:05:57.651  1618  1711 D ScanRecord: Not a Multi Manu data
02-24 17:05:57.658 10326 10326 I DeviceListPreferenceFragment: putDevicePreferenceMap :: Display name = DeviceName, Device Name = Nokia222
02-24 17:05:57.662 10326 10326 D BluetoothExpListAdapter: getGroupView :: groupPosition = 0,  getPreferenceCount = 0 , isExpanded = true
02-24 17:05:57.669 10326 10326 D BluetoothExpListAdapter: getGroupView :: groupPosition = 1,  getPreferenceCount = 2 , isExpanded = true
02-24 17:05:57.673 10326 10326 D BluetoothExpListAdapter: getChildView :: Display name = DeviceName, Device Name = Nexus 4isBonded = 12
02-24 17:05:57.675 10326 10326 D CachedBluetoothDevice: getConnectionSummary :: profile ::PAN  connectionStatus::0
02-24 17:05:57.676 10326 10326 D CachedBluetoothDevice: getBtClassDrawable :: Display name = DeviceName, Device Name = Nexus 4, BluetoothClass = 5a020c, Appearance = 0
02-24 17:05:57.678 10326 10326 D BluetoothExpListAdapter: getChildView :: Display name = DeviceName, Device Name = neeratisBonded = 12
02-24 17:05:57.679 10326 10326 D CachedBluetoothDevice: getConnectionSummary :: profile ::PAN  connectionStatus::0
02-24 17:05:57.680 10326 10326 D CachedBluetoothDevice: getBtClassDrawable :: Display name = DeviceName, Device Name = neerat, BluetoothClass = 7a020c, Appearance = 0
02-24 17:05:57.682 10326 10326 D BluetoothExpListAdapter: getGroupView :: groupPosition = 2,  getPreferenceCount = 8 , isExpanded = true
02-24 17:05:57.684 10326 10326 D BluetoothExpListAdapter: getChildView :: Display name = DeviceName, Device Name = Nokia 8210 4GisBonded = 10
02-24 17:05:57.686 10326 10326 D CachedBluetoothDevice: getBtClassDrawable :: Display name = DeviceName, Device Name = Nokia 8210 4G, BluetoothClass = 5a0204, Appearance = 0
02-24 17:05:57.688 10326 10326 D BluetoothExpListAdapter: getChildView :: Display name = DeviceName, Device Name = OPPO Reno8 Pro 5GisBonded = 10
02-24 17:05:57.689  1618  1711 D ScanRecord: parseFromBytes
02-24 17:05:57.689  1618  1711 D ScanRecord: first manudata for manu ID
02-24 17:05:57.689  1618  1711 D ScanRecord: Not a Multi Manu data
02-24 17:05:57.689  1618  1711 D ScanRecord: parseFromBytes
02-24 17:05:57.689  1618  1711 D ScanRecord: first manudata for manu ID
02-24 17:05:57.689  1618  1711 D ScanRecord: Not a Multi Manu data
02-24 17:05:57.689  1618  1711 D ScanRecord: Not a Multi Manu data
02-24 17:05:57.689  1618  1711 D ScanRecord: Not a Multi Manu data
02-24 17:05:57.689  1618  1711 D ScanRecord: Not a Multi Manu data
02-24 17:05:57.689  1618  1711 D ScanRecord: Not a Multi Manu data
02-24 17:05:57.689  1618  1711 D ScanRecord: Not a Multi Manu data
02-24 17:05:57.691 10326 10326 D CachedBluetoothDevice: getBtClassDrawable :: Display name = DeviceName, Device Name = OPPO Reno8 Pro 5G, BluetoothClass = 5a020c, Appearance = 0
02-24 17:05:57.694 10326 10326 D BluetoothExpListAdapter: getChildView :: Display name = DeviceName, Device Name = R90C2KTDisBonded = 10
02-24 17:05:57.695  1618  1711 D ScanRecord: parseFromBytes
02-24 17:05:57.695  1618  1711 D ScanRecord: first manudata for manu ID
02-24 17:05:57.695  1618  1711 D ScanRecord: Not a Multi Manu data
02-24 17:05:57.695  1618  1711 D ScanRecord: parseFromBytes
02-24 17:05:57.695  1618  1711 D ScanRecord: first manudata for manu ID
02-24 17:05:57.695  1618  1711 D ScanRecord: Not a Multi Manu data
02-24 17:05:57.695  1618  1711 D ScanRecord: Not a Multi Manu data
02-24 17:05:57.695  1618  1711 D ScanRecord: Not a Multi Manu data
02-24 17:05:57.695  1618  1711 D ScanRecord: Not a Multi Manu data
02-24 17:05:57.695  1618  1711 D ScanRecord: Not a Multi Manu data
02-24 17:05:57.695  1618  1711 D ScanRecord: Not a Multi Manu data
02-24 17:05:57.696 10326 10326 D CachedBluetoothDevice: getBtClassDrawable :: Display name = DeviceName, Device Name = R90C2KTD, BluetoothClass = 2a010c, Appearance = 0
02-24 17:05:57.699 10326 10326 D BluetoothExpListAdapter: getChildView :: Display name = DeviceName, Device Name = Nokia 3.1isBonded = 10
02-24 17:05:57.701 10326 10326 D CachedBluetoothDevice: getBtClassDrawable :: Display name = DeviceName, Device Name = Nokia 3.1, BluetoothClass = 5a020c, Appearance = 0
02-24 17:05:57.703 10326 10326 D BluetoothExpListAdapter: getChildView :: Display name = DeviceName, Device Name = Nokia 8210 4GisBonded = 10
02-24 17:05:57.705  1618  1711 D ScanRecord: parseFromBytes
02-24 17:05:57.705  1618  1711 D ScanRecord: first manudata for manu ID
02-24 17:05:57.705  1618  1711 D ScanRecord: Not a Multi Manu data
02-24 17:05:57.705  1618  1711 D ScanRecord: parseFromBytes
02-24 17:05:57.705  1618  1711 D ScanRecord: first manudata for manu ID
02-24 17:05:57.705  1618  1711 D ScanRecord: Not a Multi Manu data
02-24 17:05:57.705  1618  1711 D ScanRecord: Not a Multi Manu data
02-24 17:05:57.705  1618  1711 D ScanRecord: Not a Multi Manu data
02-24 17:05:57.706  1618  1711 D ScanRecord: Not a Multi Manu data
02-24 17:05:57.706  1618  1711 D ScanRecord: Not a Multi Manu data
02-24 17:05:57.706  1618  1711 D ScanRecord: Not a Multi Manu data
02-24 17:05:57.706 10326 10326 D CachedBluetoothDevice: getBtClassDrawable :: Display name = DeviceName, Device Name = Nokia 8210 4G, BluetoothClass = 5a0204, Appearance = 0
02-24 17:05:57.708 10326 10326 D BluetoothExpListAdapter: getChildView :: Display name = DeviceName, Device Name = Nokia 8210 isBonded = 10
02-24 17:05:57.710 10326 10326 D CachedBluetoothDevice: getBtClassDrawable :: Display name = DeviceName, Device Name = Nokia 8210 , BluetoothClass = 5a0204, Appearance = 0
02-24 17:05:57.712 10326 10326 D BluetoothExpListAdapter: getChildView :: 72:D7:24:AA:31:XXisBonded = 10
02-24 17:05:57.716 10326 10326 D CachedBluetoothDevice: getBtClassDrawable :: 72:D7:24:AA:31:XX, BluetoothClass = 1f00, Appearance = 0
02-24 17:05:57.723 10326 10326 D BluetoothExpListAdapter: getChildView :: Display name = DeviceName, Device Name = Nokia222isBonded = 10
02-24 17:05:57.726 10326 10326 D CachedBluetoothDevice: getBtClassDrawable :: Display name = DeviceName, Device Name = Nokia222, BluetoothClass = 5a0204, Appearance = 0
02-24 17:05:57.731 10326 10326 D BluetoothExpListController: onAnimationStart ::
02-24 17:05:57.737 10326 10326 D BluetoothEventManager: onReceive :: getAction = android.bluetooth.device.action.NAME_CHANGED
02-24 17:05:57.739 10326 10326 D BluetoothEventManager: onReceive :: getAction = android.bluetooth.device.action.CLASS_CHANGED
02-24 17:05:57.769  1618  1711 D ScanRecord: parseFromBytes
02-24 17:05:57.769  1618  1711 D ScanRecord: first manudata for manu ID
02-24 17:05:57.769  1618  1711 D ScanRecord: Not a Multi Manu data
02-24 17:05:57.770  1618  1711 D ScanRecord: parseFromBytes
02-24 17:05:57.770  1618  1711 D ScanRecord: first manudata for manu ID
02-24 17:05:57.770  1618  1711 D ScanRecord: Not a Multi Manu data
02-24 17:05:57.770  1618  1711 D ScanRecord: Not a Multi Manu data
02-24 17:05:57.770  1618  1711 D ScanRecord: Not a Multi Manu data
02-24 17:05:57.770  1618  1711 D ScanRecord: Not a Multi Manu data
02-24 17:05:57.770  1618  1711 D ScanRecord: Not a Multi Manu data
02-24 17:05:57.770  1618  1711 D ScanRecord: Not a Multi Manu data
02-24 17:05:58.333 10326 10326 D BluetoothExpListController: onAnimationEnd ::
02-24 17:05:58.657 27290 27296 I art     : Do partial code cache collection, code=21KB, data=28KB
02-24 17:05:58.658 27290 27296 I art     : After code cache collection, code=11KB, data=19KB
02-24 17:05:58.658 27290 27296 I art     : Increasing code cache capacity to 128KB
02-24 17:05:58.850 10326 10326 D BluetoothExpListController: handleMessage :: Finish animation loop
02-24 17:05:58.850 10326 10326 D BluetoothExpListController: handleMessage :: mNeedUpdatePreference is true
02-24 17:05:58.868 10326 10326 D BluetoothExpListAdapter: getGroupView :: groupPosition = 0,  getPreferenceCount = 0 , isExpanded = true
02-24 17:05:58.879 10326 10326 D BluetoothExpListAdapter: getGroupView :: groupPosition = 1,  getPreferenceCount = 2 , isExpanded = true
02-24 17:05:58.884 10326 10326 D BluetoothExpListAdapter: getChildView :: Display name = DeviceName, Device Name = Nexus 4isBonded = 12
02-24 17:05:58.887 10326 10326 D CachedBluetoothDevice: getConnectionSummary :: profile ::PAN  connectionStatus::0
02-24 17:05:58.889 10326 10326 D CachedBluetoothDevice: getBtClassDrawable :: Display name = DeviceName, Device Name = Nexus 4, BluetoothClass = 5a020c, Appearance = 0
02-24 17:05:58.891 10326 10326 D BluetoothExpListAdapter: getChildView :: Display name = DeviceName, Device Name = neeratisBonded = 12
02-24 17:05:58.894 10326 10326 D CachedBluetoothDevice: getConnectionSummary :: profile ::PAN  connectionStatus::0
02-24 17:05:58.896 10326 10326 D CachedBluetoothDevice: getBtClassDrawable :: Display name = DeviceName, Device Name = neerat, BluetoothClass = 7a020c, Appearance = 0
02-24 17:05:58.899 10326 10326 D BluetoothExpListAdapter: getGroupView :: groupPosition = 2,  getPreferenceCount = 8 , isExpanded = true
02-24 17:05:58.902 10326 10326 D BluetoothExpListAdapter: getChildView :: Display name = DeviceName, Device Name = Nokia 8210 4GisBonded = 10
02-24 17:05:58.906 10326 10326 D CachedBluetoothDevice: getBtClassDrawable :: Display name = DeviceName, Device Name = Nokia 8210 4G, BluetoothClass = 5a0204, Appearance = 0
02-24 17:05:58.908 10326 10326 D BluetoothExpListAdapter: getChildView :: Display name = DeviceName, Device Name = OPPO Reno8 Pro 5GisBonded = 10
02-24 17:05:58.910 10326 10326 D CachedBluetoothDevice: getBtClassDrawable :: Display name = DeviceName, Device Name = OPPO Reno8 Pro 5G, BluetoothClass = 5a020c, Appearance = 0
02-24 17:05:58.912 10326 10326 D BluetoothExpListAdapter: getChildView :: Display name = DeviceName, Device Name = R90C2KTDisBonded = 10
02-24 17:05:58.915 10326 10326 D CachedBluetoothDevice: getBtClassDrawable :: Display name = DeviceName, Device Name = R90C2KTD, BluetoothClass = 2a010c, Appearance = 0
02-24 17:05:58.916 10326 10326 D BluetoothExpListAdapter: getChildView :: Display name = DeviceName, Device Name = Nokia 3.1isBonded = 10
02-24 17:05:58.919 10326 10326 D CachedBluetoothDevice: getBtClassDrawable :: Display name = DeviceName, Device Name = Nokia 3.1, BluetoothClass = 5a020c, Appearance = 0
02-24 17:05:58.922 10326 10326 D BluetoothExpListAdapter: getChildView :: Display name = DeviceName, Device Name = Nokia 8210 4GisBonded = 10
02-24 17:05:58.925 10326 10326 D CachedBluetoothDevice: getBtClassDrawable :: Display name = DeviceName, Device Name = Nokia 8210 4G, BluetoothClass = 5a0204, Appearance = 0
02-24 17:05:58.927 10326 10326 D BluetoothExpListAdapter: getChildView :: Display name = DeviceName, Device Name = Nokia 8210 isBonded = 10
02-24 17:05:58.930 10326 10326 D CachedBluetoothDevice: getBtClassDrawable :: Display name = DeviceName, Device Name = Nokia 8210 , BluetoothClass = 5a0204, Appearance = 0
02-24 17:05:58.933 10326 10326 D BluetoothExpListAdapter: getChildView :: 72:D7:24:AA:31:XXisBonded = 10
02-24 17:05:58.938 10326 10326 D CachedBluetoothDevice: getBtClassDrawable :: 72:D7:24:AA:31:XX, BluetoothClass = 1f00, Appearance = 0
02-24 17:05:58.939 10326 10326 D BluetoothExpListAdapter: getChildView :: Display name = DeviceName, Device Name = Nokia222isBonded = 10
02-24 17:05:58.943 10326 10326 D CachedBluetoothDevice: getBtClassDrawable :: Display name = DeviceName, Device Name = Nokia222, BluetoothClass = 5a0204, Appearance = 0
02-24 17:05:58.956  1618  2346 E bt_btm  : RSSI value is too low. Skip save remote device!!!RSSI : -93
02-24 17:05:59.065  1618  1711 D ScanRecord: parseFromBytes
02-24 17:05:59.065  1618  1711 D ScanRecord: first manudata for manu ID
02-24 17:05:59.065  1618  1711 D ScanRecord: Not a Multi Manu data
02-24 17:05:59.065  1618  1711 D ScanRecord: parseFromBytes
02-24 17:05:59.065  1618  1711 D ScanRecord: first manudata for manu ID
02-24 17:05:59.065  1618  1711 D ScanRecord: Not a Multi Manu data
02-24 17:05:59.065  1618  1711 D ScanRecord: Not a Multi Manu data
02-24 17:05:59.065  1618  1711 D ScanRecord: Not a Multi Manu data
02-24 17:05:59.065  1618  1711 D ScanRecord: Not a Multi Manu data
02-24 17:05:59.065  1618  1711 D ScanRecord: Not a Multi Manu data
02-24 17:05:59.065  1618  1711 D ScanRecord: Not a Multi Manu data
02-24 17:05:59.158  1618  1711 D ScanRecord: parseFromBytes
02-24 17:05:59.158  1618  1711 D ScanRecord: first manudata for manu ID
02-24 17:05:59.158  1618  1711 D ScanRecord: Not a Multi Manu data
02-24 17:05:59.158  1618  1711 D ScanRecord: parseFromBytes
02-24 17:05:59.158  1618  1711 D ScanRecord: first manudata for manu ID
02-24 17:05:59.159  1618  1711 D ScanRecord: Not a Multi Manu data
02-24 17:05:59.159  1618  1711 D ScanRecord: Not a Multi Manu data
02-24 17:05:59.159  1618  1711 D ScanRecord: Not a Multi Manu data
02-24 17:05:59.159  1618  1711 D ScanRecord: Not a Multi Manu data
02-24 17:05:59.159  1618  1711 D ScanRecord: Not a Multi Manu data
02-24 17:05:59.159  1618  1711 D ScanRecord: Not a Multi Manu data
02-24 17:05:59.168  1618  1711 E bt_btif : property type:241, len:0 is invalid
02-24 17:05:59.175  1636  1897 D BluetoothEventManager: onReceive :: getAction = android.bluetooth.device.action.NAME_CHANGED
02-24 17:05:59.177  1618  1711 D BluetoothUtils: getBtEnabledContainers(): btContainers = []
02-24 17:05:59.182  1636  1897 D BluetoothEventManager: onReceive :: getAction = android.bluetooth.device.action.CLASS_CHANGED
02-24 17:05:59.186  1618  1711 D BluetoothUtils: getBtEnabledContainers(): btContainers = []
02-24 17:05:59.186  1618  1711 E BluetoothRemoteDevices: devicePropertyChangedCallback: bdDevice: F9:41:62:9B:00:XX, value is empty for type: 241
02-24 17:05:59.189 10326 10326 D BluetoothEventManager: onReceive :: getAction = android.bluetooth.device.action.NAME_CHANGED
02-24 17:05:59.193  1618  1711 D BluetoothUtils: getBtEnabledContainers(): btContainers = []
02-24 17:05:59.195  1636  1897 D BluetoothEventManager: onReceive :: getAction = android.bluetooth.device.action.FOUND
02-24 17:05:59.199  1618  1711 D BluetoothUtils: getBtEnabledContainers(): btContainers = []
02-24 17:05:59.204  1618  1711 D BluetoothUtils: getBtEnabledContainers(): btContainers = []
02-24 17:05:59.204 10326 10326 D BluetoothEventManager: onReceive :: getAction = android.bluetooth.device.action.CLASS_CHANGED
02-24 17:05:59.205 10326 10326 D BluetoothEventManager: onReceive :: getAction = android.bluetooth.device.action.FOUND
02-24 17:05:59.206  1618  1711 D ScanRecord: parseFromBytes
02-24 17:05:59.207  1618  1711 D ScanRecord: first manudata for manu ID
02-24 17:05:59.207  1618  1711 D ScanRecord: Not a Multi Manu data
02-24 17:05:59.207  1618  1711 D ScanRecord: parseFromBytes
02-24 17:05:59.207  1618  1711 D ScanRecord: first manudata for manu ID
02-24 17:05:59.207  1618  1711 D ScanRecord: Not a Multi Manu data
02-24 17:05:59.207  1618  1711 D ScanRecord: Not a Multi Manu data
02-24 17:05:59.207  1618  1711 D ScanRecord: Not a Multi Manu data
02-24 17:05:59.207  1618  1711 D ScanRecord: Not a Multi Manu data
02-24 17:05:59.207  1618  1711 D ScanRecord: Not a Multi Manu data
02-24 17:05:59.207  1618  1711 D ScanRecord: Not a Multi Manu data
02-24 17:05:59.209  1618  1711 D ScanRecord: parseFromBytes
02-24 17:05:59.209  1618  1711 D ScanRecord: first manudata for manu ID
02-24 17:05:59.209  1618  1711 D ScanRecord: Not a Multi Manu data
02-24 17:05:59.209  1618  1711 D ScanRecord: parseFromBytes
02-24 17:05:59.209  1618  1711 D ScanRecord: first manudata for manu ID
02-24 17:05:59.209  1618  1711 D ScanRecord: Not a Multi Manu data
02-24 17:05:59.209  1618  1711 D ScanRecord: Not a Multi Manu data
02-24 17:05:59.209  1618  1711 D ScanRecord: Not a Multi Manu data
02-24 17:05:59.209  1618  1711 D ScanRecord: Not a Multi Manu data
02-24 17:05:59.209  1618  1711 D ScanRecord: Not a Multi Manu data
02-24 17:05:59.209  1618  1711 D ScanRecord: Not a Multi Manu data
02-24 17:05:59.212  1618  1711 D ScanRecord: parseFromBytes
02-24 17:05:59.212  1618  1711 D ScanRecord: first manudata for manu ID
02-24 17:05:59.213  1618  1711 D ScanRecord: Not a Multi Manu data
02-24 17:05:59.213  1618  1711 D ScanRecord: parseFromBytes
02-24 17:05:59.213  1618  1711 D ScanRecord: first manudata for manu ID
02-24 17:05:59.213  1618  1711 D ScanRecord: Not a Multi Manu data
02-24 17:05:59.213  1618  1711 D ScanRecord: Not a Multi Manu data
02-24 17:05:59.213  1618  1711 D ScanRecord: Not a Multi Manu data
02-24 17:05:59.213  1618  1711 D ScanRecord: Not a Multi Manu data
02-24 17:05:59.213  1618  1711 D ScanRecord: Not a Multi Manu data
02-24 17:05:59.213  1618  1711 D ScanRecord: Not a Multi Manu data
02-24 17:05:59.220 10326 10326 E CachedBluetoothDevice: updateProfiles :: uuids is null
02-24 17:05:59.222 10326 10326 D CachedBluetoothDevice: setManufacturerData to null
02-24 17:05:59.222 10326 10326 D CachedBluetoothDevice: fetchManufacturerData : null
02-24 17:05:59.223  1636  1897 E CachedBluetoothDevice: updateProfiles :: uuids is null
02-24 17:05:59.223 10326 10326 D CachedBluetoothDevice: fillData :: [Name] Display name = DeviceName, Device Name = Amazfit Bip Lite, [BondState] 10, [COD] 1f00, [Appearance] 0
02-24 17:05:59.224  1636  1897 D CachedBluetoothDevice: setManufacturerData to null
02-24 17:05:59.224  1636  1897 D CachedBluetoothDevice: fetchManufacturerData : null
02-24 17:05:59.226  1636  1897 D CachedBluetoothDevice: fillData :: [Name] Display name = DeviceName, Device Name = Amazfit Bip Lite, [BondState] 10, [COD] 1f00, [Appearance] 0
02-24 17:05:59.226 10326 10326 D BluetoothExpListController: readyToInsertAnimation :: mIsOnProgressAddVI = false
02-24 17:05:59.226 10326 10326 D BluetoothExpListController: setInsertAnimation :: insert index = 8 , sortedIndex = 13
02-24 17:05:59.231  1636  1897 D BluetoothEventManager: onReceive :: getAction = android.bluetooth.device.action.NAME_CHANGED
02-24 17:05:59.247 10326 10326 I DeviceListPreferenceFragment: putDevicePreferenceMap :: Display name = DeviceName, Device Name = Amazfit Bip Lite
02-24 17:05:59.247 10326 10326 I BluetoothDevicePreference: onDeviceAttributesChanged :: Device = Display name = DeviceName, Device Name = Amazfit Bip LiteisBonded = 10 , mIsOnProgressAddVI = true
02-24 17:05:59.250 10326 10326 D BluetoothExpListAdapter: getGroupView :: groupPosition = 0,  getPreferenceCount = 0 , isExpanded = true
02-24 17:05:59.252  1636  1897 D BluetoothEventManager: onReceive :: getAction = android.bluetooth.device.action.CLASS_CHANGED
02-24 17:05:59.254 10326 10326 D BluetoothExpListAdapter: getGroupView :: groupPosition = 1,  getPreferenceCount = 2 , isExpanded = true
02-24 17:05:59.256 10326 10326 D BluetoothExpListAdapter: getChildView :: Display name = DeviceName, Device Name = Nexus 4isBonded = 12
02-24 17:05:59.258 10326 10326 D CachedBluetoothDevice: getConnectionSummary :: profile ::PAN  connectionStatus::0
02-24 17:05:59.259 10326 10326 D CachedBluetoothDevice: getBtClassDrawable :: Display name = DeviceName, Device Name = Nexus 4, BluetoothClass = 5a020c, Appearance = 0
02-24 17:05:59.261 10326 10326 D BluetoothExpListAdapter: getChildView :: Display name = DeviceName, Device Name = neeratisBonded = 12
02-24 17:05:59.264 10326 10326 D CachedBluetoothDevice: getConnectionSummary :: profile ::PAN  connectionStatus::0
02-24 17:05:59.265 10326 10326 D CachedBluetoothDevice: getBtClassDrawable :: Display name = DeviceName, Device Name = neerat, BluetoothClass = 7a020c, Appearance = 0
02-24 17:05:59.267 10326 10326 D BluetoothExpListAdapter: getGroupView :: groupPosition = 2,  getPreferenceCount = 9 , isExpanded = true
02-24 17:05:59.269 10326 10326 D BluetoothExpListAdapter: getChildView :: Display name = DeviceName, Device Name = Nokia 8210 4GisBonded = 10
02-24 17:05:59.271 10326 10326 D CachedBluetoothDevice: getBtClassDrawable :: Display name = DeviceName, Device Name = Nokia 8210 4G, BluetoothClass = 5a0204, Appearance = 0
02-24 17:05:59.273 10326 10326 D BluetoothExpListAdapter: getChildView :: Display name = DeviceName, Device Name = OPPO Reno8 Pro 5GisBonded = 10
02-24 17:05:59.275 10326 10326 D CachedBluetoothDevice: getBtClassDrawable :: Display name = DeviceName, Device Name = OPPO Reno8 Pro 5G, BluetoothClass = 5a020c, Appearance = 0
02-24 17:05:59.276 10326 10326 D BluetoothExpListAdapter: getChildView :: Display name = DeviceName, Device Name = R90C2KTDisBonded = 10
02-24 17:05:59.278 10326 10326 D CachedBluetoothDevice: getBtClassDrawable :: Display name = DeviceName, Device Name = R90C2KTD, BluetoothClass = 2a010c, Appearance = 0
02-24 17:05:59.280 10326 10326 D BluetoothExpListAdapter: getChildView :: Display name = DeviceName, Device Name = Nokia 3.1isBonded = 10
02-24 17:05:59.283 10326 10326 D CachedBluetoothDevice: getBtClassDrawable :: Display name = DeviceName, Device Name = Nokia 3.1, BluetoothClass = 5a020c, Appearance = 0
02-24 17:05:59.284 10326 10326 D BluetoothExpListAdapter: getChildView :: Display name = DeviceName, Device Name = Nokia 8210 4GisBonded = 10
02-24 17:05:59.286 10326 10326 D CachedBluetoothDevice: getBtClassDrawable :: Display name = DeviceName, Device Name = Nokia 8210 4G, BluetoothClass = 5a0204, Appearance = 0
02-24 17:05:59.288 10326 10326 D BluetoothExpListAdapter: getChildView :: Display name = DeviceName, Device Name = Nokia 8210 isBonded = 10
02-24 17:05:59.290 10326 10326 D CachedBluetoothDevice: getBtClassDrawable :: Display name = DeviceName, Device Name = Nokia 8210 , BluetoothClass = 5a0204, Appearance = 0
02-24 17:05:59.292 10326 10326 D BluetoothExpListAdapter: getChildView :: 72:D7:24:AA:31:XXisBonded = 10
02-24 17:05:59.296 10326 10326 D CachedBluetoothDevice: getBtClassDrawable :: 72:D7:24:AA:31:XX, BluetoothClass = 1f00, Appearance = 0
02-24 17:05:59.298 10326 10326 D BluetoothExpListAdapter: getChildView :: Display name = DeviceName, Device Name = Nokia222isBonded = 10
02-24 17:05:59.300 10326 10326 D CachedBluetoothDevice: getBtClassDrawable :: Display name = DeviceName, Device Name = Nokia222, BluetoothClass = 5a0204, Appearance = 0
02-24 17:05:59.304 10326 10326 D BluetoothExpListController: onAnimationStart ::
02-24 17:05:59.304 10326 10326 D BluetoothExpListController: onAnimationEnd ::
02-24 17:05:59.312 10326 10326 D BluetoothEventManager: onReceive :: getAction = android.bluetooth.device.action.NAME_CHANGED
02-24 17:05:59.323 10326 10326 I BluetoothDevicePreference: onDeviceAttributesChanged :: Device = Display name = DeviceName, Device Name = Amazfit Bip LiteisBonded = 10 , mIsOnProgressAddVI = true
02-24 17:05:59.325 10326 10326 D BluetoothEventManager: onReceive :: getAction = android.bluetooth.device.action.CLASS_CHANGED
02-24 17:05:59.327 10326 10326 I BluetoothDevicePreference: onDeviceAttributesChanged :: Device = Display name = DeviceName, Device Name = Amazfit Bip LiteisBonded = 10 , mIsOnProgressAddVI = true
02-24 17:05:59.816 10326 10326 D BluetoothExpListController: handleMessage :: Finish animation loop
02-24 17:05:59.817 10326 10326 D BluetoothExpListController: handleMessage :: mNeedUpdatePreference is true
02-24 17:05:59.833 10326 10326 D BluetoothExpListAdapter: getGroupView :: groupPosition = 0,  getPreferenceCount = 0 , isExpanded = true
02-24 17:05:59.842 10326 10326 D BluetoothExpListAdapter: getGroupView :: groupPosition = 1,  getPreferenceCount = 2 , isExpanded = true
02-24 17:05:59.846 10326 10326 D BluetoothExpListAdapter: getChildView :: Display name = DeviceName, Device Name = Nexus 4isBonded = 12
02-24 17:05:59.850 10326 10326 D CachedBluetoothDevice: getConnectionSummary :: profile ::PAN  connectionStatus::0
02-24 17:05:59.851 10326 10326 D CachedBluetoothDevice: getBtClassDrawable :: Display name = DeviceName, Device Name = Nexus 4, BluetoothClass = 5a020c, Appearance = 0
02-24 17:05:59.855 10326 10326 D BluetoothExpListAdapter: getChildView :: Display name = DeviceName, Device Name = neeratisBonded = 12
02-24 17:05:59.857 10326 10326 D CachedBluetoothDevice: getConnectionSummary :: profile ::PAN  connectionStatus::0
02-24 17:05:59.859 10326 10326 D CachedBluetoothDevice: getBtClassDrawable :: Display name = DeviceName, Device Name = neerat, BluetoothClass = 7a020c, Appearance = 0
02-24 17:05:59.863 10326 10326 D BluetoothExpListAdapter: getGroupView :: groupPosition = 2,  getPreferenceCount = 9 , isExpanded = true
02-24 17:05:59.867 10326 10326 D BluetoothExpListAdapter: getChildView :: Display name = DeviceName, Device Name = Nokia 8210 4GisBonded = 10
02-24 17:05:59.871 10326 10326 D CachedBluetoothDevice: getBtClassDrawable :: Display name = DeviceName, Device Name = Nokia 8210 4G, BluetoothClass = 5a0204, Appearance = 0
02-24 17:05:59.873 10326 10326 D BluetoothExpListAdapter: getChildView :: Display name = DeviceName, Device Name = OPPO Reno8 Pro 5GisBonded = 10
02-24 17:05:59.876 10326 10326 D CachedBluetoothDevice: getBtClassDrawable :: Display name = DeviceName, Device Name = OPPO Reno8 Pro 5G, BluetoothClass = 5a020c, Appearance = 0
02-24 17:05:59.879 10326 10326 D BluetoothExpListAdapter: getChildView :: Display name = DeviceName, Device Name = R90C2KTDisBonded = 10
02-24 17:05:59.883 10326 10326 D CachedBluetoothDevice: getBtClassDrawable :: Display name = DeviceName, Device Name = R90C2KTD, BluetoothClass = 2a010c, Appearance = 0
02-24 17:05:59.885 10326 10326 D BluetoothExpListAdapter: getChildView :: Display name = DeviceName, Device Name = Nokia 3.1isBonded = 10
02-24 17:05:59.888 10326 10326 D CachedBluetoothDevice: getBtClassDrawable :: Display name = DeviceName, Device Name = Nokia 3.1, BluetoothClass = 5a020c, Appearance = 0
02-24 17:05:59.891 10326 10326 D BluetoothExpListAdapter: getChildView :: Display name = DeviceName, Device Name = Nokia 8210 4GisBonded = 10
02-24 17:05:59.895 10326 10326 D CachedBluetoothDevice: getBtClassDrawable :: Display name = DeviceName, Device Name = Nokia 8210 4G, BluetoothClass = 5a0204, Appearance = 0
02-24 17:05:59.897 10326 10326 D BluetoothExpListAdapter: getChildView :: Display name = DeviceName, Device Name = Nokia 8210 isBonded = 10
02-24 17:05:59.900 10326 10326 D CachedBluetoothDevice: getBtClassDrawable :: Display name = DeviceName, Device Name = Nokia 8210 , BluetoothClass = 5a0204, Appearance = 0
02-24 17:05:59.903 10326 10326 D BluetoothExpListAdapter: getChildView :: 72:D7:24:AA:31:XXisBonded = 10
02-24 17:05:59.910 10326 10326 D CachedBluetoothDevice: getBtClassDrawable :: 72:D7:24:AA:31:XX, BluetoothClass = 1f00, Appearance = 0
02-24 17:05:59.914 10326 10326 D BluetoothExpListAdapter: getChildView :: Display name = DeviceName, Device Name = Nokia222isBonded = 10
02-24 17:05:59.920 10326 10326 D CachedBluetoothDevice: getBtClassDrawable :: Display name = DeviceName, Device Name = Nokia222, BluetoothClass = 5a0204, Appearance = 0
02-24 17:06:00.004  2660  2660 I Launcher: onReceive: com.samsung.action.EVERY_MINUTE_CLOCK_UPDATE
02-24 17:06:00.008  1636  1636 D KeyguardUpdateMonitor: received broadcast android.intent.action.TIME_TICK, #start
02-24 17:06:00.008  1636  1636 D KeyguardUpdateMonitor: received broadcast android.intent.action.TIME_TICK, #end
02-24 17:06:00.008  1636  1636 D KeyguardUpdateMonitor: handleTimeUpdate#start : size=35
02-24 17:06:00.008  1636  1636 D KeyguardServiceBoxPageAdapter: mPageCacheMap.size() : 2
02-24 17:06:00.008  1636  1636 D KeyguardServiceBoxPageAdapter: viewName : servicebox_clock
02-24 17:06:00.009  1636  1636 D KeyguardServiceBoxPageAdapter: refreshViews#start
02-24 17:06:00.009  1636  1636 D KeyguardServiceBoxPageAdapter: refreshViews#end
02-24 17:06:00.009  1636  1636 D KeyguardServiceBoxPageAdapter: viewName : servicebox_music
02-24 17:06:00.009  1636  1636 D KeyguardServiceBoxPageAdapter: refreshViews#start
02-24 17:06:00.009  1636  1636 D KeyguardServiceBoxPageAdapter: refreshViews#end
02-24 17:06:00.009  1636  1636 D KeyguardUpdateMonitor: handleTimeUpdate#end
02-24 17:06:00.012  1636  1636 D SystemUI_Clock: Clock received ACTION_TIME_TICK : start
02-24 17:06:00.012  1636  1636 D SystemUI_Clock: Clock received ACTION_TIME_TICK : end
02-24 17:06:00.020  2660  2660 I IconView: applyFromShortcutInfo - start GetLive : com.samsung.android.calendar
02-24 17:06:00.021  2660  2660 I IconView: applyFromShortcutInfo - end GetLive : com.samsung.android.calendar
02-24 17:06:00.022  2660  2660 I IconView: applyFromApplicationInfo - start GetLive : com.sec.android.app.clockpackage
02-24 17:06:00.030  1636  1636 D SystemUI_Clock: Clock received ACTION_TIME_TICK : start
02-24 17:06:00.030  2660  2660 D Qmage   : NewFromStream
02-24 17:06:00.031  2660  2660 D Qmage   : ParseHeader
02-24 17:06:00.031  1636  1636 D SystemUI_Clock: Clock received ACTION_TIME_TICK : end
02-24 17:06:00.031  2660  2660 D Qmage   : decode QG
02-24 17:06:00.031  2660  2660 D Qmage   : QuramQmageDecParseHeader s
02-24 17:06:00.031  2660  2660 D Qmage   : QuramQmageDecParseHeader e
02-24 17:06:00.031  2660  2660 D Qmage   : colorType 4
02-24 17:06:00.031  2660  2660 D Qmage   : kPremul_SkAlphaType
02-24 17:06:00.031  2660  2660 D Qmage   : requestedInfo kPremul_SkAlphaType
02-24 17:06:00.031  2660  2660 D Qmage   : requestedInfo k32_SkColorType
02-24 17:06:00.031  2660  2660 D Qmage   : conversion_possible s
02-24 17:06:00.031  2660  2660 D Qmage   : Qmage colorType: 4
02-24 17:06:00.031  2660  2660 D Qmage   : Qmage width height: 72, 72
02-24 17:06:00.031  2660  2660 D Qmage   : Qmage bpp: 4
02-24 17:06:00.031  2660  2660 D Qmage   : storage.reset: 20736
02-24 17:06:00.031  2660  2660 D Qmage   : SampleConf.Crop : 1
02-24 17:06:00.031  2660  2660 D Qmage   : SampleConf.Scale : 0
02-24 17:06:00.031  2660  2660 D Qmage   : QuramQmageDecodeFrame.start
02-24 17:06:00.032  2660  2660 D Qmage   : QuramQmageDecodeFrame.end
02-24 17:06:00.033  2660  2660 D Qmage   : destroyReadStruct
02-24 17:06:00.035  2660  2660 D ApplicationPackageManager: we has com.sec.android.app.clockpackage class. reuse it
02-24 17:06:00.035  2660  2660 D LiveIconLoader: getLiveIcon was called in ClockPackage
02-24 17:06:00.037  2660  3451 D Qmage   : NewFromStream
02-24 17:06:00.037  2660  3451 D Qmage   : ParseHeader
02-24 17:06:00.037  2660  3451 D Qmage   : decode QG
02-24 17:06:00.037  2660  3451 D Qmage   : QuramQmageDecParseHeader s
02-24 17:06:00.037  2660  3451 D Qmage   : QuramQmageDecParseHeader e
02-24 17:06:00.037  2660  3451 D Qmage   : colorType 4
02-24 17:06:00.037  2660  3451 D Qmage   : kPremul_SkAlphaType
02-24 17:06:00.037  2660  3451 D Qmage   : requestedInfo kPremul_SkAlphaType
02-24 17:06:00.037  2660  3451 D Qmage   : requestedInfo k32_SkColorType
02-24 17:06:00.037  2660  3451 D Qmage   : conversion_possible s
02-24 17:06:00.037  2660  3451 D Qmage   : Qmage colorType: 4
02-24 17:06:00.037  2660  3451 D Qmage   : Qmage width height: 72, 72
02-24 17:06:00.037  2660  3451 D Qmage   : Qmage bpp: 4
02-24 17:06:00.037  2660  3451 D Qmage   : storage.reset: 20736
02-24 17:06:00.037  2660  3451 D Qmage   : SampleConf.Crop : 1
02-24 17:06:00.037  2660  3451 D Qmage   : SampleConf.Scale : 0
02-24 17:06:00.037  2660  3451 D Qmage   : QuramQmageDecodeFrame.start
02-24 17:06:00.038  2660  3451 D Qmage   : QuramQmageDecodeFrame.end
02-24 17:06:00.039  2660  3451 D Qmage   : destroyReadStruct
02-24 17:06:00.042  2660  3451 D ApplicationPackageManager: we has com.samsung.android.calendar class. reuse it
02-24 17:06:00.042  2660  3096 D ApplicationPackageManager: we has com.sec.android.app.clockpackage class. reuse it
02-24 17:06:00.043  2660  2660 D LiveIconLoader: getLiveIcon res = com.sec.android.app.clockpackage
02-24 17:06:00.043  2660  3096 D LiveIconLoader: getLiveIcon was called in ClockPackage
02-24 17:06:00.044  2660  3096 D LiveIconLoader: getLiveIcon res = com.sec.android.app.clockpackage
02-24 17:06:00.044  2660  3451 D Qmage   : NewFromStream
02-24 17:06:00.044  2660  3451 D Qmage   : ParseHeader
02-24 17:06:00.044  2660  3451 D Qmage   : decode QG
02-24 17:06:00.044  2660  3451 D Qmage   : QuramQmageDecParseHeader s
02-24 17:06:00.045  2660  3451 D Qmage   : QuramQmageDecParseHeader e
02-24 17:06:00.045  2660  3451 D Qmage   : colorType 4
02-24 17:06:00.045  2660  3451 D Qmage   : kPremul_SkAlphaType
02-24 17:06:00.045  2660  3451 D Qmage   : requestedInfo kPremul_SkAlphaType
02-24 17:06:00.045  2660  3451 D Qmage   : requestedInfo k32_SkColorType
02-24 17:06:00.045  2660  3451 D Qmage   : conversion_possible s
02-24 17:06:00.045  2660  3451 D Qmage   : Qmage colorType: 4
02-24 17:06:00.045  2660  3451 D Qmage   : Qmage width height: 72, 72
02-24 17:06:00.045  2660  3451 D Qmage   : Qmage bpp: 4
02-24 17:06:00.045  2660  3451 D Qmage   : storage.reset: 20736
02-24 17:06:00.045  2660  3451 D Qmage   : SampleConf.Crop : 1
02-24 17:06:00.045  2660  3451 D Qmage   : SampleConf.Scale : 0
02-24 17:06:00.045  2660  3451 D Qmage   : QuramQmageDecodeFrame.start
02-24 17:06:00.045  2660  3451 D Qmage   : QuramQmageDecodeFrame.end
02-24 17:06:00.045  2660  3096 D LiveIconLoader: stdIconSize : 54 , targetIconSize : 81
02-24 17:06:00.045  2660  3096 D LiveIconLoader: mIconDpi : 320 , mTargetIconDpi : 180
02-24 17:06:00.045  2660  2660 D LiveIconLoader: stdIconSize : 54 , targetIconSize : 81
02-24 17:06:00.046  2660  2660 D LiveIconLoader: mIconDpi : 320 , mTargetIconDpi : 180
02-24 17:06:00.047  2660  3451 D Qmage   : destroyReadStruct
02-24 17:06:00.049  2660  2660 D Qmage   : NewFromStream
02-24 17:06:00.049  2660  2660 D Qmage   : ParseHeader
02-24 17:06:00.049  2660  2660 D Qmage   : decode QG
02-24 17:06:00.049  2660  2660 D Qmage   : QuramQmageDecParseHeader s
02-24 17:06:00.049  2660  2660 D Qmage   : QuramQmageDecParseHeader e
02-24 17:06:00.049  2660  2660 D Qmage   : colorType 4
02-24 17:06:00.049  2660  2660 D Qmage   : kPremul_SkAlphaType
02-24 17:06:00.049  2660  2660 D Qmage   : requestedInfo kPremul_SkAlphaType
02-24 17:06:00.049  2660  2660 D Qmage   : requestedInfo k32_SkColorType
02-24 17:06:00.049  2660  2660 D Qmage   : conversion_possible s
02-24 17:06:00.049  2660  2660 D Qmage   : Qmage colorType: 4
02-24 17:06:00.049  2660  2660 D Qmage   : Qmage width height: 144, 144
02-24 17:06:00.049  2660  2660 D Qmage   : Qmage bpp: 4
02-24 17:06:00.049  2660  2660 D Qmage   : storage.reset: 82944
02-24 17:06:00.049  2660  2660 D Qmage   : SampleConf.Crop : 1
02-24 17:06:00.050  2660  2660 D Qmage   : SampleConf.Scale : 0
02-24 17:06:00.050  2660  2660 D Qmage   : QuramQmageDecodeFrame.start
02-24 17:06:00.053  2660  2660 D Qmage   : QuramQmageDecodeFrame.end
02-24 17:06:00.054  2660  3096 D Qmage   : NewFromStream
02-24 17:06:00.054  2660  3096 D Qmage   : ParseHeader
02-24 17:06:00.055  2660  3096 D Qmage   : decode QG
02-24 17:06:00.055  2660  3096 D Qmage   : QuramQmageDecParseHeader s
02-24 17:06:00.055  2660  3096 D Qmage   : QuramQmageDecParseHeader e
02-24 17:06:00.055  2660  3096 D Qmage   : colorType 4
02-24 17:06:00.055  2660  3096 D Qmage   : kPremul_SkAlphaType
02-24 17:06:00.055  2660  3096 D Qmage   : requestedInfo kPremul_SkAlphaType
02-24 17:06:00.055  2660  3096 D Qmage   : requestedInfo k32_SkColorType
02-24 17:06:00.055  2660  3096 D Qmage   : conversion_possible s
02-24 17:06:00.055  2660  2660 D Qmage   : destroyReadStruct
02-24 17:06:00.055  2660  3096 D Qmage   : Qmage colorType: 4
02-24 17:06:00.055  2660  3096 D Qmage   : Qmage width height: 144, 144
02-24 17:06:00.055  2660  3096 D Qmage   : Qmage bpp: 4
02-24 17:06:00.055  2660  3096 D Qmage   : storage.reset: 82944
02-24 17:06:00.055  2660  3096 D Qmage   : SampleConf.Crop : 1
02-24 17:06:00.055  2660  3096 D Qmage   : SampleConf.Scale : 0
02-24 17:06:00.055  2660  3096 D Qmage   : QuramQmageDecodeFrame.start
02-24 17:06:00.057  2660  3096 D Qmage   : QuramQmageDecodeFrame.end
02-24 17:06:00.058  2660  3096 D Qmage   : destroyReadStruct
02-24 17:06:00.059  2660  3451 I ApplicationPackageManager: load= live icon for com.samsung.android.calendar, from overlay = false
02-24 17:06:00.060  1636  1636 D TextClock: TextClock received ACTION_TIME_TICK : start
02-24 17:06:00.065  2660  3451 I LiveIconFactory: onFutureDone: done: com.samsung.android.calendar,UserHandle{0}
02-24 17:06:00.065  2660  3451 D LiveIconManager: onResponseLiveIcon:
02-24 17:06:00.066  1636  1636 D TextClock: TextClock received ACTION_TIME_TICK : end
02-24 17:06:00.068  2660  2660 I ApplicationPackageManager: load= live icon for com.sec.android.app.clockpackage, from overlay = false
02-24 17:06:00.069  1636  1636 D TextClock: TextClock received ACTION_TIME_TICK : start
02-24 17:06:00.070  2660  3096 I ApplicationPackageManager: load= live icon for com.sec.android.app.clockpackage, from overlay = false
02-24 17:06:00.071  1636  1636 D TextClock: TextClock received ACTION_TIME_TICK : end
02-24 17:06:00.072  2660  2660 I LiveIconManager: getLiveIcon: complete(sync_created)
02-24 17:06:00.072  2660  2660 I IconView: applyFromApplicationInfo - end GetLive : com.sec.android.app.clockpackage
02-24 17:06:00.074  2660  2660 I IconView: applyFromApplicationInfo - start GetLive : com.samsung.android.calendar
02-24 17:06:00.075  2660  2660 I IconView: applyFromApplicationInfo - end GetLive : com.samsung.android.calendar
02-24 17:06:00.075  2660  3096 I LiveIconFactory: onFutureDone: done: com.sec.android.app.clockpackage,UserHandle{0}
02-24 17:06:00.075  2660  3096 D LiveIconManager: onResponseLiveIcon:
02-24 17:06:00.093  1636  1636 D TextClock: TextClock received ACTION_TIME_TICK : start
02-24 17:06:00.094  1636  1636 D TextClock: TextClock received ACTION_TIME_TICK : end
02-24 17:06:00.112  1636  1636 D SystemUI_DateView: DateView received ACTION_TIME_TICK : start
02-24 17:06:00.112  1636  1636 D SystemUI_DateView: DateView received ACTION_TIME_TICK : end
02-24 17:06:00.117  1636  1636 D DateTimeView: DateTimeView received ACTION_TIME_TICK : start
02-24 17:06:00.119  1636  1636 D DateTimeView: DateTimeView received ACTION_TIME_TICK : end
02-24 17:06:00.122  2660  2660 D TextClock: TextClock received ACTION_TIME_TICK : start
02-24 17:06:00.123  2660  2660 D TextClock: TextClock received ACTION_TIME_TICK : end
02-24 17:06:00.127  2660  2660 D TextClock: TextClock received ACTION_TIME_TICK : start
02-24 17:06:00.127  2660  2660 D TextClock: TextClock received ACTION_TIME_TICK : end
02-24 17:06:00.131  2660  2660 D TextClock: TextClock received ACTION_TIME_TICK : start
02-24 17:06:00.131  2660  2660 D TextClock: TextClock received ACTION_TIME_TICK : end
02-24 17:06:00.135  2660  2660 D TextClock: TextClock received ACTION_TIME_TICK : start
02-24 17:06:00.137  2660  2660 D TextClock: TextClock received ACTION_TIME_TICK : end
02-24 17:06:00.139  2660  2660 D TextClock: TextClock received ACTION_TIME_TICK : start
02-24 17:06:00.140  2660  2660 D TextClock: TextClock received ACTION_TIME_TICK : end
02-24 17:06:00.141  2660  2660 D TextClock: TextClock received ACTION_TIME_TICK : start
02-24 17:06:00.142  2660  2660 D TextClock: TextClock received ACTION_TIME_TICK : end
02-24 17:06:00.145  2660  2660 D TextClock: TextClock received ACTION_TIME_TICK : start
02-24 17:06:00.145  2660  2660 D TextClock: TextClock received ACTION_TIME_TICK : end
02-24 17:06:00.148  2660  2660 D TextClock: TextClock received ACTION_TIME_TICK : start
02-24 17:06:00.148  2660  2660 D TextClock: TextClock received ACTION_TIME_TICK : end
02-24 17:06:00.151  2660  2660 D TextClock: TextClock received ACTION_TIME_TICK : start
02-24 17:06:00.152  2660  2660 D TextClock: TextClock received ACTION_TIME_TICK : end
02-24 17:06:00.156  2660  2660 D TextClock: TextClock received ACTION_TIME_TICK : start
02-24 17:06:00.156  2660  2660 D TextClock: TextClock received ACTION_TIME_TICK : end
02-24 17:06:00.159  2660  2660 D TextClock: TextClock received ACTION_TIME_TICK : start
02-24 17:06:00.159  2660  2660 D TextClock: TextClock received ACTION_TIME_TICK : end
02-24 17:06:00.161  2660  2660 D TextClock: TextClock received ACTION_TIME_TICK : start
02-24 17:06:00.161  2660  2660 D TextClock: TextClock received ACTION_TIME_TICK : end
02-24 17:06:00.165  2660  2660 D TextClock: TextClock received ACTION_TIME_TICK : start
02-24 17:06:00.167  2660  2660 D TextClock: TextClock received ACTION_TIME_TICK : end
02-24 17:06:00.170  2660  2660 D TextClock: TextClock received ACTION_TIME_TICK : start
02-24 17:06:00.171  2660  2660 D TextClock: TextClock received ACTION_TIME_TICK : end
02-24 17:06:00.173  2660  2660 D TextClock: TextClock received ACTION_TIME_TICK : start
02-24 17:06:00.174  2660  2660 D TextClock: TextClock received ACTION_TIME_TICK : end
02-24 17:06:00.175  2660  2660 D TextClock: TextClock received ACTION_TIME_TICK : start
02-24 17:06:00.176  2660  2660 D TextClock: TextClock received ACTION_TIME_TICK : end
02-24 17:06:00.178  2660  2660 D TextClock: TextClock received ACTION_TIME_TICK : start
02-24 17:06:00.179  2660  2660 D TextClock: TextClock received ACTION_TIME_TICK : end
02-24 17:06:00.181  2660  2660 D TextClock: TextClock received ACTION_TIME_TICK : start
02-24 17:06:00.182  2660  2660 D TextClock: TextClock received ACTION_TIME_TICK : end
02-24 17:06:00.184  1636  1636 D TextClock: TextClock received ACTION_TIME_TICK : start
02-24 17:06:00.185  1636  1636 D TextClock: TextClock received ACTION_TIME_TICK : end
02-24 17:06:00.191  1636  1636 D TextClock: TextClock received ACTION_TIME_TICK : start
02-24 17:06:00.191  1636  1636 D TextClock: TextClock received ACTION_TIME_TICK : end
02-24 17:06:00.194  1636  1636 D TextClock: TextClock received ACTION_TIME_TICK : start
02-24 17:06:00.195  1636  1636 D TextClock: TextClock received ACTION_TIME_TICK : end
02-24 17:06:00.198  1636  1636 D TextClock: TextClock received ACTION_TIME_TICK : start
02-24 17:06:00.198  1636  1636 D TextClock: TextClock received ACTION_TIME_TICK : end
02-24 17:06:00.202 15462 15462 D [WeatherWidget(15121)]  WeatherService: {[B73D43639EB27FAA34EF41A6129C1FA787B8DDA06B4FC8C3DFFF289A8228DE1D07957C4CB0877FB29CB85D37C68D39BF076A5D6720D2DA7CE46EF7EA2858EC07]}
02-24 17:06:00.203 15462 15462 D [WeatherWidget(15121)]  : {[3AE6950019B083611567B0F9442DB03E36B37708FCADB7FDDBA670B1362D994454BFFFDA2568816BBDDA6DD60F644DCF]}
02-24 17:06:00.204 15462 15462 D [WeatherWidget(15121)]  DB L2: {[610591C4E30FED4A153FF198DAC84EFEE3319B0D622FD4A19809E90ED3C1398368D658B139FCCB8B9564F5B4E9CB634E5A33668E7EB5287F38BEB5210FDAF7EC]}
