02-23 11:35:33.426 16955 16955 D ViewRootImpl@15b4fd[GalaxyFinderActivity]: Relayout returned: oldFrame=[0,0][768,1024] newFrame=[0,0][768,1024] result=0x1 surface={isValid=true -1605525504} surfaceGenerationChanged=false
02-23 11:35:33.459   733  2434 D InputDispatcher: Focused application set to: xxxx
02-23 11:35:33.461   733  2434 D ActivityTrigger: activityResumeTrigger: The activity in ApplicationInfo{bafe90c com.android.settings} is now in focus and seems to be in full-screen mode
02-23 11:35:33.461   733  2434 E ActivityTrigger: activityResumeTrigger: not whiteListedcom.android.settings/com.android.settings.Settings/25
02-23 11:35:33.462   733  2434 D ActivityTrigger: ActivityTrigger activityPauseTrigger
02-23 11:35:33.464   733  2434 D ActivityTrigger: activityResumeTrigger: The activity in ApplicationInfo{bafe90c com.android.settings} is now in focus and seems to be in full-screen mode
02-23 11:35:33.464   733  2434 E ActivityTrigger: activityResumeTrigger: not whiteListedcom.android.settings/com.android.settings.Settings/25
02-23 11:35:33.476   733  2698 W MultiScreenManagerService: moveTaskBackToDisplayIfNeeded(): root is not base activity
02-23 11:35:33.476   286   286 D SurfaceFlinger:   Display[0] configurations (* current):
02-23 11:35:33.476   286   286 D SurfaceFlinger:     * 0: 768x1024, xdpi=159.895004, ydpi=159.567993, refresh=16666667
02-23 11:35:33.476   286   286 D SurfaceFlinger:   numHwLayers=5, flags=00000000
02-23 11:35:33.476   286   286 D SurfaceFlinger:     type   |  handle  | hint | flag | tr | blnd |   format    |     source crop (l,t,r,b)      |          frame         | name
02-23 11:35:33.476   286   286 D SurfaceFlinger: -----------+----------+------+------+----+------+-------------+--------------------------------+------------------------+------
02-23 11:35:33.476   286   286 D SurfaceFlinger:        HWC | aecc4300 | 0002 | 0000 | 00 | 0100 | RGB_888     |    0.0,    0.0,  768.0, 1024.0 |    0,    0,  768, 1024 | com.android.systemui.ImageWallpaper
02-23 11:35:33.476   286   286 D SurfaceFlinger:       GLES | 00000000 | 0000 | 0001 | 00 | 0105 | ? ffffffff  |    0.0,    0.0,   -1.0,   -1.0 |    0,    0,  768, 1024 | DimLayerController/Stack=0
02-23 11:35:33.476   286   286 D SurfaceFlinger:       GLES | aecc4060 | 0000 | 0000 | 00 | 0105 | RGBA_8888   |    0.0,    0.0,  768.0, 1024.0 |    0,    0,  768, 1024 | com.samsung.android.app.galaxyfinder/com.samsung.android.app.galaxyfinder.GalaxyFinderActivity
02-23 11:35:33.476   286   286 D SurfaceFlinger:       GLES | aecc42a0 | 0000 | 0000 | 00 | 0105 | RGBA_8888   |    0.0,    0.0,  768.0,   27.0 |
02-23 11:35:33.476   286   286 D SurfaceFlinger: 0,    0,  768,   27 | StatusBar
02-23 11:35:33.476   286   286 D SurfaceFlinger:  FB TARGET | b2822620 | 0000 | 0000 | 00 | 0105 | RGBA_8888   |    0.0,    0.0,  768.0, 1024.0 |    0,    0,  768, 1024 | HWC_FRAMEBUFFER_TARGET
02-23 11:35:33.484   286  4278 I SurfaceFlinger: id=1096 Removed InputMethod (3/6)
02-23 11:35:33.485   286  2318 I SurfaceFlinger: id=1096 Removed InputMethod (-2/6)
02-23 11:35:33.557   733 28804 D ActivityTrigger: activityResumeTrigger: The activity in ApplicationInfo{bafe90c com.android.settings} is now in focus and seems to be in full-screen mode
02-23 11:35:33.557   733 28804 E ActivityTrigger: activityResumeTrigger: not whiteListedcom.android.settings/com.android.settings.Settings/25
02-23 11:35:33.568 10326 16973 I com.samsung.android.settings.UCMHelpUtils: isSmartCardAuthenticationAvailable: false
02-23 11:35:33.568 10326 16973 D com.samsung.android.settings.UCMHelpUtils: isSmartcardAvailable : false
02-23 11:35:33.574   286   306 I SurfaceFlinger: id=1079 Removed com.android.settings/com.android.settings.Settings (3/5)
02-23 11:35:33.574   286  4278 I SurfaceFlinger: id=1079 Removed com.android.settings/com.android.settings.Settings (-2/5)
02-23 11:35:33.581 10326 10326 D ViewRootImpl@42a22a0[Settings]: mHardwareRenderer.destroy()#1
02-23 11:35:33.602 10326 10326 D ViewRootImpl@42a22a0[Settings]: Relayout returned: oldFrame=[0,0][768,1024] newFrame=[0,0][768,1024] result=0x1 surface={isValid=false 0} surfaceGenerationChanged=false
02-23 11:35:33.622 10326 10326 D DashboardSummary: onStart took 0 ms
02-23 11:35:33.648 10326 10326 D SamsungAnalytics: [QueueManager] queue size over. remove oldest log
02-23 11:35:33.648 10326 10326 D SamsungAnalytics: [DLCBinder] already send register request
02-23 11:35:33.650 10326 10326 D SamsungAnalytics: [QueueManager] queue size over. remove oldest log
02-23 11:35:33.650 10326 10326 D SamsungAnalytics: [DLCBinder] already send register request
02-23 11:35:33.659   286   286 D SurfaceFlinger:   Display[0] configurations (* current):
02-23 11:35:33.659   286   286 D SurfaceFlinger:     * 0: 768x1024, xdpi=159.895004, ydpi=159.567993, refresh=16666667
02-23 11:35:33.659   286   286 D SurfaceFlinger:   numHwLayers=4, flags=00000000
02-23 11:35:33.659   286   286 D SurfaceFlinger:     type   |  handle  | hint | flag | tr | blnd |   format    |     source crop (l,t,r,b)      |          frame         | name
02-23 11:35:33.659   286   286 D SurfaceFlinger: -----------+----------+------+------+----+------+-------------+--------------------------------+------------------------+------
02-23 11:35:33.659   286   286 D SurfaceFlinger:        HWC | aecc4300 | 0002 | 0000 | 00 | 0100 | RGB_888     |    0.0,    0.0,  768.0, 1024.0 |    0,    0,  768, 1024 | com.android.systemui.ImageWallpaper
02-23 11:35:33.659   286   286 D SurfaceFlinger:        HWC | aecc45a0 | 0002 | 0000 | 00 | 0105 | RGBA_8888   |    0.0,    0.0,  768.0, 1024.0 |    0,    0,  768, 1024 | com.samsung.android.app.galaxyfinder/com.samsung.android.app.galaxyfinder.GalaxyFinderActivity
02-23 11:35:33.659   286   286 D SurfaceFlinger:        HWC | aecc42a0 | 0002 | 0000 | 00 | 0105 | RGBA_8888   |    0.0,    0.0,  768.0,   27.0 |    0,    0,  768,   27 | StatusBar
02-23 11:35:33.659   286   286 D SurfaceFlinger:  FB TARGET | b2822560 | 0000 | 0000 | 00 | 0105 | RGBA_8888   |    0.0,    0.0,  768.0, 1024.0 |    0,    0,  768, 10
02-23 11:35:33.659   286   286 D SurfaceFlinger: 24 | HWC_FRAMEBUFFER_TARGET
02-23 11:35:33.659 10326 10326 D SamsungAnalytics: [QueueManager] queue size over. remove oldest log
02-23 11:35:33.659 10326 10326 D SamsungAnalytics: [DLCBinder] already send register request
02-23 11:35:33.660 10326 10326 D SamsungAnalytics: [QueueManager] queue size over. remove oldest log
02-23 11:35:33.660 10326 10326 D SamsungAnalytics: [DLCBinder] already send register request
02-23 11:35:33.662   733  2628 D SecContentProvider2: query(), uri = 20 selection = isWifiStateChangeAllowed
02-23 11:35:33.669   733  2700 D SecContentProvider: query(), uri = 18 selection = isWifiEnabled
02-23 11:35:33.678 10326 10326 W Settings: Setting location_providers_allowed has moved from android.provider.Settings.System to android.provider.Settings.Secure, returning Secure URI.
02-23 11:35:33.680 10326 10326 I LocationSettingsBase: Location mode has been changed
02-23 11:35:33.681   733  2434 D SecContentProvider: query(), uri = 17 selection = isSettingsChangesAllowed
02-23 11:35:33.684   733   759 D SecContentProvider: query(), uri = 12 selection = isLocationProviderBlocked
02-23 11:35:33.686   733  2456 D SecContentProvider: query(), uri = 12 selection = isLocationProviderBlocked
02-23 11:35:33.689   733  2698 D SecContentProvider: query(), uri = 12 selection = isGPSStateChangeAllowed
02-23 11:35:33.690 10326 10326 I LocationSettingsBase: isSettingsChangesAllowed = -1, isLocationProviderBlockedGPS = -1, isLocationProviderBlockedNetwork = -1, isLocationGPSStateChangeAllowed = -1
02-23 11:35:33.690 10326 10326 I LocationSettingsBase: isRestricted()   mdmRestricted= false UserRestricted = false
02-23 11:35:33.691 10326 10326 I LocationSettingsEnabler: onModeChanged : mSwitch = false
02-23 11:35:33.699   733  1712 D SecContentProvider: query(), uri = 3 selection = isBluetoothEnabled
02-23 11:35:33.701 10326 10326 D BluetoothEnabler: handleStateChanged:: state : 10
02-23 11:35:33.709  4234  4248 I [+5]oneconnect[1.7.65.43_01][CORE]: ExternalSettingsProvider.getCachedValue - key:device_visibility_enabled - ($)
02-23 11:35:33.717 10326 10326 D WifiCalling: isEnabledWifiCallingActivity: false
02-23 11:35:33.718 10326 10326 D Settings_Utils: isHideMobileNetworks: isEnabled = 0
02-23 11:35:33.720 10326 10326 I Settings_Utils: disable_offslot SIM1 Status : ABSENT, SIM2 Status : NOTREADY
02-23 11:35:33.720 10326 10326 I Settings_Utils: disable_offslot SIM1 icc_type : true, SIM2 icc_type : true
02-23 11:35:33.727   733  2633 D ActivityManager: post active user change for 0 fullscreen true isHomeActivity() false
02-23 11:35:33.742   286   286 I SurfaceFlinger: id=1097 createSurf (768x1024),1 flag=404, com.android.settings/com.android.settings.Settings
02-23 11:35:33.754   733  2699 D InputDispatcher: Focus entered window: 10326
02-23 11:35:33.763 10326 10326 D ViewRootImpl@42a22a0[Settings]: Relayout returned: oldFrame=[0,0][768,1024] newFrame=[0,0][768,1024] result=0x7 surface={isValid=true -2075930624} surfaceGenerationChanged=true
02-23 11:35:33.763 10326 10326 D ViewRootImpl@42a22a0[Settings]: mHardwareRenderer.initialize() mSurface={isValid=true -2075930624} hwInitialized=true
02-23 11:35:33.784 10326 10326 D WifiCalling: isEnabledWifiCallingActivity: false
02-23 11:35:33.785 10326 10326 D Settings_Utils: isHideMobileNetworks: isEnabled = 0
02-23 11:35:33.787 10326 10326 I Settings_Utils: disable_offslot SIM1 Status : ABSENT, SIM2 Status : NOTREADY
02-23 11:35:33.787 10326 10326 I Settings_Utils: disable_offslot SIM1 icc_type : true, SIM2 icc_type : true
02-23 11:35:33.821 17034 17046 D BadgeProvider: query, [selection] : package=? AND class=?
02-23 11:35:33.821 10326 16973 D Jansky::: cscFeature:
02-23 11:35:33.830 10326 10326 I Settings_Utils: getSmartManagerBadgeCount badgeCount : 0
02-23 11:35:33.840  2274  2274 I SKBD    : we writeDBdataToFileOnFinishInput()
02-23 11:35:33.871 10326 10326 D ViewRootImpl@42a22a0[Settings]: MSG_WINDOW_FOCUS_CHANGED 1
02-23 11:35:33.872 10326 10326 D ViewRootImpl@42a22a0[Settings]: mHardwareRenderer.initializeIfNeeded()#2 mSurface={isValid=true -2075930624}
02-23 11:35:33.879 10326 10326 V InputMethodManager: Starting input: tba=android.view.inputmethod.EditorInfo@43f5e9c nm : com.android.settings ic=null
02-23 11:35:33.879 10326 10326 I InputMethodManager: startInputInner - mService.startInputOrWindowGainedFocus
02-23 11:35:33.880   733  2633 D InputMethodManagerService: windowGainedFocus : mCurrentFocusedUserId - 0 and mSecureKeypadEnabled-false
02-23 11:35:33.888   733  2633 V InputMethodManagerService: windowGainedFocus : reason=WINDOW_FOCUS_GAIN client=android.os.BinderProxy@56ad3d2 inputContext=null missingMethods= attribute=android.view.inputmethod.EditorInfo@4ae94af nm = com.android.settings controlFlags=#105 softInputMode=#110 windowFlags=#81810100
02-23 11:35:33.888   733  2633 V InputMethodManagerService: Unspecified window will hide input
02-23 11:35:33.888   733  2633 V InputMethodManagerService: hideCurrentInputLocked : shouldHideSoftInput is false
02-23 11:35:33.889   733  2633 D InputMethodManagerService: isImeSwitcherDisabledPackage : false
02-23 11:35:33.889 16955 16955 D InputTransport: Input channel destroyed: fd=205
02-23 11:35:33.889   733  2633 D InputMethodManagerService: setCurrentInputInfo - inputContext : null eidtorInfo : android.view.inputmethod.EditorInfo@4ae94af missingMethods : 0
02-23 11:35:33.889   733  2633 D InputTransport: Input channel constructed: fd=504
02-23 11:35:33.889   733  2633 D InputTransport: Input channel destroyed: fd=504
02-23 11:35:33.890 10326 10326 D InputTransport: Input channel constructed: fd=68
02-23 11:35:33.890 10326 10326 I SecAirPlaneModeEnabler: onAirplaneModeChanged= true
02-23 11:35:33.904 16955 16979 D OpenGLRenderer: endAllActiveAnimators on 0xa1c0b500 (GridView) with handle 0x818fa6a0
02-23 11:35:33.905 16955 16955 D ViewRootImpl@15b4fd[GalaxyFinderActivity]: mHardwareRenderer.destroy()#1
02-23 11:35:33.919 16955 16955 D ViewRootImpl@15b4fd[GalaxyFinderActivity]: Relayout returned: oldFrame=[0,0][768,1024] newFrame=[0,0][768,1024] result=0x5 surface={isValid=false 0} surfaceGenerationChanged=true
02-23 11:35:33.929   733  2203 D UcmService: getKeyguardStorageForCurrentUser : 0
02-23 11:35:33.929   733  2203 D UcmService: isFileExist : false
02-23 11:35:33.954  2274  2274 I SKBD    : SamsungKeypad [IMI] onStartInput - caller pid : 10326, caller uid : 1000
02-23 11:35:33.992   286   286 D SurfaceFlinger:   Display[0] configurations (* current):
02-23 11:35:33.992   286   286 D SurfaceFlinger:     * 0: 768x1024, xdpi=159.895004, ydpi=159.567993, refresh=16666667
02-23 11:35:33.992   286   286 D SurfaceFlinger:   numHwLayers=5, flags=00000000
02-23 11:35:33.992   286   286 D SurfaceFlinger:     type   |  handle  | hint | flag | tr | blnd |   format    |     source crop (l,t,r,b)      |          frame         | name
02-23 11:35:33.992   286   286 D SurfaceFlinger: -----------+----------+------+------+----+------+-------------+--------------------------------+------------------------+------
02-23 11:35:33.992   286   286 D SurfaceFlinger:        HWC | aecc4300 | 0002 | 0000 | 00 | 0100 | RGB_888     |    0.0,    0.0,  768.0, 1024.0 |    0,    0,  768, 1024 | com.android.systemui.ImageWallpaper
02-23 11:35:33.992   286   286 D SurfaceFlinger:        HWC | aecc47e0 | 0002 | 0000 | 00 | 0105 | RGBA_8888   |   22.0,   28.0,  746.0,  994.0 |    0,    0,  768, 1024 | com.samsung.android.app.galaxyfinder/com.samsung.android.app.galaxyfinder.GalaxyFinderActivity
02-23 11:35:33.992   286   286 D SurfaceFlinger:       GLES | aecc43c0 | 0000 | 0000 | 00 | 0100 | RGBA_8888   |    0.0,    0.0,  768.0, 1023.0 |  141,  188,  626,  834 | com.android.settings/com.android.settings.Settings
02-23 11:35:33.992   286   286 D SurfaceFlinger:       GLES | aecc4180 | 0000 | 0000 | 00 | 0105 | RGBA_8888   |    0.0,    0
02-23 11:35:33.992   286   286 D SurfaceFlinger: .0,  768.0,   27.0 |    0,    0,  768,   27 | StatusBar
02-23 11:35:33.992   286   286 D SurfaceFlinger:  FB TARGET | b28226e0 | 0000 | 0000 | 00 | 0105 | RGBA_8888   |    0.0,    0.0,  768.0, 1024.0 |    0,    0,  768, 1024 | HWC_FRAMEBUFFER_TARGET
02-23 11:35:34.091  1636  1897 D NetworkController.MobileSignalController(0/-2): onSignalStrengthsChanged signalStrength=SignalStrength: 29 99 -120 -160 -120 -1 -1 99 2147483647 2147483647 2147483647 2147483647 2147483647 0x4 gsm|lte level=4
02-23 11:35:34.091  1636  1897 D NetworkController.MobileSignalController(0/-2): getMobileIconGroup(): 0
02-23 11:35:34.141 10326 16973 D InputMethodAndLanguageSettings: isInstalledAnySpellCheckerPakcage = false
02-23 11:35:34.141 10326 16973 D InputMethodAndLanguageSettings: cannot find spellcheckerinfo, tsm=android.view.textservice.TextServicesManager@1503b56
02-23 11:35:34.158 10326 16973 D InputMethodAndLanguageSettings: isInstalledAnySpellCheckerPakcage = false
02-23 11:35:34.158 10326 16973 D InputMethodAndLanguageSettings: cannot find spellcheckerinfo, tsm=android.view.textservice.TextServicesManager@1503b56
02-23 11:35:34.249 10326 16973 D PrivacyResetSettings: Package not found : IQToggle
02-23 11:35:34.250 10326 16973 D PrivacyResetSettings: NameNotFoundException : MyAccount
02-23 11:35:34.343   286   286 D SurfaceFlinger:   Display[0] configurations (* current):
02-23 11:35:34.343   286   286 D SurfaceFlinger:     * 0: 768x1024, xdpi=159.895004, ydpi=159.567993, refresh=16666667
02-23 11:35:34.343   286   286 D SurfaceFlinger:   numHwLayers=3, flags=00000000
02-23 11:35:34.343   286   286 D SurfaceFlinger:     type   |  handle  | hint | flag | tr | blnd |   format    |     source crop (l,t,r,b)      |          frame         | name
02-23 11:35:34.343   286   286 D SurfaceFlinger: -----------+----------+------+------+----+------+-------------+--------------------------------+------------------------+------
02-23 11:35:34.343   286   286 D SurfaceFlinger:        HWC | aecc43c0 | 0002 | 0000 | 00 | 0100 | RGBA_8888   |    0.0,    0.0,  768.0, 1024.0 |    0,    0,  768, 1024 | com.android.settings/com.android.settings.Settings
02-23 11:35:34.343   286   286 D SurfaceFlinger:        HWC | aecc42a0 | 0002 | 0000 | 00 | 0105 | RGBA_8888   |    0.0,    0.0,  768.0,   27.0 |    0,    0,  768,   27 | StatusBar
02-23 11:35:34.343   286   286 D SurfaceFlinger:  FB TARGET | b2822560 | 0000 | 0000 | 00 | 0105 | RGBA_8888   |    0.0,    0.0,  768.0, 1024.0 |    0,    0,  768, 1024 | HWC_FRAMEBUFFER_TARGET
02-23 11:35:34.354  1636  1636 D ImageWallpaper: onVisibilityChanged: mVisible=true visible=false
02-23 11:35:34.354  1636  1636 D ImageWallpaper: Visibility changed to visible=false
02-23 11:35:34.366   733   864 D ActivityTrigger: ActivityTrigger activityStopTrigger
02-23 11:35:34.380   286   306 I SurfaceFlinger: id=1095 Removed com.samsung.android.app.galaxyfinder/com.samsung.android.app.galaxyfinder.GalaxyFinderActivity (2/5)
02-23 11:35:34.381   286  2318 I SurfaceFlinger: id=1095 Removed com.samsung.android.app.galaxyfinder/com.samsung.android.app.galaxyfinder.GalaxyFinderActivity (-2/5)
02-23 11:35:34.393   286   286 W SurfaceFlinger: couldn't log to binary event log: overflow.
02-23 11:35:34.489 10326 16973 E VaultKeeperManager: VaultKeeperService is null
02-23 11:35:34.489 10326 16973 E VaultKeeperManager: Unauthorized Pkg. Manager can't be provided.
02-23 11:35:34.489 10326 16973 I RlcManager: query(void)
02-23 11:35:34.489 10326 16973 E RlcManager: [-5]Error from VaultKeeper Manager is null object
02-23 11:35:34.489 10326 16973 W System.err: com.samsung.android.service.RemoteLockControl.RemoteLockControlException: [-5]Error from VaultKeeper Manager is null object
02-23 11:35:34.489 10326 16973 W System.err: 	at com.samsung.android.service.RemoteLockControl.RemoteLockControlManager.throwException(RemoteLockControlManager.java:116)
02-23 11:35:34.489 10326 16973 W System.err: 	at com.samsung.android.service.RemoteLockControl.RemoteLockControlManager.query(RemoteLockControlManager.java:832)
02-23 11:35:34.489 10326 16973 W System.err: 	at com.android.settings.DevelopmentSettings.showEnableOemUnlockPreference(DevelopmentSettings.java:1269)
02-23 11:35:34.489 10326 16973 W System.err: 	at com.android.settings.DevelopmentSettings.-wrap1(DevelopmentSettings.java)
02-23 11:35:34.489 10326 16973 W System.err: 	at com.android.settings.DevelopmentSettings$2.getNonIndexableKeys(DevelopmentSettings.java:2728)
02-23 11:35:34.489 10326 16973 W System.err: 	at com.android.settings.search.SecMenu.initInnerSubMenu(SecMenu.java:115)
02-23 11:35:34.489 10326 16973 W System.err: 	at com.android.settings.search.SecInnerMenu.initSubMenu(SecInnerMenu.java:34)
02-23 11:35:34.489 10326 16973 W System.err: 	at com.android.settings.search.SecMenutree.initMainMenues(SecMenutree.java:74)
02-23 11:35:34.489 10326 16973 W System.err: 	at com.android.settings.search.SecIndex$UpdateIndexTask.doInBackground(SecIndex.java:623)
02-23 11:35:34.490 10326 16973 W System.err: 	at com.android.settings.search.SecIndex$UpdateIndexTask.doInBackground(SecIndex.java:610)
02-23 11:35:34.490 10326 16973 W System.err: 	at android.os.AsyncTask$2.call(AsyncTask.java:305)
02-23 11:35:34.490 10326 16973 W System.err: 	at java.util.concurrent.FutureTask.run(FutureTask.java:237)
02-23 11:35:34.490 10326 16973 W System.err: 	at android.os.AsyncTask$SerialExecutor$1.run(AsyncTask.java:243)
02-23 11:35:34.490 10326 16973 W System.err: 	at java.util.concurrent.ThreadPoolExecutor.runWorker(ThreadPoolExecutor.java:1133)
02-23 11:35:34.490 10326 16973 W System.err: 	at java.util.concurrent.ThreadPoolExecutor$Worker.run(ThreadPoolExecutor.java:607)
02-23 11:35:34.490 10326 16973 W System.err: 	at java.lang.Thread.run(Thread.java:762)
02-23 11:35:34.555 10326 16973 E CustomizedTextParser: getCustomizedText Rule is empty. mRuleMap={}
02-23 11:35:34.557 10326 16973 E CustomizedTextParser: getCustomizedText Rule is empty. mRuleMap={}
02-23 11:35:34.558 10326 16973 E CustomizedTextParser: getCustomizedText Rule is empty. mRuleMap={}
02-23 11:35:35.167 16901 16923 I System.out: *************************Settings Application found **************************
02-23 11:35:35.211 16901 16923 I QueryController: Matched selector: UiSelector[RESOURCE_ID=com.android.settings:id/dashboard_container] <<==>> [android.view.accessibility.AccessibilityNodeInfo@80008145; boundsInParent: Rect(0, 0 - 338, 934); boundsInScreen: Rect(0, 90 - 338, 1024); packageName: com.android.settings; className: android.support.v7.widget.RecyclerView; text: null; error: null; maxTextLength: -1; contentDescription: null; viewIdResName: com.android.settings:id/dashboard_container; checkable: false; checked: false; focusable: true; focused: true; selected: false; clickable: false; longClickable: false; contextClickable: false; enabled: true; password: false; scrollable: true; actions: [AccessibilityAction: ACTION_CLEAR_FOCUS - null, AccessibilityAction: ACTION_SELECT - null, AccessibilityAction: ACTION_CLEAR_SELECTION - null, AccessibilityAction: ACTION_ACCESSIBILITY_FOCUS - null, AccessibilityAction: ACTION_SCROLL_FORWARD - null, AccessibilityAction: ACTION_SHOW_ON_SCREEN - null]]
02-23 11:35:35.215   733  2460 D InputDispatcher: Inject motion (16888): action=0x0, eventTime=115060675000000, displayId=0
02-23 11:35:35.215   733  1450 I InputDispatcher: Delivering touch to (1636): action: 0x4, toolType: 1
02-23 11:35:35.215   733  1450 I InputDispatcher: Delivering touch to (10326): action: 0x0, toolType: 1
02-23 11:35:35.216 10326 10326 D ViewRootImpl@42a22a0[Settings]: ViewPostImeInputStage processPointer 0
02-23 11:35:35.233   733   760 D InputDispatcher: Inject motion (16888): action=0x1, eventTime=115060693000000, displayId=0
02-23 11:35:35.233   733  1450 I InputDispatcher: Delivering touch to (10326): action: 0x1, toolType: 1
02-23 11:35:35.234 10326 10326 D ViewRootImpl@42a22a0[Settings]: ViewPostImeInputStage processPointer 1
02-23 11:35:35.259 16901 16923 I QueryController: Matched selector: UiSelector[TEXT=Connections] <<==>> [android.view.accessibility.AccessibilityNodeInfo@800333fd; boundsInParent: Rect(0, 0 - 123, 30); boundsInScreen: Rect(85, 107 - 208, 137); packageName: com.android.settings; className: android.widget.TextView; text: Connections; error: null; maxTextLength: -1; contentDescription: null; viewIdResName: android:id/title; checkable: false; checked: false; focusable: false; focused: false; selected: false; clickable: false; longClickable: false; contextClickable: false; enabled: true; password: false; scrollable: false; actions: [AccessibilityAction: ACTION_SELECT - null, AccessibilityAction: ACTION_CLEAR_SELECTION - null, AccessibilityAction: ACTION_ACCESSIBILITY_FOCUS - null, AccessibilityAction: ACTION_NEXT_AT_MOVEMENT_GRANULARITY - null, AccessibilityAction: ACTION_PREVIOUS_AT_MOVEMENT_GRANULARITY - null, AccessibilityAction: ACTION_SET_SELECTION - null, AccessibilityAction: ACTION_SHOW_ON_SCREEN - null]]
02-23 11:35:35.262 16901 16923 D InteractionController: clickAndSync(146, 122)
02-23 11:35:35.264   733  6025 D InputDispatcher: Inject motion (16888): action=0x0, eventTime=115060724000000, displayId=0
02-23 11:35:35.265   733  1450 I InputDispatcher: Delivering touch to (1636): action: 0x4, toolType: 1
02-23 11:35:35.265   733  1450 I InputDispatcher: Delivering touch to (10326): action: 0x0, toolType: 1
02-23 11:35:35.265 10326 10326 D ViewRootImpl@42a22a0[Settings]: ViewPostImeInputStage processPointer 0
02-23 11:35:35.372   733  2696 D InputDispatcher: Inject motion (16888): action=0x1, eventTime=115060830000000, displayId=0
02-23 11:35:35.373   733  1450 I InputDispatcher: Delivering touch to (10326): action: 0x1, toolType: 1
02-23 11:35:35.374 10326 10326 D ViewRootImpl@42a22a0[Settings]: ViewPostImeInputStage processPointer 1
02-23 11:35:35.413 17034 17045 D BadgeProvider: query, [selection] : package=? AND class=?
02-23 11:35:35.418 10326 10326 I Settings_Utils: getFotaBadgeCount badgeCount : 0
02-23 11:35:36.237 10326 16973 D Index   : Indexing locale 'en_GB' took 5496 millis
02-23 11:35:36.237 10326 16973 D SecMenutree: writeLogFile()
02-23 11:35:36.250 10326 17070 D Settings_Utils: isSupportMptcp: false
02-23 11:35:36.250 10326 17070 D Settings_Utils: isSupportTwoPhoneService: false
02-23 11:35:36.254 10326 17070 V NFC     : this device does not have NFC support
02-23 11:35:36.260   733  1928 D Tethering: tetherableWifiRegexs
02-23 11:35:36.260   733  1928 D Tethering: showLog() wlan0
02-23 11:35:36.260   733  1928 D Tethering: NAP Supported by CSCFeature and not Wifi Model
02-23 11:35:36.260   733  1928 D Tethering: mTetherableWifiRegexs
02-23 11:35:36.260   733  1928 D Tethering: showLog() wlan0
02-23 11:35:36.262   733  1928 E Tethering: No numeric data
02-23 11:35:36.264   733  2203 D Tethering: tetherableWifiRegexs
02-23 11:35:36.265   733  2203 D Tethering: showLog() wlan0
02-23 11:35:36.265   733  2203 D Tethering: NAP Supported by CSCFeature and not Wifi Model
02-23 11:35:36.265   733  2203 D Tethering: mTetherableWifiRegexs
02-23 11:35:36.265   733  2203 D Tethering: showLog() wlan0
02-23 11:35:36.268   733  2203 E Tethering: No numeric data
02-23 11:35:36.270   733  1519 D Tethering: tetherableWifiRegexs
02-23 11:35:36.270   733  1519 D Tethering: showLog() wlan0
02-23 11:35:36.270   733  1519 D Tethering: NAP Supported by CSCFeature and not Wifi Model
02-23 11:35:36.270   733  1519 D Tethering: mTetherableWifiRegexs
02-23 11:35:36.270   733  1519 D Tethering: showLog() wlan0
02-23 11:35:36.272   733  1519 E Tethering: No numeric data
02-23 11:35:36.274   733  1519 D Tethering: mTetherableBluetoothRegexs : 1
02-23 11:35:36.279 10326 17070 D Settings_Utils: isSupportBoostMode: false
02-23 11:35:36.279 10326 17070 D Settings_Utils: isGameModeEnabled: false
02-23 11:35:36.279 10326 17070 D Settings_Utils: easy mode is not displayed.(false,false,false,false)
02-23 11:35:36.316 10326 17071 I TileUtils: getTilesForIntent results count : 41
02-23 11:35:36.320 10326 17071 I TileUtils: getTilesForIntent results count : 0
02-23 11:35:36.323 10326 17071 I TileUtils: getTilesForIntent results count : 5
02-23 11:35:36.325 10326 17071 I TileUtils: getTilesForIntent results count : 1
02-23 11:35:36.347 10326 16973 W SuggestionParser: readSuggestions category : com.android.settings.suggested.category.DOCOMO
02-23 11:35:36.350 10326 16973 I TileUtils: getTilesForIntent results count : 0
02-23 11:35:36.350 10326 16973 W SuggestionParser: suggestions.size : 0
02-23 11:35:36.350 10326 16973 W SuggestionParser: readSuggestions category : com.android.settings.suggested.category.SEC_NEW_UPDATE
02-23 11:35:36.354 10326 16973 I TileUtils: getTilesForIntent results count : 2
02-23 11:35:36.354 10326 16973 W SuggestionParser: suggestions.size : 2
02-23 11:35:36.354 10326 16973 W SuggestionParser: readSuggestions category : com.android.settings.suggested.category.SEC_SETTINGS_ONLY
02-23 11:35:36.358 10326 16973 I TileUtils: getTilesForIntent results count : 3
02-23 11:35:36.358 10326 16973 W SuggestionParser: suggestions.size : 3
02-23 11:35:36.359 10326 16973 D DashboardSummary: suggestions.size() : 3
02-23 11:35:36.359 10326 16973 D DashboardSummary: suggestions.get(i).size() : 0
02-23 11:35:36.359 10326 16973 D DashboardSummary: suggestions.get(i).size() : 2
02-23 11:35:36.364 17034 17046 D BadgeProvider: query, [selection] : package=? AND class=?
02-23 11:35:36.369 10326 16973 D com.android.settings.dashboard.SuggestionsChecks: hadBadgeCount : com.wssyncmldm, count : 0
02-23 11:35:36.369 10326 16973 D DashboardSummary: isSuggestionComplete : Software update
02-23 11:35:36.372 17034 17046 D BadgeProvider: query, [selection] : package=? AND class=?
02-23 11:35:36.377 10326 16973 D com.android.settings.dashboard.SuggestionsChecks: hadBadgeCount : com.sec.android.inputmethod, count : 0
02-23 11:35:36.377 10326 16973 D DashboardSummary: isSuggestionComplete : Samsung Keyboard
02-23 11:35:36.377 10326 16973 D DashboardSummary: suggestions.get(i).size() : 3
02-23 11:35:36.381 17034 17046 D BadgeProvider: query, [selection] : package=? AND class=?
02-23 11:35:36.386 10326 16973 D com.android.settings.dashboard.SuggestionsChecks: hadBadgeCount : com.samsung.android.lool, count : 0
02-23 11:35:36.387 10326 16973 D DashboardSummary: isSuggestionComplete : Device maintenance
02-23 11:35:36.387 17034 17046 D BadgeProvider: query, [selection] : package=? AND class=?
02-23 11:35:36.390 17034 17073 D BadgeProvider: query, [selection] : package=? AND class=?
02-23 11:35:36.391 10326 10326 I Settings_Utils: getSmartManagerBadgeCount badgeCount : 0
02-23 11:35:36.399 10326 16973 D com.android.settings.dashboard.SuggestionsChecks: hadBadgeCount : com.samsung.android.lool, count : 0
02-23 11:35:36.399 10326 16973 D DashboardSummary: isSuggestionComplete : Extend your battery life
02-23 11:35:36.402 17034 17046 D BadgeProvider: query, [selection] : package=? AND class=?
02-23 11:35:36.410 10326 16973 D com.android.settings.dashboard.SuggestionsChecks: hadBadgeCount : com.samsung.android.lool, count : 0
02-23 11:35:36.410 10326 16973 D DashboardSummary: isSuggestionComplete : Device security
02-23 11:35:36.417 17034 17073 D BadgeProvider: query, [selection] : package=? AND class=?
02-23 11:35:36.421 10326 10326 I Settings_Utils: getSmartManagerBadgeCount badgeCount : 0
02-23 11:35:36.436 10326 10326 D DashboardAdapter: hasSettingsSuggestion() : 0
02-23 11:35:36.436 10326 10326 D DashboardAdapter: hasSettingsSuggestion() : 0
02-23 11:35:36.436 10326 10326 D DashboardAdapter: hasSettingsSuggestion() : 0
02-23 11:35:36.472 17034 17073 D BadgeProvider: query, [selection] : package=? AND class=?
02-23 11:35:36.476 10326 10326 I Settings_Utils: getSmartManagerBadgeCount badgeCount : 0
02-23 11:35:36.612 16901 16923 I QueryController: Matched selector: UiSelector[TEXT=Bluetooth, CLASS=android.widget.TextView] <<==>> [android.view.accessibility.AccessibilityNodeInfo@800770de; boundsInParent: Rect(0, 0 - 109, 30); boundsInScreen: Rect(365, 195 - 474, 225); packageName: com.android.settings; className: android.widget.TextView; text: Bluetooth; error: null; maxTextLength: -1; contentDescription: null; viewIdResName: android:id/title; checkable: false; checked: false; focusable: false; focused: false; selected: false; clickable: false; longClickable: false; contextClickable: false; enabled: true; password: false; scrollable: false; actions: [AccessibilityAction: ACTION_SELECT - null, AccessibilityAction: ACTION_CLEAR_SELECTION - null, AccessibilityAction: ACTION_ACCESSIBILITY_FOCUS - null, AccessibilityAction: ACTION_NEXT_AT_MOVEMENT_GRANULARITY - null, AccessibilityAction: ACTION_PREVIOUS_AT_MOVEMENT_GRANULARITY - null, AccessibilityAction: ACTION_SET_SELECTION - null, AccessibilityAction: ACTION_SHOW_ON_SCREEN - null]]
02-23 11:35:36.620 16901 16923 D InteractionController: clickAndSync(419, 210)
02-23 11:35:36.621   733  2202 D InputDispatcher: Inject motion (16888): action=0x0, eventTime=115062081000000, displayId=0
02-23 11:35:36.621   733  1450 I InputDispatcher: Delivering touch to (1636): action: 0x4, toolType: 1
02-23 11:35:36.621   733  1450 I InputDispatcher: Delivering touch to (10326): action: 0x0, toolType: 1
02-23 11:35:36.621 10326 10326 D ViewRootImpl@42a22a0[Settings]: ViewPostImeInputStage processPointer 0
02-23 11:35:36.725   733  2628 D InputDispatcher: Inject motion (16888): action=0x1, eventTime=115062185000000, displayId=0
02-23 11:35:36.725   733  1450 I InputDispatcher: Delivering touch to (10326): action: 0x1, toolType: 1
02-23 11:35:36.734 10326 10326 D ViewRootImpl@42a22a0[Settings]: ViewPostImeInputStage processPointer 1
02-23 11:35:36.737 10326 10326 D AbsListView: onTouchUp() mTouchMode : 2
02-23 11:35:36.738 10326 10326 D WifiCalling: isEnabledWifiCallingActivity: false
02-23 11:35:36.739 10326 10326 D DeviceListPreferenceFragment: setFilter :: filterType = 0
02-23 11:35:36.749 10326 10326 W BluetoothSettings: onAttach, mIsBtScanDialog : false
02-23 11:35:36.749 10326 10326 W BluetoothSettings: onCreate
02-23 11:35:36.753 10326 10326 D DeviceListPreferenceFragment: onCreate
02-23 11:35:36.797   733  2434 D SecContentProvider2: query(), uri = 20 selection = isWifiStateChangeAllowed
02-23 11:35:36.802   733  2630 D SecContentProvider: query(), uri = 18 selection = isWifiEnabled
02-23 11:35:36.805 10326 10326 D BluetoothEnabler: pause :: unregister BroadcastReceiver
02-23 11:35:36.807   733  2628 D SecContentProvider: query(), uri = 3 selection = isBluetoothEnabled
02-23 11:35:36.840 10326 10326 E SemExpandableListView: setDivider() height=1
02-23 11:35:36.847 10326 10326 D BluetoothExpListAdapter: setDiscoveryHelpMsgPreference ::
02-23 11:35:36.847 10326 10326 D BluetoothSettings: onActivityCreated :: mInitiateScan : true
02-23 11:35:36.855 10326 10326 D LocalBluetoothManager: setting foreground activity to non-null context
02-23 11:35:36.855 10326 10326 D LocalBluetoothManager: setForegroundActivity :: mForegroundCount = 1
02-23 11:35:36.860   733  1519 D SecContentProvider: query(), uri = 3 selection = isBluetoothEnabled
02-23 11:35:36.863 10326 10326 D BluetoothEnabler: handleStateChanged:: state : 10
02-23 11:35:36.868 10326 10326 D SamsungAnalytics: [QueueManager] queue size over. remove oldest log
02-23 11:35:36.868 10326 10326 D SamsungAnalytics: [DLCBinder] already send register request
02-23 11:35:36.868 10326 10326 D SamsungAnalytics: [QueueManager] queue size over. remove oldest log
02-23 11:35:36.868 10326 10326 D SamsungAnalytics: [DLCBinder] already send register request
02-23 11:35:36.877   733  2434 D SecContentProvider: query(), uri = 3 selection = isDiscoverableEnabled
02-23 11:35:36.878 10326 10326 D BluetoothSettings: isDiscoverableEnabled = true mPolicyEnabled = false
02-23 11:35:36.879 10326 10326 W BluetoothSettings: updateContent : 10, startScan = true
02-23 11:35:36.881 10326 10326 E BluetoothSettings: showing help dialog in tablet failed
02-23 11:35:36.881 10326 10326 D BluetoothSALogger: insertSALog :: screenId = BT_100
02-23 11:35:36.882 10326 10326 D SamsungAnalytics: [QueueManager] queue size over. remove oldest log
02-23 11:35:36.882 10326 10326 D SamsungAnalytics: [DLCBinder] already send register request
02-23 11:35:36.882 10326 10326 D BluetoothSettings: onChildViewAdded() :: child - android.widget.ImageButton{fe42d9b VFED..C.. ......ID 0,0-63,63}
02-23 11:35:36.893 10326 10326 D ViewRootImpl@42a22a0[Settings]: Relayout returned: oldFrame=[0,0][768,1024] newFrame=[0,0][768,1024] result=0x1 surface={isValid=true -2075930624} surfaceGenerationChanged=false
02-23 11:35:36.902 12116 12211 I System.out: (HTTPLog)-Static: isSBSettingEnabled false
02-23 11:35:36.903 12116 12211 I System.out: (HTTPLog)-Static: isSBSettingEnabled false
02-23 11:35:36.905   431  1419 D EnterpriseController: netId is 0
02-23 11:35:36.905   431  1419 D DnsProxyListener: DNSDBG::dns addrinfo af 0
02-23 11:35:37.931  1636  1897 D NetworkController.MobileSignalController(0/-2): onSignalStrengthsChanged signalStrength=SignalStrength: 28 99 -120 -160 -120 -1 -1 99 2147483647 2147483647 2147483647 2147483647 2147483647 0x4 gsm|lte level=4
02-23 11:35:37.931  1636  1897 D NetworkController.MobileSignalController(0/-2): getMobileIconGroup(): 0
02-23 11:35:40.169 12116 12207 I System.out: (HTTPLog)-Static: isSBSettingEnabled false
02-23 11:35:40.170 12116 12207 I System.out: (HTTPLog)-Static: isSBSettingEnabled false
02-23 11:35:40.171   431  1419 D EnterpriseController: netId is 0
02-23 11:35:40.172   431  1419 D DnsProxyListener: DNSDBG::dns addrinfo af 0
02-23 11:35:41.769 16901 16923 I QueryController: Matched selector: UiSelector[RESOURCE_ID=com.android.settings:id/switch_text] <<==>> [android.view.accessibility.AccessibilityNodeInfo@8002ecaa; boundsInParent: Rect(0, 0 - 328, 30); boundsInScreen: Rect(365, 106 - 693, 136); packageName: com.android.settings; className: android.widget.TextView; text: OFF; error: null; maxTextLength: -1; contentDescription: null; viewIdResName: com.android.settings:id/switch_text; checkable: false; checked: false; focusable: false; focused: false; selected: false; clickable: false; longClickable: false; contextClickable: false; enabled: true; password: false; scrollable: false; actions: [AccessibilityAction: ACTION_SELECT - null, AccessibilityAction: ACTION_CLEAR_SELECTION - null, AccessibilityAction: ACTION_ACCESSIBILITY_FOCUS - null, AccessibilityAction: ACTION_NEXT_AT_MOVEMENT_GRANULARITY - null, AccessibilityAction: ACTION_PREVIOUS_AT_MOVEMENT_GRANULARITY - null, AccessibilityAction: ACTION_SET_SELECTION - null, AccessibilityAction: ACTION_SHOW_ON_SCREEN - null]]
02-23 11:35:41.770 16901 16923 D UiObject: getText() = OFF
02-23 11:35:44.553 10134 10187 I ReschedulableTimer: [#CMH#] ReschedulableTimer started
02-23 11:35:46.795 16901 16923 I QueryController: Matched selector: UiSelector[TEXT=OFF, RESOURCE_ID=com.android.settings:id/switch_widget] <<==>> [android.view.accessibility.AccessibilityNodeInfo@8002f7ed; boundsInParent: Rect(0, 0 - 48, 46); boundsInScreen: Rect(693, 98 - 741, 144); packageName: com.android.settings; className: android.widget.Switch; text: OFF; error: null; maxTextLength: -1; contentDescription: null; viewIdResName: com.android.settings:id/switch_widget; checkable: true; checked: false; focusable: true; focused: false; selected: false; clickable: true; longClickable: false; contextClickable: false; enabled: true; password: false; scrollable: false; actions: [AccessibilityAction: ACTION_FOCUS - null, AccessibilityAction: ACTION_SELECT - null, AccessibilityAction: ACTION_CLEAR_SELECTION - null, AccessibilityAction: ACTION_CLICK - null, AccessibilityAction: ACTION_ACCESSIBILITY_FOCUS - null, AccessibilityAction: ACTION_SHOW_ON_SCREEN - null]]
02-23 11:35:46.800 16901 16923 D InteractionController: clickAndSync(717, 121)
02-23 11:35:46.801   733  2698 D InputDispatcher: Inject motion (16888): action=0x0, eventTime=115072261000000, displayId=0
02-23 11:35:46.802   733  1450 I InputDispatcher: Delivering touch to (1636): action: 0x4, toolType: 1
02-23 11:35:46.802   733  1450 I InputDispatcher: Delivering touch to (10326): action: 0x0, toolType: 1
02-23 11:35:46.803 10326 10326 D ViewRootImpl@42a22a0[Settings]: ViewPostImeInputStage processPointer 0
02-23 11:35:46.910   733  2699 D InputDispatcher: Inject motion (16888): action=0x1, eventTime=115072370000000, displayId=0
02-23 11:35:46.911   733  1450 I InputDispatcher: Delivering touch to (10326): action: 0x1, toolType: 1
02-23 11:35:46.919 10326 10326 D ViewRootImpl@42a22a0[Settings]: ViewPostImeInputStage processPointer 1
02-23 11:35:46.929 10326 10326 D BluetoothEnabler: onSwitchChanged()
02-23 11:35:46.930 10326 10326 D BluetoothEnabler: onSwitchChanged :: isChecked = true, mIsUserInteraction = true, mPolicyEnabled = true
02-23 11:35:46.937 10326 10326 D SamsungAnalytics: [QueueManager] queue size over. remove oldest log
02-23 11:35:46.937 10326 10326 D SamsungAnalytics: [DLCBinder] already send register request
02-23 11:35:46.939   733  2202 D SecContentProvider: insert(), uri = 2
02-23 11:35:47.337 10326 10326 D BluetoothAdapter: enable()
02-23 11:35:47.350  1618  1632 D BluetoothAdapterService: updateEvent call by com.android.settings, isEnable : true
02-23 11:35:47.351  1618  1632 D AdapterProvider: query
02-23 11:35:47.376  1618  1632 D AdapterProvider: Created cursor android.database.sqlite.SQLiteCursor@40c1bec
02-23 11:35:47.378  1618  1632 D BluetoothAdapterService: updateEvent - already set, update
02-23 11:35:47.379  1618  1632 W BluetoothAdapterService: updateEvent - alreadySet is true
02-23 11:35:47.379  1618  1632 D AdapterProvider: update
02-23 11:35:47.388  1618  1632 E BluetoothAdapterService: updateEvent - update success 1
02-23 11:35:47.401   733  6023 D SecContentProvider: query(), uri = 3 selection = isBluetoothEnabled
02-23 11:35:47.406  1618 30962 E BluetoothBondStateMachine: initStateMachine
02-23 11:35:47.406  1618  1704 D BluetoothAdapterState: Current state: BLE ON, message: USER_TURN_ON
02-23 11:35:47.409  1618  1704 I BluetoothAdapterState: Bluetooth adapter state changed: 15-> 11
02-23 11:35:47.409  1618  1704 D BluetoothAdapterService: Bluetooth PBAP supported is true
02-23 11:35:47.410  1618  1704 D BluetoothAdapterService: Autoconnection is available
02-23 11:35:47.410  1618  1704 D BluetoothAdapterService: updateAdapterState prevState = 15newState = 11
02-23 11:35:47.410  1618  1704 W BluetoothAdapterService: processStart(): removed Client profile: com.android.bluetooth.hfpclient.HeadsetClientService
02-23 11:35:47.410  1618  1704 W BluetoothAdapterService: processStart(): removed Client profile: com.android.bluetooth.a2dpsink.A2dpSinkService
02-23 11:35:47.411  1618  1704 D BtSettings.ProfileConfig: getProfileSaveSetting: com.android.bluetooth.hfp.HeadsetService
02-23 11:35:47.411  1618  1618 D DOWNLOADABLE_DB: onReceive of BR
02-23 11:35:47.411  1618  1618 D DOWNLOADABLE_DB: com.samsung.bluetooth.adapter.action.BLE_STATE_CHANGED
02-23 11:35:47.412  1618  1618 D BluetoothAdapterService: getAdapterService() - returning com.android.bluetooth.btservice.AdapterService@17f43e6
02-23 11:35:47.412  1618  1618 D BluetoothAdapterService: getAdapterService() - returning com.android.bluetooth.btservice.AdapterService@17f43e6
02-23 11:35:47.412  4234  4234 I [+5]oneconnect[1.7.65.43_01][CORE]: GattActionManagerImpl.onReceive - action: com.samsung.bluetooth.adapter.action.BLE_STATE_CHANGED
02-23 11:35:47.413  4573  4573 D BeaconManager[7.1.17.0]: BleScanHelper.onReceive - action:com.samsung.bluetooth.adapter.action.BLE_STATE_CHANGED, state:11
02-23 11:35:47.421 10326 10326 D BluetoothStatusReceiver: Received :: com.samsung.bluetooth.adapter.action.BLE_STATE_CHANGED
02-23 11:35:47.424  1618  1618 D BluetoothAdapterService: getAdapterService() - returning com.android.bluetooth.btservice.AdapterService@17f43e6
02-23 11:35:47.424  1618  1618 D HeadsetService: Received start request. Starting profile...
02-23 11:35:47.425  1618  1704 D BtSettings.ProfileConfig: getProfileSaveSetting: com.android.bluetooth.a2dp.A2dpService
02-23 11:35:47.425   733   733 I InputMethodManagerService: [BT Setting State] state = 11 prevState = 10
02-23 11:35:47.425   733   733 I InputMethodManagerService: [BT] mBTKeyboardCount =0, KEYBOARD_BT(0)
02-23 11:35:47.427  1636  1897 D BluetoothEventManager: onReceive :: getAction = android.bluetooth.adapter.action.STATE_CHANGED
02-23 11:35:47.427  1636  1897 D BluetoothEventManager: AdapterStateChangedHandler :: BluetoothAdapter.ACTION_STATE_CHANGED, state = 11
02-23 11:35:47.428  2274  2274 I SKBD    : wz SKBD mConnectedBTSetting onReceive()
02-23 11:35:47.428  2274  2274 I SKBD    : wu STATE_CHANGED = 11, KEYBOARD_BT = 0, mBTKeyboardCount = 0
02-23 11:35:47.428  4234  4234 I [+5]oneconnect[1.7.65.43_01][CORE]: BTStateChangeReceiver.onReceive - Action : android.bluetooth.adapter.action.STATE_CHANGED
02-23 11:35:47.429   733   733 D BluetoothPhoneService: Bluetooth Adapter state : 11
02-23 11:35:47.429   733   733 D KnoxKeyguardUpdateMonitor: BroadcastReceiver onReceive
02-23 11:35:47.429   733   733 D KnoxKeyguardUpdateMonitor: BroadcastReceiver onReceive action: android.bluetooth.adapter.action.STATE_CHANGED
02-23 11:35:47.429   733   733 D KnoxKeyguardUpdateMonitor: BroadcastReceiver onReceive BT state is changed
02-23 11:35:47.434  1618  1618 I HeadsetService: clearAllHeadsetSettings(0) - complete : 0
02-23 11:35:47.434  1618  1618 D HeadsetStateMachine: make
02-23 11:35:47.436  8871  8911 I NearbySharing: Bluetooth is disabled [CONTEXT service_id=194 ]
02-23 11:35:47.442 10326 10326 D BluetoothEventManager: onReceive :: getAction = android.bluetooth.adapter.action.STATE_CHANGED
02-23 11:35:47.443 10326 10326 D BluetoothEventManager: AdapterStateChangedHandler :: BluetoothAdapter.ACTION_STATE_CHANGED, state = 11
02-23 11:35:47.446  1618  1704 D BtSettings.ProfileConfig: getProfileSaveSetting: com.android.bluetooth.hid.HidService
02-23 11:35:47.448 10326 10326 W BluetoothSettings: updateContent : 11, startScan = true
02-23 11:35:47.451 10326 10326 I BluetoothEnabler: onBluetoothStateChanged bluetoothState =11
02-23 11:35:47.451 10326 10326 D BluetoothEnabler: handleStateChanged:: state : 11
02-23 11:35:47.453 10326 10326 D CachedBluetoothDevice:  Clearing all connection state for dev:Display name = DeviceName, Device Name = neerat
02-23 11:35:47.453 10326 10326 D CachedBluetoothDevice:  Clearing all connection state for dev:Display name = DeviceName, Device Name = Nexus 4
02-23 11:35:47.454  1636  1897 D CachedBluetoothDevice:  Clearing all connection state for dev:Display name = DeviceName, Device Name = neerat
02-23 11:35:47.455  1636  1897 D CachedBluetoothDevice:  Clearing all connection state for dev:Display name = DeviceName, Device Name = Nexus 4
02-23 11:35:47.465  1618  1618 E HeadsetStateMachine: # of Max HF connection is 3
02-23 11:35:47.465  1618  1704 D BtSettings.ProfileConfig: getProfileSaveSetting: com.android.bluetooth.hdp.HealthService
02-23 11:35:47.468  1618  1618 D BluetoothAtMessage: createCMTIContentObservers
02-23 11:35:47.468  1618  1618 I HeadsetConnectionManager: HeadsetConnectionManager already instantiated
02-23 11:35:47.468  1618  1618 I HeadsetAudioManager: HeadsetAudioManager already instantiated
02-23 11:35:47.471  1636  1918 V SystemUIAnalytics: SAPreference : 1106 / 1
02-23 11:35:47.473  8871  8911 I NearbySharing: Failed to stop scanning because weren't scanning. [CONTEXT service_id=194 ]
02-23 11:35:47.474  8871  8911 I NearbySharing: Stopping discovery because Bluetooth is disabled. [CONTEXT service_id=194 ]
02-23 11:35:47.474  8871  8911 I NearbySharing: Can't stop advertising FastInitiation. Not advertising. [CONTEXT service_id=194 ]
02-23 11:35:47.475  1618  1704 D BtSettings.ProfileConfig: getProfileSaveSetting: com.android.bluetooth.pan.PanService
02-23 11:35:47.478  8871  8911 I NearbySharing: Stopping Fast Init advertisement because Bluetooth is off. [CONTEXT service_id=194 ]
02-23 11:35:47.478  8871  8911 I NearbySharing: Stopping advertising because Bluetooth is disabled. [CONTEXT service_id=194 ]
02-23 11:35:47.482  8871  8911 I NearbySharing: Can't stop scanning for FastInitiation. Not scanning. [CONTEXT service_id=194 ]
02-23 11:35:47.482  8871  8911 I NearbySharing: Cancelling in use notification [CONTEXT service_id=194 ]
02-23 11:35:47.484  8871  8911 I NearbySharing: Fast Initiation Scanning has stopped [CONTEXT service_id=194 ]
02-23 11:35:47.485  8871  8911 I NearbySharing: Stopping FastInitiation scanning because location is disabled. [CONTEXT service_id=194 ]
02-23 11:35:47.485  8871  8911 I NearbySharing: Dismissing HUN as there's no device nearby. [CONTEXT service_id=194 ]
02-23 11:35:47.485  8871  8911 I NearbySharing: Cancelling in use notification [CONTEXT service_id=194 ]
02-23 11:35:47.489  1618  1704 D BtSettings.ProfileConfig: getProfileSaveSetting: com.android.bluetooth.map.BluetoothMapService
02-23 11:35:47.490  1618  1618 D HeadsetProvider: Created cursor android.database.sqlite.SQLiteCursor@98c1d8f
02-23 11:35:47.492  1618  1618 I HeadsetService: getHeadsetDB(true) - 7C:0B:C6:B4:F0:XX, 300, 1
02-23 11:35:47.495  1618  1618 I BluetoothUtils: isAutoAppInstalled : false
02-23 11:35:47.496  1618  1618 I HeadsetStateMachine: IBR : true (SysA : 1 / DB : 1)
02-23 11:35:47.497  1618  1704 D BtSettings.ProfileConfig: getProfileSaveSetting: com.android.bluetooth.sap.SapService
02-23 11:35:47.498  1618  1618 D BluetoothAdapterService: getAdapterService() - returning com.android.bluetooth.btservice.AdapterService@17f43e6
02-23 11:35:47.498  1618  1618 D HeadsetStateMachine: refreshNotAllowedVoiceRecognitionDeviceList()
02-23 11:35:47.500  1618  1618 D DOWNLOADABLE_DB: getNotAllowedVoiceRecognitionDeviceList
02-23 11:35:47.508  1618  1704 D BtSettings.ProfileConfig: getProfileSaveSetting: com.android.bluetooth.hfpclient.HeadsetClientService
02-23 11:35:47.510  1618  1704 W BluetoothAdapterService: setProfileServiceState() Profile supported, But not enabled com.android.bluetooth.hfpclient.HeadsetClientService
02-23 11:35:47.510  1618  1704 D BtSettings.ProfileConfig: getProfileSaveSetting: com.android.bluetooth.a2dpsink.A2dpSinkService
02-23 11:35:47.511  1618  1704 W BluetoothAdapterService: setProfileServiceState() Profile supported, But not enabled com.android.bluetooth.a2dpsink.A2dpSinkService
02-23 11:35:47.511  1618  1704 D BtSettings.ProfileConfig: getProfileSaveSetting: com.android.bluetooth.hid.HidDevService
02-23 11:35:47.512  1618 17112 D HeadsetStateMachine: Enter Disconnected: -2, size: 0/0
02-23 11:35:47.523  1618  1704 I BluetoothAdapterState: Entering PendingCommandState
02-23 11:35:47.529  1618  1618 D BluetoothAdapterService: getAdapterService() - returning com.android.bluetooth.btservice.AdapterService@17f43e6
02-23 11:35:47.529  1618 17112 I HeadsetStateMachine: Clear mHeadsetBrsf
02-23 11:35:47.529  1618  1618 E BluetoothAdapterService: onProfileServiceStateChanged() serviceName=com.android.bluetooth.hfp.HeadsetService, state=12, Message sending
02-23 11:35:47.529  1618  1618 D HeadsetService: notifyProfileServiceStateChanged
02-23 11:35:47.530  1618  1618 D BluetoothAdapterService: getAdapterService() - returning com.android.bluetooth.btservice.AdapterService@17f43e6
02-23 11:35:47.531  1618  1618 D A2dpService: Received start request. Starting profile...
02-23 11:35:47.539  1618  1618 I Avrcp   : No of Audio players :: 1
02-23 11:35:47.539  1618  1618 I Avrcp   : App Package name is SM
02-23 11:35:47.551  1618  1618 V Avrcp   : MediaPlayerInfo: mPlayerId=1
02-23 11:35:47.553  1618  1618 I Avrcp   : No of Video players :: 2
02-23 11:35:47.553  1618  1618 I Avrcp   : Video App Package name is VP
02-23 11:35:47.559  1618  1618 V Avrcp   : MediaPlayerInfo: mPlayerId=2
02-23 11:35:47.559  1618  1618 I Avrcp   : Video App Package name is others
